<html>
<body>
<pre>
<h1>µVision Build Log</h1>
<h2>Project:</h2>
C:\Keil\ValvanoWareTM4C123\Lab10\PWM.uvproj
Project File Date:  05/07/2015

<h2>Output:</h2>
Build target 'PWM'
compiling tach.c...
tach.c(53): warning:  #940-D: missing return statement at end of non-void function "Tach_GetSpeed"
  }
tach.c: 1 warning, 0 errors
linking...
Program Size: Code=1716 RO-data=32 RW-data=20 ZI-data=1124  
".\PWM.axf" - 0 Error(s), 1 Warning(s).
Error(s), 1 Warning(s).

".\PWM.axf" - 0 Error(s), 2 Warning(s).
ormation to list the image map.
Finished: 2 information, 0 warning and 1 error messages.
".\PWM.axf" - 1 Error(s), 0 Warning(s).
Target not created
