<html>
<body>
<pre>
<h1>µVision Build Log</h1>
<h2>Project:</h2>
C:\Keil\ValvanoWareTM4C123\Lab10\PWM.uvproj
Project File Date:  11/14/2016

<h2>Output:</h2>
Build target 'PWM'
compiling Motor.c...
linking...
Program Size: Code=6414 RO-data=2050 RW-data=128 ZI-data=1136  
".\PWM.axf" - 0 Error(s), 0 Warning(s).
</pre>
</body>
</html>
reTM4C123\\Lab10\\PWM.axf" 
Connecting: Mode=JTAG, Speed=1000000Hz
Erase Done.
Programming Done.
Verify OK.

Load "C:\\Keil\\ValvanoWareTM4C123\\Lab10\\PWM.axf" 
Connecting: Mode=JTAG, Speed=1000000Hz
Erase Done.
Programming Done.
Verify OK.
