<html>
<body>
<pre>
<h1>µVision Build Log</h1>
<h2>Project:</h2>
C:\Keil\ValvanoWareTM4C123\Lab5\MAX5353.uvproj
Project File Date:  10/04/2016

<h2>Output:</h2>
Build target 'MAX5353'
linking...
Program Size: Code=6152 RO-data=32 RW-data=2724 ZI-data=1252  
".\MAX5353.axf" - 0 Error(s), 0 Warning(s).
</pre>
</body>
</html>
 "C:\\Keil\\ValvanoWareTM4C123\\Lab5\\MAX5353.axf" 
Connecting: Mode=JTAG, Speed=1000000Hz
Erase Done.
Programming Done.
Verify OK.
rify OK.
ad failed  -  Target DLL has been cancelled
Load "C:\\Keil\\ValvanoWareTM4C123\\Lab5\\MAX5353.axf" 
Connecting: Mode=JTAG, Speed=1000000Hz
Erase Done.
Programming Done.
Verify OK.

ify OK.
ne.
Programming Done.
Verify OK.
y OK.
changeInstrumentPressed" (declared at line 16 of "switch.h")
  changeInstrumentPressed;
switch.c: 0 warnings, 3 errors
".\MAX5353.axf" - 4 Error(s), 1 Warning(s).
Target not created
  #20: identifier "G4" is undefined
    {B4, crotchet}, {C5, quaver}, {B4, crotchet}, {G4, minim+quaver}, 
Song.c(11): error:  #20: identifier "minim" is undefined
    {B4, crotchet}, {C5, quaver}, {B4, crotchet}, {G4, minim+quaver}, 
Song.c(12): error:  #20: identifier "E5" is undefined
    {A4, quaver}, {E5, quaver}, {D5, crotchet}, {C5, quaver},
Song.c(12): error:  #20: identifier "D5" is undefined
    {A4, quaver}, {E5, quaver}, {D5, crotchet}, {C5, quaver},
Song.c(17): error:  #20: identifier "F4" is undefined
    {A4, crotchet}, {F4, crotchet}, {A4, quaver},
Song.c(18): error:  #20: identifier "C4" is undefined
    {G4, crotchet}, {A4, quaver}, {G4, crotchet},       {C4, minim+crotchet},
Song.c(42): error:  #20: identifier "quarter" is undefined
    {C4, quarter}, {D4, quarter}, {E4, quarter}, 
Song.c(42): error:  #20: identifier "D4" is undefined
    {C4, quarter}, {D4, quarter}, {E4, quarter}, 
Song.c(42): error:  #20: identifier "E4" is undefined
    {C4, quarter}, {D4, quarter}, {E4, quarter}, 
Song.c(84): error:  #20: identifier "Ef3" is undefined
    {Ef3, eighth}, {Ef3, sixteenth}, {D3, eighth}, 
Song.c(84): error:  #20: identifier "eighth" is undefined
    {Ef3, eighth}, {Ef3, sixteenth}, {D3, eighth}, 
Song.c(84): error:  #20: identifier "sixteenth" is undefined
    {Ef3, eighth}, {Ef3, sixteenth}, {D3, eighth}, 
Song.c(84): error:  #20: identifier "D3" is undefined
    {Ef3, eighth}, {Ef3, sixteenth}, {D3, eighth}, 
Song.c(91): error:  #20: identifier "F3" is undefined
    {D3, eighth}, {F3, eighth}, {F3, sixteenth},
Song.c(92): error:  #20: identifier "B3" is undefined
    {Ef3, eighth}, {D3, eighth}, {B3, eighth},
Song.c(104): error:  #20: identifier "Ef4" is undefined
    {C4, quarter+eighth+quarter}, {D4, eighth}, {Ef4, sixteenth}, {F4, eighth+sixteenth},
Song.c(107): error:  #20: identifier "Bf3" is undefined
    {Bf3, quarter}, {Af3, eighth}, {G4, sixteenth}, {Af3, eighth+sixteenth},
Song.c(107): error:  #20: identifier "Af3" is undefined
    {Bf3, quarter}, {Af3, eighth}, {G4, sixteenth}, {Af3, eighth+sixteenth},
Song.c(112): error:  #20: identifier "Af5" is undefined
    {Af5, quarter}, {Bf5, eighth+sixteenth}, {G4, sixteenth},
Song.c(112): error:  #20: identifier "Bf5" is undefined
    {Af5, quarter}, {Bf5, eighth+sixteenth}, {G4, sixteenth},
Song.c(121): error:  #20: identifier "Ef5" is undefined
    {Ef5, eighth+sixteenth}, 
Song.c(123): error:  #20: identifier "G5" is undefined
    {G5, quarter}, {F5, quarter}, {D5, quarter}, {Bf5, quarter},
Song.c(123): error:  #20: identifier "F5" is undefined
    {G5, quarter}, {F5, quarter}, {D5, quarter}, {Bf5, quarter},
Song.c(131): error:  #20: identifier "whole" is undefined
    {G5, whole+whole}, 
Song.c: 0 warnings, 30 errors
".\MAX5353.axf" - 30 Error(s), 0 Warning(s).
Target not created
