<html>
<body>
<pre>
<h1>µVision Build Log</h1>
<h2>Project:</h2>
C:\Keil\ValvanoWareTM4C123\Lab8\getWeather.uvproj
Project File Date:  10/31/2016

<h2>Output:</h2>
Build target 'getWeather'
linking...
Program Size: Code=3740 RO-data=620 RW-data=40 ZI-data=17536  
After Build - User command #1: fromelf --bin --output .\rvmdk\cc31000_starter.bin .\rvmdk\cc31000_starter.axf
".\rvmdk\getWeather.axf" - 0 Error(s), 0 Warning(s).
</pre>
</body>
</html>
d "C:\\Keil\\ValvanoWareTM4C123\\Lab8\\rvmdk\\getWeather.axf" 
Connecting: Mode=JTAG, Speed=1000000Hz
Erase Done.
Programming Done.
Verify OK.
, 1 Warning(s).
Target not created
ling SysTick.c...
compiling PLL.c...
compiling switch.c...
".\rvmdk\getWeather.axf" - 1 Error(s), 0 Warning(s).
Target not created
rvmdk\getWeather.axf" - 0 Error(s), 0 Warning(s).
