<html>
<body>
<pre>
<h1>µVision Build Log</h1>
<h2>Project:</h2>
C:\Keil\ValvanoWareTM4C123\Lab8\getWeather.uvproj
Project File Date:  11/01/2016

<h2>Output:</h2>
Build target 'getWeather'
compiling PWM.c...
linking...
Program Size: Code=7984 RO-data=2640 RW-data=132 ZI-data=17564  
After Build - User command #1: fromelf --bin --output .\rvmdk\cc31000_starter.bin .\rvmdk\cc31000_starter.axf
".\rvmdk\getWeather.axf" - 0 Error(s), 0 Warning(s).
Load "C:\\Keil\\ValvanoWareTM4C123\\Lab8\\rvmdk\\getWeather.axf" 
Connecting: Mode=JTAG, Speed=1000000Hz
Erase Done.
Programming Done.
Verify OK.
</pre>
</body>
</html>
PWM1A_Duty (referred from motor.o).
.\rvmdk\getWeather.axf: Error: L6218E: Undefined symbol PWM1A_Init (referred from motor.o).
.\rvmdk\getWeather.axf: Error: L6218E: Undefined symbol PWM1B_Duty (referred from motor.o).
.\rvmdk\getWeather.axf: Error: L6218E: Undefined symbol PWM1B_Init (referred from motor.o).
Not enough information to list image symbols.
Finished: 1 information, 0 warning and 8 error messages.
".\rvmdk\getWeather.axf" - 8 Error(s), 0 Warning(s).
Target not created
