<html>
<body>
<pre>
<h1>µVision Build Log</h1>
<h2>Project:</h2>
C:\Keil\ValvanoWareTM4C123\Lab8\getWeather.uvproj
Project File Date:  10/31/2016

<h2>Output:</h2>
Rebuild target 'getWeather'
compiling main.c...
compiling board.c...
compiling Nokia5110.c...
compiling LED.c...
compiling spi.c...
assembling startup_rvmdk.S...
compiling uart.c...
compiling uartstdio.c...
compiling ustdlib.c...
compiling ST7735.c...
compiling ADCSWTrigger.c...
compiling Timers.c...
compiling i2c.c...
compiling motor.c...
compiling MPU6050.c...
compiling SysTick.c...
compiling PLL.c...
linking...
Program Size: Code=3552 RO-data=620 RW-data=40 ZI-data=17536  
After Build - User command #1: fromelf --bin --output .\rvmdk\cc31000_starter.bin .\rvmdk\cc31000_starter.axf
".\rvmdk\getWeather.axf" - 0 Error(s), 0 Warning(s).
</pre>
</body>
</html>
