<html>
<body>
<pre>
<h1>µVision Build Log</h1>
<h2>Project:</h2>
C:\Keil\ValvanoWareTM4C123\Lab8\getWeather.uvproj
Project File Date:  11/01/2016

<h2>Output:</h2>
Build target 'getWeather'
compiling motor.c...
linking...
Program Size: Code=4952 RO-data=692 RW-data=60 ZI-data=17564  
After Build - User command #1: fromelf --bin --output .\rvmdk\cc31000_starter.bin .\rvmdk\cc31000_starter.axf
".\rvmdk\getWeather.axf" - 0 Error(s), 0 Warning(s).
Load "C:\\Keil\\ValvanoWareTM4C123\\Lab8\\rvmdk\\getWeather.axf" 
Connecting: Mode=JTAG, Speed=1000000Hz
Erase Done.
Programming Done.
Verify OK.
 Done.
Verify OK.
.
linking...
Program Size: Code=4948 RO-data=692 RW-data=60 ZI-data=17564  
After Build - User command #1: fromelf --bin --output .\rvmdk\cc31000_starter.bin .\rvmdk\cc31000_starter.axf
".\rvmdk\getWeather.axf" - 0 Error(s), 0 Warning(s).
Load "C:\\Keil\\ValvanoWareTM4C123\\Lab8\\rvmdk\\getWeather.axf" 
Connecting: Mode=JTAG, Speed=1000000Hz
Erase Done.
Programming Done.
Verify OK.
 identifier "left_state" is undefined
              return left_state;
motorLib\motor.c(53): error:  #20: identifier "right_state" is undefined
              return right_state;
motorLib\motor.c(62): error:  #20: identifier "left_state" is undefined
              left_state.direction = d;
motorLib\motor.c(65): error:  #20: identifier "right_state" is undefined
              right_state.direction = d;
motorLib\motor.c(81): error:  #20: identifier "left_state" is undefined
      switch (left_state.direction) {
motorLib\motor.c(104): error:  #20: identifier "right_state" is undefined
      switch (right_state.direction) {
motorLib\motor.c(109): warning:  #223-D: function "PWM1A_Duty" declared implicitly
                                                PWM1A_Duty(0);
motorLib\motor.c(110): warning:  #223-D: function "PWM1B_Duty" declared implicitly
                                                PWM1B_Duty(0);
motorLib\motor.c: 4 warnings, 9 errors
".\rvmdk\getWeather.axf" - 10 Error(s), 4 Warning(s).
Target not created
