<html>
<body>
<pre>
<h1>µVision Build Log</h1>
<h2>Project:</h2>
C:\Keil\ValvanoWareTM4C123\Lab8\getWeather.uvproj
Project File Date:  11/01/2016

<h2>Output:</h2>
Build target 'getWeather'
linking...
Program Size: Code=8992 RO-data=2640 RW-data=112 ZI-data=17560  
After Build - User command #1: fromelf --bin --output .\rvmdk\cc31000_starter.bin .\rvmdk\cc31000_starter.axf
".\rvmdk\getWeather.axf" - 0 Error(s), 0 Warning(s).
Load "C:\\Keil\\ValvanoWareTM4C123\\Lab8\\rvmdk\\getWeather.axf" 
Connecting: Mode=JTAG, Speed=1000000Hz
Erase Done.
Programming Done.
Verify OK.
</pre>
</body>
</html>
