<html>
<body>
<pre>
<h1>µVision Build Log</h1>
<h2>Project:</h2>
C:\Keil\ValvanoWareTM4C123\Lab9\ADCPrintResults.uvproj
Project File Date:  05/02/2015

<h2>Output:</h2>
Build target 'ADCPrintResults'
linking...
Program Size: Code=2388 RO-data=32 RW-data=12 ZI-data=1524  
".\ADCPrintResults.axf" - 0 Error(s), 0 Warning(s).
 Timers.c...
compiling ADCT0ATrigger.c...
linking...
Program Size: Code=2388 RO-data=32 RW-data=12 ZI-data=1524  
".\ADCPrintResults.axf" - 0 Error(s), 0 Warning(s).

".\ADCPrintResults.axf" - 1 Error(s), 0 Warning(s).
Target not created
