<html>
<body>
<pre>
<h1>µVision Build Log</h1>
<h2>Project:</h2>
C:\Keil\ValvanoWareTM4C123\Lab9\ADCPrintResults.uvproj
Project File Date:  05/02/2015

<h2>Output:</h2>
Build target 'ADCPrintResults'
compiling main.c...
linking...
Program Size: Code=2360 RO-data=32 RW-data=8 ZI-data=1520  
".\ADCPrintResults.axf" - 0 Error(s), 0 Warning(s).
g...
Program Size: Code=2360 RO-data=32 RW-data=8 ZI-data=1520  
".\ADCPrintResults.axf" - 0 Error(s), 0 Warning(s).
" - 1 Error(s), 1 Warning(s).
Target not created
