<html>
<body>
<pre>
<h1>µVision Build Log</h1>
<h2>Project:</h2>
C:\Keil\ValvanoWareTM4C123\Lab8\LCD.uvproj
Project File Date:  05/03/2015

<h2>Output:</h2>
Build target 'LCD'
compiling motor.c...
linking...
Program Size: Code=1452 RO-data=32 RW-data=4 ZI-data=1124  
".\LCD.axf" - 0 Error(s), 0 Warning(s).
Load "C:\\Keil\\ValvanoWareTM4C123\\Lab8\\LCD.axf" 
Connecting: Mode=JTAG, Speed=1000000Hz
Erase Done.
Programming Done.
Verify OK.
</pre>
</body>
</html>
WareTM4C123\\Lab8\\LCD.axf" 
Connecting: Mode=JTAG, Speed=1000000Hz
Erase Done.
Programming Done.
Verify OK.
