<html>
<body>
<pre>
<h1>µVision Build Log</h1>
<h2>Project:</h2>
C:\Keil\ValvanoWareTM4C123\Lab2\ADCSWTrigger.uvproj
Project File Date:  08/30/2016

<h2>Output:</h2>
Rebuild target 'ADCSWTrigger'
assembling startup.s...
compiling ADCSWTrigger.c...
compiling ADCTestMain.c...
compiling PLL.c...
compiling ST7735.c...
compiling Timer1.c...
linking...
Program Size: Code=3200 RO-data=2084 RW-data=60 ZI-data=9124  
".\ADCSWTrigger.axf" - 0 Error(s), 0 Warning(s).
eferenced
        uint32_t min = (uint32_t)-1; // max uint32_t value
ADCTestMain.c: 2 warnings, 0 errors
compiling PLL.c...
compiling ST7735.c...
compiling Timer1.c...
linking...
Program Size: Code=3028 RO-data=2084 RW-data=60 ZI-data=9124  
".\ADCSWTrigger.axf" - 0 Error(s), 2 Warning(s).
2084 RW-data=60 ZI-data=9124  
".\ADCSWTrigger.axf" - 0 Error(s), 3 Warning(s).
