<html>
<body>
<pre>
<h1>µVision Build Log</h1>
<h2>Project:</h2>
C:\Keil\ValvanoWareTM4C123\Lab2\ADCSWTrigger.uvproj
Project File Date:  09/08/2016

<h2>Output:</h2>
Build target 'ADCSWTrigger'
compiling ADCTestMain.c...
compiling histogram.c...
linking...
Program Size: Code=5408 RO-data=2052 RW-data=76 ZI-data=25500  
".\ADCSWTrigger.axf" - 0 Error(s), 0 Warning(s).
Load "C:\\Keil\\ValvanoWareTM4C123\\Lab2\\ADCSWTrigger.axf" 
Connecting: Mode=JTAG, Speed=1000000Hz
Erase Done.
Programming Done.
Verify OK.
</pre>
</body>
</html>
"C:\\Keil\\ValvanoWareTM4C123\\Lab2\\ADCSWTrigger.axf" 
Connecting: Mode=JTAG, Speed=1000000Hz
Erase Done.
Programming Done.
Verify OK.
ing, 0 errors
linking...
Program Size: Code=4780 RO-data=2052 RW-data=76 ZI-data=25500  
".\ADCSWTrigger.axf" - 0 Error(s), 2 Warning(s).
g histogram.c...
histogram.h(22): warning:  #1-D: last line of file ends without a newline
  void resetNumOcurrences(void);
histogram.c: 1 warning, 0 errors
linking...
Program Size: Code=4780 RO-data=2052 RW-data=76 ZI-data=25500  
".\ADCSWTrigger.axf" - 0 Error(s), 4 Warning(s).
ne
  }
histogram.c: 1 warning, 1 error
".\ADCSWTrigger.axf" - 2 Error(s), 3 Warning(s).
Target not created
