ARM Linker, 5.03 [Build 76] [MDK-ARM Lite]

==============================================================================

Section Cross References

    startup.o(STACK) refers (Special) to heapauxi.o(.text) for __use_two_region_memory
    startup.o(HEAP) refers (Special) to heapauxi.o(.text) for __use_two_region_memory
    startup.o(RESET) refers (Special) to heapauxi.o(.text) for __use_two_region_memory
    startup.o(RESET) refers to startup.o(STACK) for StackMem
    startup.o(RESET) refers to adctestmain.o(i.Timer0A_Handler) for Timer0A_Handler
    startup.o(RESET) refers to timer1.o(i.Timer1A_Handler) for Timer1A_Handler
    startup.o(RESET) refers to __main.o(!!!main) for __main
    startup.o(.text) refers (Special) to heapauxi.o(.text) for __use_two_region_memory
    startup.o(.text) refers to startup.o(HEAP) for HeapMem
    startup.o(.text) refers to startup.o(STACK) for StackMem
    adctestmain.o(i.Pause) refers to adctestmain.o(i.DelayWait10ms) for DelayWait10ms
    adctestmain.o(i.Timer0A_Init100HzInt) refers to startup.o(.text) for DisableInterrupts
    adctestmain.o(i.init_lcd) refers to st7735.o(i.ST7735_InitR) for ST7735_InitR
    adctestmain.o(i.init_ports) refers to pll.o(i.PLL_Init) for PLL_Init
    adctestmain.o(i.init_ports) refers to adcswtrigger.o(i.ADC0_InitSWTriggerSeq3_Ch9) for ADC0_InitSWTriggerSeq3_Ch9
    adctestmain.o(i.init_ports) refers to adctestmain.o(i.Timer0A_Init100HzInt) for Timer0A_Init100HzInt
    adctestmain.o(i.init_timers) refers to timer1.o(i.Timer1_Init) for Timer1_Init
    adctestmain.o(i.init_timers) refers to startup.o(.text) for EnableInterrupts
    adctestmain.o(i.init_timers) refers to adctestmain.o(i.UserTask) for UserTask
    adctestmain.o(i.main) refers to adctestmain.o(i.init_ports) for init_ports
    adctestmain.o(i.main) refers to adctestmain.o(i.init_lcd) for init_lcd
    adctestmain.o(i.main) refers to adctestmain.o(i.init_timers) for init_timers
    adctestmain.o(i.main) refers to graphicsutil.o(i.initBuffer) for initBuffer
    adctestmain.o(i.main) refers to math2.o(i.point_new) for point_new
    adctestmain.o(i.main) refers to graphicsutil.o(i.clearBuffer) for clearBuffer
    adctestmain.o(i.main) refers to draw2d.o(i.drawCircle) for drawCircle
    adctestmain.o(i.main) refers to math2.o(i.rotPoint) for rotPoint
    adctestmain.o(i.main) refers to draw2d.o(i.drawLine) for drawLine
    adctestmain.o(i.main) refers to graphicsutil.o(i.finishBuffer) for finishBuffer
    adctestmain.o(i.main) refers to graphicsutil.o(i.attemptRender) for attemptRender
    adctestmain.o(i.main) refers to adctestmain.o(.constdata) for .constdata
    fixed.o(i.ST7735_PlotBar_Lab2) refers to st7735.o(i.ST7735_DrawFastVLine) for ST7735_DrawFastVLine
    fixed.o(i.ST7735_PlotBar_Lab2) refers to fixed.o(.data) for MinX
    fixed.o(i.ST7735_XYplot) refers to st7735.o(i.ST7735_DrawPixel) for ST7735_DrawPixel
    fixed.o(i.ST7735_XYplot) refers to fixed.o(.data) for MinX
    fixed.o(i.ST7735_XYplotInit) refers to st7735.o(i.ST7735_SetCursor) for ST7735_SetCursor
    fixed.o(i.ST7735_XYplotInit) refers to st7735.o(i.ST7735_SetTextColor) for ST7735_SetTextColor
    fixed.o(i.ST7735_XYplotInit) refers to st7735.o(i.ST7735_OutString) for ST7735_OutString
    fixed.o(i.ST7735_XYplotInit) refers to fixed.o(.data) for MinX
    fixed.o(i.ST7735_printBuf) refers to st7735.o(i.ST7735_OutChar) for ST7735_OutChar
    fixed.o(i.ST7735_sDecOut3) refers to fixed.o(i.get_lsd) for get_lsd
    fixed.o(i.ST7735_sDecOut3) refers to fixed.o(i.ST7735_printBuf) for ST7735_printBuf
    fixed.o(i.ST7735_uBinOut8) refers to fixed.o(i.get_lsd) for get_lsd
    fixed.o(i.ST7735_uBinOut8) refers to fixed.o(i.ST7735_printBuf) for ST7735_printBuf
    st7735.o(i.Output_Clear) refers to st7735.o(i.ST7735_FillScreen) for ST7735_FillScreen
    st7735.o(i.Output_Color) refers to st7735.o(i.ST7735_SetTextColor) for ST7735_SetTextColor
    st7735.o(i.Output_Init) refers to st7735.o(i.ST7735_InitR) for ST7735_InitR
    st7735.o(i.Output_Init) refers to st7735.o(i.ST7735_FillScreen) for ST7735_FillScreen
    st7735.o(i.Output_Off) refers to st7735.o(i.Output_Clear) for Output_Clear
    st7735.o(i.Output_On) refers to st7735.o(i.Output_Init) for Output_Init
    st7735.o(i.ST7735_DrawBitmap) refers to st7735.o(i.setAddrWindow) for setAddrWindow
    st7735.o(i.ST7735_DrawBitmap) refers to st7735.o(i.writedata) for writedata
    st7735.o(i.ST7735_DrawBitmap) refers to st7735.o(.data) for _width
    st7735.o(i.ST7735_DrawChar) refers to st7735.o(i.setAddrWindow) for setAddrWindow
    st7735.o(i.ST7735_DrawChar) refers to st7735.o(i.pushColor) for pushColor
    st7735.o(i.ST7735_DrawChar) refers to st7735.o(.data) for _width
    st7735.o(i.ST7735_DrawChar) refers to st7735.o(.constdata) for Font
    st7735.o(i.ST7735_DrawCharS) refers to st7735.o(i.ST7735_DrawPixel) for ST7735_DrawPixel
[...]
    rtexit2.o(.ARM.Collect$$rtexit$$00000004) refers to sys_exit.o(.text) for _sys_exit
    rtexit2.o(.ARM.exidx) refers to rtexit2.o(.ARM.Collect$$rtexit$$00000001) for .ARM.Collect$$rtexit$$00000001
    rtexit2.o(.ARM.exidx) refers to rtexit2.o(.ARM.Collect$$rtexit$$00000003) for .ARM.Collect$$rtexit$$00000003
    rtexit2.o(.ARM.exidx) refers to rtexit2.o(.ARM.Collect$$rtexit$$00000004) for .ARM.Collect$$rtexit$$00000004
    rt_raise.o(.text) refers to __raise.o(.text) for __raise
    rt_raise.o(.text) refers to sys_exit.o(.text) for _sys_exit
    defsig_exit.o(.text) refers to sys_exit.o(.text) for _sys_exit
    defsig_fpe_inner.o(.text) refers to defsig_general.o(.text) for __default_signal_display
    argv_veneer.o(.emb_text) refers to no_argv.o(.text) for __ARM_get_argv
    sys_exit.o(.text) refers (Special) to use_no_semi.o(.text) for __I$use$semihosting
    sys_exit.o(.text) refers (Special) to indicate_semi.o(.text) for __semihosting_library_function
    __raise.o(.text) refers to defsig.o(CL$$defsig) for __default_signal_handler
    defsig_general.o(.text) refers to sys_wrch.o(.text) for _ttywrch
    _get_argv_nomalloc.o(.text) refers (Special) to hrguard.o(.text) for __heap_region$guard
    _get_argv_nomalloc.o(.text) refers to defsig_rtmem_outer.o(.text) for __rt_SIGRTMEM
    _get_argv_nomalloc.o(.text) refers to sys_command.o(.text) for _sys_command_string
    libshutdown.o(.ARM.Collect$$libshutdown$$00000000) refers (Special) to libshutdown2.o(.ARM.Collect$$libshutdown$$00000006) for __rt_lib_shutdown_fp_trap_1
    libshutdown.o(.ARM.Collect$$libshutdown$$00000000) refers (Special) to libshutdown2.o(.ARM.Collect$$libshutdown$$0000000E) for __rt_lib_shutdown_heap_1
    libshutdown.o(.ARM.Collect$$libshutdown$$00000000) refers (Special) to libshutdown2.o(.ARM.Collect$$libshutdown$$0000000F) for __rt_lib_shutdown_return
    libshutdown.o(.ARM.Collect$$libshutdown$$00000000) refers (Special) to libshutdown2.o(.ARM.Collect$$libshutdown$$00000009) for __rt_lib_shutdown_signal_1
    libshutdown.o(.ARM.Collect$$libshutdown$$00000000) refers (Special) to libshutdown2.o(.ARM.Collect$$libshutdown$$00000003) for __rt_lib_shutdown_stdio_1
    libshutdown.o(.ARM.Collect$$libshutdown$$00000000) refers (Special) to libshutdown2.o(.ARM.Collect$$libshutdown$$0000000B) for __rt_lib_shutdown_user_alloc_1
    sys_wrch.o(.text) refers (Special) to use_no_semi.o(.text) for __I$use$semihosting
    sys_wrch.o(.text) refers (Special) to indicate_semi.o(.text) for __semihosting_library_function
    sys_command.o(.text) refers (Special) to use_no_semi.o(.text) for __I$use$semihosting
    sys_command.o(.text) refers (Special) to indicate_semi.o(.text) for __semihosting_library_function
    defsig_rtmem_outer.o(.text) refers to defsig_rtmem_inner.o(.text) for __rt_SIGRTMEM_inner
    defsig_rtmem_outer.o(.text) refers to defsig_exit.o(.text) for __sig_exit
    defsig_rtmem_formal.o(.text) refers to rt_raise.o(.text) for __rt_raise
    defsig.o(CL$$defsig) refers to defsig_fpe_inner.o(.text) for __rt_SIGFPE_inner
    defsig.o(CL$$defsig) refers to defsig_rtmem_inner.o(.text) for __rt_SIGRTMEM_inner
    defsig_abrt_inner.o(.text) refers to defsig_general.o(.text) for __default_signal_display
    defsig_rtred_inner.o(.text) refers to defsig_general.o(.text) for __default_signal_display
    defsig_rtmem_inner.o(.text) refers to defsig_general.o(.text) for __default_signal_display
    defsig_stak_inner.o(.text) refers to defsig_general.o(.text) for __default_signal_display
    defsig_pvfn_inner.o(.text) refers to defsig_general.o(.text) for __default_signal_display
    defsig_cppl_inner.o(.text) refers to defsig_general.o(.text) for __default_signal_display
    defsig_segv_inner.o(.text) refers to defsig_general.o(.text) for __default_signal_display
    defsig_other.o(.text) refers to defsig_general.o(.text) for __default_signal_display


==============================================================================

Removing Unused input sections from the image.

    Removing adcswtrigger.o(i.ADC0_InSeq3), (44 bytes).
    Removing adctestmain.o(i.DelayWait10ms), (32 bytes).
    Removing adctestmain.o(i.Pause), (40 bytes).
    Removing fixed.o(i.ST7735_PlotBar_Lab2), (136 bytes).
    Removing fixed.o(i.ST7735_XYplot), (152 bytes).
    Removing fixed.o(i.ST7735_XYplotInit), (76 bytes).
    Removing fixed.o(i.ST7735_printBuf), (24 bytes).
    Removing fixed.o(i.ST7735_sDecOut3), (92 bytes).
    Removing fixed.o(i.ST7735_uBinOut8), (108 bytes).
    Removing fixed.o(i.get_lsd), (18 bytes).
    Removing fixed.o(.data), (16 bytes).
    Removing st7735.o(i.Output_Clear), (10 bytes).
    Removing st7735.o(i.Output_Color), (12 bytes).
    Removing st7735.o(i.Output_Init), (16 bytes).
    Removing st7735.o(i.Output_Off), (8 bytes).
    Removing st7735.o(i.Output_On), (8 bytes).
    Removing st7735.o(i.ST7735_Color565), (24 bytes).
    Removing st7735.o(i.ST7735_DrawBitmap), (288 bytes).
    Removing st7735.o(i.ST7735_DrawChar), (268 bytes).
    Removing st7735.o(i.ST7735_DrawCharS), (244 bytes).
    Removing st7735.o(i.ST7735_DrawFastHLine), (124 bytes).
    Removing st7735.o(i.ST7735_DrawFastVLine), (124 bytes).
    Removing st7735.o(i.ST7735_DrawString), (86 bytes).
    Removing st7735.o(i.ST7735_InitB), (40 bytes).
    Removing st7735.o(i.ST7735_InvertDisplay), (22 bytes).
    Removing st7735.o(i.ST7735_OutChar), (212 bytes).
    Removing st7735.o(i.ST7735_OutString), (24 bytes).
    Removing st7735.o(i.ST7735_OutUDec), (140 bytes).
    Removing st7735.o(i.ST7735_PlotBar), (88 bytes).
    Removing st7735.o(i.ST7735_PlotClear), (92 bytes).
    Removing st7735.o(i.ST7735_PlotLine), (264 bytes).
    Removing st7735.o(i.ST7735_PlotNext), (32 bytes).
    Removing st7735.o(i.ST7735_PlotNextErase), (64 bytes).
    Removing st7735.o(i.ST7735_PlotPoint), (152 bytes).
    Removing st7735.o(i.ST7735_PlotPoints), (172 bytes).
    Removing st7735.o(i.ST7735_PlotdBfs), (60 bytes).
    Removing st7735.o(i.ST7735_SetRotation), (212 bytes).
    Removing st7735.o(i.ST7735_SetTextColor), (12 bytes).
    Removing st7735.o(i.ST7735_SwapColor), (18 bytes).
    Removing st7735.o(i.ferror), (8 bytes).
    Removing st7735.o(i.fgetc), (6 bytes).
    Removing st7735.o(i.fillmessage), (72 bytes).
    Removing st7735.o(i.fputc), (16 bytes).
    Removing st7735.o(.bss), (12 bytes).
    Removing speaker.o(i.Start_Speaker), (12 bytes).
    Removing speaker.o(i.Stop_Speaker), (12 bytes).
    Removing graphicsutil.o(i.setBuffer), (56 bytes).
    Removing math2.o(i.abs), (14 bytes).
    Removing math2.o(i.acosDeg), (84 bytes).
    Removing math2.o(i.asinDeg), (84 bytes).
    Removing math2.o(i.crossP), (112 bytes).
    Removing math2.o(i.easyPow), (20 bytes).
    Removing math2.o(i.floatMod), (72 bytes).
    Removing math2.o(i.intSwap), (10 bytes).
    Removing math2.o(i.rand), (56 bytes).
    Removing math2.o(i.randRange), (36 bytes).
    Removing math2.o(i.roundInt), (72 bytes).
    Removing math2.o(i.scalePoint), (22 bytes).
    Removing math2.o(i.setSeed), (12 bytes).
    Removing math2.o(i.tanDeg), (60 bytes).
    Removing math2.o(.data), (4 bytes).

61 unused section(s) (total 4406 bytes) removed from the image.

==============================================================================

Image Symbol Table

    Local Symbols

    Symbol Name                              Value     Ov Type        Size  Object(Section)

    RESET                                    0x00000000   Section      644  startup.o(RESET)
    ../clib/angel/boardlib.s                 0x00000000   Number         0  boardinit1.o ABSOLUTE
    ../clib/angel/boardlib.s                 0x00000000   Number         0  boardshut.o ABSOLUTE
    ../clib/angel/boardlib.s                 0x00000000   Number         0  boardinit3.o ABSOLUTE
    ../clib/angel/boardlib.s                 0x00000000   Number         0  boardinit2.o ABSOLUTE
    ../clib/angel/handlers.s                 0x00000000   Number         0  __scatter_copy.o ABSOLUTE
    ../clib/angel/handlers.s                 0x00000000   Number         0  __scatter_zi.o ABSOLUTE
    ../clib/angel/kernel.s                   0x00000000   Number         0  rtentry.o ABSOLUTE
    ../clib/angel/kernel.s                   0x00000000   Number         0  rtexit.o ABSOLUTE
    ../clib/angel/kernel.s                   0x00000000   Number         0  rtexit2.o ABSOLUTE
    ../clib/angel/kernel.s                   0x00000000   Number         0  rtentry2.o ABSOLUTE
    ../clib/angel/kernel.s                   0x00000000   Number         0  rtentry4.o ABSOLUTE
    ../clib/angel/rt.s                       0x00000000   Number         0  rt_errno_addr_intlibspace.o ABSOLUTE
    ../clib/angel/rt.s                       0x00000000   Number         0  rt_errno_addr.o ABSOLUTE
    ../clib/angel/rt.s                       0x00000000   Number         0  rt_div0.o ABSOLUTE
    ../clib/angel/rt.s                       0x00000000   Number         0  aeabi_ldiv0_sigfpe.o ABSOLUTE
    ../clib/angel/rt.s                       0x00000000   Number         0  aeabi_ldiv0.o ABSOLUTE
    ../clib/angel/rt.s                       0x00000000   Number         0  rt_raise.o ABSOLUTE
    ../clib/angel/scatter.s                  0x00000000   Number         0  __scatter.o ABSOLUTE
    ../clib/angel/startup.s                  0x00000000   Number         0  __main.o ABSOLUTE
    ../clib/angel/sys.s                      0x00000000   Number         0  sys_stackheap_outer.o ABSOLUTE
    ../clib/angel/sys.s                      0x00000000   Number         0  libspace.o ABSOLUTE
    ../clib/angel/sys.s                      0x00000000   Number         0  use_no_semi.o ABSOLUTE
    ../clib/angel/sys.s                      0x00000000   Number         0  indicate_semi.o ABSOLUTE
    ../clib/angel/sysapp.c                   0x00000000   Number         0  sys_exit.o ABSOLUTE
    ../clib/angel/sysapp.c                   0x00000000   Number         0  sys_command.o ABSOLUTE
    ../clib/angel/sysapp.c                   0x00000000   Number         0  sys_wrch.o ABSOLUTE
    ../clib/armsys.c                         0x00000000   Number         0  _get_argv_nomalloc.o ABSOLUTE
    ../clib/armsys.c                         0x00000000   Number         0  no_argv.o ABSOLUTE
    ../clib/armsys.c                         0x00000000   Number         0  argv_veneer.o ABSOLUTE
    ../clib/armsys.c                         0x00000000   Number         0  argv_veneer.o ABSOLUTE
    ../clib/fenv.c                           0x00000000   Number         0  _rserrno.o ABSOLUTE
    ../clib/heapalloc.c                      0x00000000   Number         0  hrguard.o ABSOLUTE
    ../clib/heapaux.c                        0x00000000   Number         0  heapauxi.o ABSOLUTE
    ../clib/libinit.s                        0x00000000   Number         0  libshutdown.o ABSOLUTE
    ../clib/libinit.s                        0x00000000   Number         0  libinit2.o ABSOLUTE
    ../clib/libinit.s                        0x00000000   Number         0  libinit.o ABSOLUTE
    ../clib/libinit.s                        0x00000000   Number         0  libshutdown2.o ABSOLUTE
    ../clib/longlong.s                       0x00000000   Number         0  llsdiv.o ABSOLUTE
    ../clib/longlong.s                       0x00000000   Number         0  lludivv7m.o ABSOLUTE
    ../clib/memcpset.s                       0x00000000   Number         0  rt_memclr.o ABSOLUTE
    ../clib/memcpset.s                       0x00000000   Number         0  rt_memclr_w.o ABSOLUTE
    ../clib/signal.c                         0x00000000   Number         0  defsig_fpe_outer.o ABSOLUTE
    ../clib/signal.c                         0x00000000   Number         0  defsig_cppl_inner.o ABSOLUTE
    ../clib/signal.c                         0x00000000   Number         0  defsig_pvfn_inner.o ABSOLUTE
    ../clib/signal.c                         0x00000000   Number         0  defsig_stak_inner.o ABSOLUTE
    ../clib/signal.c                         0x00000000   Number         0  defsig_rtmem_inner.o ABSOLUTE
    ../clib/signal.c                         0x00000000   Number         0  defsig_rtred_inner.o ABSOLUTE
    ../clib/signal.c                         0x00000000   Number         0  defsig_abrt_inner.o ABSOLUTE
    ../clib/signal.c                         0x00000000   Number         0  defsig_rtmem_formal.o ABSOLUTE
    ../clib/signal.c                         0x00000000   Number         0  defsig_rtmem_outer.o ABSOLUTE
    ../clib/signal.c                         0x00000000   Number         0  defsig_general.o ABSOLUTE
    ../clib/signal.c                         0x00000000   Number         0  __raise.o ABSOLUTE
    ../clib/signal.c                         0x00000000   Number         0  defsig_fpe_inner.o ABSOLUTE
    ../clib/signal.c                         0x00000000   Number         0  defsig_segv_inner.o ABSOLUTE
    ../clib/signal.c                         0x00000000   Number         0  defsig_exit.o ABSOLUTE
    ../clib/signal.c                         0x00000000   Number         0  defsig_fpe_formal.o ABSOLUTE
    ../clib/signal.c                         0x00000000   Number         0  defsig_other.o ABSOLUTE
    ../clib/signal.s                         0x00000000   Number         0  defsig.o ABSOLUTE
    ../clib/stdlib.c                         0x00000000   Number         0  exit.o ABSOLUTE
    ../fplib/d2f.s                           0x00000000   Number         0  d2f.o ABSOLUTE
    ../fplib/daddsub.s                       0x00000000   Number         0  daddsub_clz.o ABSOLUTE
    ../fplib/dcheck1.s                       0x00000000   Number         0  dcheck1.o ABSOLUTE
    ../fplib/dcmpi.s                         0x00000000   Number         0  dcmpi.o ABSOLUTE
    ../fplib/ddiv.s                          0x00000000   Number         0  ddiv.o ABSOLUTE
    ../fplib/dfix.s                          0x00000000   Number         0  dfix.o ABSOLUTE
    ../fplib/dflt.s                          0x00000000   Number         0  dflt_clz.o ABSOLUTE
    ../fplib/dleqf.s                         0x00000000   Number         0  dleqf.o ABSOLUTE
    ../fplib/dmul.s                          0x00000000   Number         0  dmul.o ABSOLUTE
    ../fplib/dnaninf.s                       0x00000000   Number         0  dnaninf.o ABSOLUTE
    ../fplib/dretinf.s                       0x00000000   Number         0  dretinf.o ABSOLUTE
    ../fplib/dsqrt.s                         0x00000000   Number         0  dsqrt_umaal.o ABSOLUTE
    ../fplib/f2d.s                           0x00000000   Number         0  f2d.o ABSOLUTE
    ../fplib/faddsub.s                       0x00000000   Number         0  faddsub_clz.o ABSOLUTE
    ../fplib/fcmpi.s                         0x00000000   Number         0  fcmpi.o ABSOLUTE
    ../fplib/ffix.s                          0x00000000   Number         0  ffix.o ABSOLUTE
    ../fplib/fflt.s                          0x00000000   Number         0  fflt_clz.o ABSOLUTE
    ../fplib/fleqf.s                         0x00000000   Number         0  fleqf.o ABSOLUTE
    ../fplib/fmul.s                          0x00000000   Number         0  fmul.o ABSOLUTE
    ../fplib/fnaninf.s                       0x00000000   Number         0  fnaninf.o ABSOLUTE
    ../fplib/fpinit.s                        0x00000000   Number         0  fpinit.o ABSOLUTE
    ../fplib/fretinf.s                       0x00000000   Number         0  fretinf.o ABSOLUTE
    ../fplib/retnan.s                        0x00000000   Number         0  retnan.o ABSOLUTE
    ../fplib/scalbn.s                        0x00000000   Number         0  scalbn.o ABSOLUTE
    ../fplib/trapv.s                         0x00000000   Number         0  trapv.o ABSOLUTE
    ../fplib/usenofp.s                       0x00000000   Number         0  usenofp.o ABSOLUTE
    ../mathlib/acos.c                        0x00000000   Number         0  acos_x.o ABSOLUTE
    ../mathlib/acos.c                        0x00000000   Number         0  acos.o ABSOLUTE
    ../mathlib/asin.c                        0x00000000   Number         0  asin_x.o ABSOLUTE
    ../mathlib/asin.c                        0x00000000   Number         0  asin.o ABSOLUTE
    ../mathlib/atan.c                        0x00000000   Number         0  atan.o ABSOLUTE
    ../mathlib/atan.c                        0x00000000   Number         0  atan_x.o ABSOLUTE
    ../mathlib/atan2.c                       0x00000000   Number         0  atan2_x.o ABSOLUTE
    ../mathlib/atan2.c                       0x00000000   Number         0  atan2.o ABSOLUTE
    ../mathlib/cos.c                         0x00000000   Number         0  cos.o ABSOLUTE
    ../mathlib/cos.c                         0x00000000   Number         0  cos_x.o ABSOLUTE
    ../mathlib/cos_i.c                       0x00000000   Number         0  cos_i.o ABSOLUTE
    ../mathlib/dunder.c                      0x00000000   Number         0  dunder.o ABSOLUTE
    ../mathlib/fpclassify.c                  0x00000000   Number         0  fpclassify.o ABSOLUTE
    ../mathlib/poly.c                        0x00000000   Number         0  poly.o ABSOLUTE
    ../mathlib/qnan.c                        0x00000000   Number         0  qnan.o ABSOLUTE
    ../mathlib/rred.c                        0x00000000   Number         0  rred.o ABSOLUTE
    ../mathlib/sin.c                         0x00000000   Number         0  sin_x.o ABSOLUTE
    ../mathlib/sin.c                         0x00000000   Number         0  sin.o ABSOLUTE
    ../mathlib/sin_i.c                       0x00000000   Number         0  sin_i.o ABSOLUTE
    ../mathlib/sin_i.c                       0x00000000   Number         0  sin_i_x.o ABSOLUTE
    ../mathlib/sqrt.c                        0x00000000   Number         0  sqrt.o ABSOLUTE
    ../mathlib/sqrt.c                        0x00000000   Number         0  sqrt_x.o ABSOLUTE
    ../mathlib/tan.c                         0x00000000   Number         0  tan.o ABSOLUTE
    ../mathlib/tan.c                         0x00000000   Number         0  tan_x.o ABSOLUTE
    ../mathlib/tan_i.c                       0x00000000   Number         0  tan_i_x.o ABSOLUTE
    ../mathlib/tan_i.c                       0x00000000   Number         0  tan_i.o ABSOLUTE
    ADCSWTrigger.c                           0x00000000   Number         0  adcswtrigger.o ABSOLUTE
    ADCTestMain.c                            0x00000000   Number         0  adctestmain.o ABSOLUTE
    PLL.c                                    0x00000000   Number         0  pll.o ABSOLUTE
    ST7735.c                                 0x00000000   Number         0  st7735.o ABSOLUTE
    Timer1.c                                 0x00000000   Number         0  timer1.o ABSOLUTE
    dc.s                                     0x00000000   Number         0  dc.o ABSOLUTE
    drawLib\draw2D.c                         0x00000000   Number         0  draw2d.o ABSOLUTE
    drawLib\graphicsUtil.c                   0x00000000   Number         0  graphicsutil.o ABSOLUTE
    drawLib\math2.c                          0x00000000   Number         0  math2.o ABSOLUTE
    fixed.c                                  0x00000000   Number         0  fixed.o ABSOLUTE
    speaker.c                                0x00000000   Number         0  speaker.o ABSOLUTE
    startup.s                                0x00000000   Number         0  startup.o ABSOLUTE
    !!!main                                  0x00000284   Section        8  __main.o(!!!main)
    !!!scatter                               0x0000028c   Section       52  __scatter.o(!!!scatter)
    !!handler_copy                           0x000002c0   Section       26  __scatter_copy.o(!!handler_copy)
    !!handler_zi                             0x000002dc   Section       28  __scatter_zi.o(!!handler_zi)
    .ARM.Collect$$libinit$$00000000          0x000002f8   Section        2  libinit.o(.ARM.Collect$$libinit$$00000000)
    .ARM.Collect$$libinit$$00000002          0x000002fa   Section        0  libinit2.o(.ARM.Collect$$libinit$$00000002)
    .ARM.Collect$$libinit$$00000008          0x000002fa   Section        0  libinit2.o(.ARM.Collect$$libinit$$00000008)
    .ARM.Collect$$libinit$$0000000A          0x000002fa   Section        0  libinit2.o(.ARM.Collect$$libinit$$0000000A)
    .ARM.Collect$$libinit$$0000000C          0x000002fa   Section        0  libinit2.o(.ARM.Collect$$libinit$$0000000C)
    .ARM.Collect$$libinit$$0000000F          0x000002fa   Section        0  libinit2.o(.ARM.Collect$$libinit$$0000000F)
    .ARM.Collect$$libinit$$00000011          0x000002fa   Section        0  libinit2.o(.ARM.Collect$$libinit$$00000011)
    .ARM.Collect$$libinit$$00000013          0x000002fa   Section        0  libinit2.o(.ARM.Collect$$libinit$$00000013)
    .ARM.Collect$$libinit$$00000015          0x000002fa   Section        0  libinit2.o(.ARM.Collect$$libinit$$00000015)
    .ARM.Collect$$libinit$$00000017          0x000002fa   Section        0  libinit2.o(.ARM.Collect$$libinit$$00000017)
    .ARM.Collect$$libinit$$00000019          0x000002fa   Section        0  libinit2.o(.ARM.Collect$$libinit$$00000019)
    .ARM.Collect$$libinit$$0000001B          0x000002fa   Section        0  libinit2.o(.ARM.Collect$$libinit$$0000001B)
    .ARM.Collect$$libinit$$0000001D          0x000002fa   Section        0  libinit2.o(.ARM.Collect$$libinit$$0000001D)
    .ARM.Collect$$libinit$$0000001F          0x000002fa   Section        0  libinit2.o(.ARM.Collect$$libinit$$0000001F)
    .ARM.Collect$$libinit$$00000021          0x000002fa   Section        0  libinit2.o(.ARM.Collect$$libinit$$00000021)
    .ARM.Collect$$libinit$$00000023          0x000002fa   Section        0  libinit2.o(.ARM.Collect$$libinit$$00000023)
    .ARM.Collect$$libinit$$0000002A          0x000002fa   Section        0  libinit2.o(.ARM.Collect$$libinit$$0000002A)
    .ARM.Collect$$libinit$$0000002C          0x000002fa   Section        0  libinit2.o(.ARM.Collect$$libinit$$0000002C)
    .ARM.Collect$$libinit$$0000002E          0x000002fa   Section        0  libinit2.o(.ARM.Collect$$libinit$$0000002E)
    .ARM.Collect$$libinit$$00000030          0x000002fa   Section        0  libinit2.o(.ARM.Collect$$libinit$$00000030)
    .ARM.Collect$$libinit$$00000031          0x000002fa   Section        2  libinit2.o(.ARM.Collect$$libinit$$00000031)
    .ARM.Collect$$libshutdown$$00000000      0x000002fc   Section        2  libshutdown.o(.ARM.Collect$$libshutdown$$00000000)
    .ARM.Collect$$libshutdown$$00000003      0x000002fe   Section        0  libshutdown2.o(.ARM.Collect$$libshutdown$$00000003)
    .ARM.Collect$$libshutdown$$00000006      0x000002fe   Section        0  libshutdown2.o(.ARM.Collect$$libshutdown$$00000006)
    .ARM.Collect$$libshutdown$$00000009      0x000002fe   Section        0  libshutdown2.o(.ARM.Collect$$libshutdown$$00000009)
    .ARM.Collect$$libshutdown$$0000000B      0x000002fe   Section        0  libshutdown2.o(.ARM.Collect$$libshutdown$$0000000B)
    .ARM.Collect$$libshutdown$$0000000E      0x000002fe   Section        0  libshutdown2.o(.ARM.Collect$$libshutdown$$0000000E)
    .ARM.Collect$$libshutdown$$0000000F      0x000002fe   Section        2  libshutdown2.o(.ARM.Collect$$libshutdown$$0000000F)
    .ARM.Collect$$rtentry$$00000000          0x00000300   Section        0  rtentry.o(.ARM.Collect$$rtentry$$00000000)
    .ARM.Collect$$rtentry$$00000002          0x00000300   Section        0  rtentry2.o(.ARM.Collect$$rtentry$$00000002)
    .ARM.Collect$$rtentry$$00000004          0x00000300   Section        6  rtentry4.o(.ARM.Collect$$rtentry$$00000004)
    .ARM.Collect$$rtentry$$00000009          0x00000306   Section        0  rtentry2.o(.ARM.Collect$$rtentry$$00000009)
    .ARM.Collect$$rtentry$$0000000A          0x00000306   Section        4  rtentry2.o(.ARM.Collect$$rtentry$$0000000A)
    .ARM.Collect$$rtentry$$0000000C          0x0000030a   Section        0  rtentry2.o(.ARM.Collect$$rtentry$$0000000C)
    .ARM.Collect$$rtentry$$0000000D          0x0000030a   Section        8  rtentry2.o(.ARM.Collect$$rtentry$$0000000D)
    .ARM.Collect$$rtexit$$00000000           0x00000312   Section        2  rtexit.o(.ARM.Collect$$rtexit$$00000000)
    .ARM.Collect$$rtexit$$00000002           0x00000314   Section        0  rtexit2.o(.ARM.Collect$$rtexit$$00000002)
    .ARM.Collect$$rtexit$$00000003           0x00000314   Section        4  rtexit2.o(.ARM.Collect$$rtexit$$00000003)
    .ARM.Collect$$rtexit$$00000004           0x00000318   Section        6  rtexit2.o(.ARM.Collect$$rtexit$$00000004)
    .text                                    0x00000320   Section       48  startup.o(.text)
    .text                                    0x00000350   Section       68  rt_memclr.o(.text)
    .text                                    0x00000394   Section        0  heapauxi.o(.text)
    .text                                    0x0000039a   Section        0  _rserrno.o(.text)
    .text                                    0x000003b0   Section       78  rt_memclr_w.o(.text)
    .text                                    0x00000400   Section        8  rt_errno_addr_intlibspace.o(.text)
    .text                                    0x00000408   Section        8  libspace.o(.text)
    .text                                    0x00000410   Section       74  sys_stackheap_outer.o(.text)
    .text                                    0x0000045a   Section        0  exit.o(.text)
    .text                                    0x00000468   Section        0  sys_exit.o(.text)
    .text                                    0x00000474   Section        2  use_no_semi.o(.text)
    .text                                    0x00000476   Section        0  indicate_semi.o(.text)
    i.ADC0_InitSWTriggerSeq3_Ch9             0x00000478   Section        0  adcswtrigger.o(i.ADC0_InitSWTriggerSeq3_Ch9)
    i.Delay1ms                               0x00000564   Section        0  st7735.o(i.Delay1ms)
    i.PLL_Init                               0x00000584   Section        0  pll.o(i.PLL_Init)
    i.ST7735_DrawPixel                       0x00000600   Section        0  st7735.o(i.ST7735_DrawPixel)
    i.ST7735_FillRect                        0x00000648   Section        0  st7735.o(i.ST7735_FillRect)
    i.ST7735_FillScreen                      0x000006f4   Section        0  st7735.o(i.ST7735_FillScreen)
    i.ST7735_InitR                           0x00000718   Section        0  st7735.o(i.ST7735_InitR)
    i.ST7735_SetCursor                       0x00000794   Section        0  st7735.o(i.ST7735_SetCursor)
    i.Timer0A_Handler                        0x000007b4   Section        0  adctestmain.o(i.Timer0A_Handler)
    i.Timer0A_Init100HzInt                   0x000007d0   Section        0  adctestmain.o(i.Timer0A_Init100HzInt)
    i.Timer1A_Handler                        0x00000848   Section        0  timer1.o(i.Timer1A_Handler)
    i.Timer1_Init                            0x00000860   Section        0  timer1.o(i.Timer1_Init)
    i.UserTask                               0x000008b0   Section        0  adctestmain.o(i.UserTask)
    i.__ARM_fpclassify                       0x000008b2   Section        0  fpclassify.o(i.__ARM_fpclassify)
    i.__ieee754_rem_pio2                     0x000008dc   Section        0  rred.o(i.__ieee754_rem_pio2)
    i.__kernel_cos                           0x00000c64   Section        0  cos_i.o(i.__kernel_cos)
    i.__kernel_poly                          0x00000d60   Section        0  poly.o(i.__kernel_poly)
    i.__kernel_sin                           0x00000e0c   Section        0  sin_i.o(i.__kernel_sin)
    i.__mathlib_dbl_underflow                0x00000ef8   Section        0  dunder.o(i.__mathlib_dbl_underflow)
    i.atan                                   0x00000f08   Section        0  atan.o(i.atan)
    i.atan2                                  0x0000112c   Section        0  atan2.o(i.atan2)
    i.atan2Deg                               0x000012ac   Section        0  math2.o(i.atan2Deg)
    i.attemptRender                          0x00001314   Section        0  graphicsutil.o(i.attemptRender)
    i.clearBuffer                            0x00001338   Section        0  graphicsutil.o(i.clearBuffer)
    i.commandList                            0x00001368   Section        0  st7735.o(i.commandList)
    commandList                              0x00001369   Thumb Code    86  st7735.o(i.commandList)
    i.commonInit                             0x000013c0   Section        0  st7735.o(i.commonInit)
    commonInit                               0x000013c1   Thumb Code   340  st7735.o(i.commonInit)
    i.cos                                    0x00001544   Section        0  cos.o(i.cos)
    i.cosDeg                                 0x000015f0   Section        0  math2.o(i.cosDeg)
    i.dist                                   0x0000162c   Section        0  math2.o(i.dist)
    i.drawCircle                             0x0000164a   Section        0  draw2d.o(i.drawCircle)
    i.drawLine                               0x00001722   Section        0  draw2d.o(i.drawLine)
    i.fastSqrt                               0x000017be   Section        0  math2.o(i.fastSqrt)
    i.finishBuffer                           0x000017ec   Section        0  graphicsutil.o(i.finishBuffer)
    i.initBuffer                             0x00001820   Section        0  graphicsutil.o(i.initBuffer)
    i.init_lcd                               0x0000182c   Section        0  adctestmain.o(i.init_lcd)
    i.init_ports                             0x00001838   Section        0  adctestmain.o(i.init_ports)
    i.init_timers                            0x000018c0   Section        0  adctestmain.o(i.init_timers)
    i.main                                   0x000018d8   Section        0  adctestmain.o(i.main)
    i.nextBufferIndex                        0x00001a10   Section        0  graphicsutil.o(i.nextBufferIndex)
    i.point_new                              0x00001a22   Section        0  math2.o(i.point_new)
    i.pushColor                              0x00001a32   Section        0  st7735.o(i.pushColor)
    pushColor                                0x00001a33   Thumb Code    18  st7735.o(i.pushColor)
    i.renderBuffer                           0x00001a44   Section        0  graphicsutil.o(i.renderBuffer)
    i.rotPoint                               0x00001ac0   Section        0  math2.o(i.rotPoint)
    i.roundSho                               0x00001b80   Section        0  math2.o(i.roundSho)
    i.setAddrWindow                          0x00001bcc   Section        0  st7735.o(i.setAddrWindow)
    setAddrWindow                            0x00001bcd   Thumb Code   106  st7735.o(i.setAddrWindow)
    i.setPx                                  0x00001c40   Section        0  graphicsutil.o(i.setPx)
    i.sin                                    0x00001ca4   Section        0  sin.o(i.sin)
    i.sinDeg                                 0x00001d54   Section        0  math2.o(i.sinDeg)
    i.writecommand                           0x00001d90   Section        0  st7735.o(i.writecommand)
    writecommand                             0x00001d91   Thumb Code    40  st7735.o(i.writecommand)
    i.writedata                              0x00001dc0   Section        0  st7735.o(i.writedata)
    writedata                                0x00001dc1   Thumb Code    24  st7735.o(i.writedata)
    x$fpl$d2f                                0x00001de0   Section       98  d2f.o(x$fpl$d2f)
    x$fpl$dadd                               0x00001e44   Section      336  daddsub_clz.o(x$fpl$dadd)
    _dadd1                                   0x00001e55   Thumb Code     0  daddsub_clz.o(x$fpl$dadd)
    x$fpl$dcheck1                            0x00001f94   Section       16  dcheck1.o(x$fpl$dcheck1)
    x$fpl$ddiv                               0x00001fa4   Section      688  ddiv.o(x$fpl$ddiv)
    ddiv_entry                               0x00001fab   Thumb Code     0  ddiv.o(x$fpl$ddiv)
    x$fpl$dfix                               0x00002254   Section       94  dfix.o(x$fpl$dfix)
    x$fpl$dflt                               0x000022b2   Section       46  dflt_clz.o(x$fpl$dflt)
    x$fpl$dfltu                              0x000022e0   Section       38  dflt_clz.o(x$fpl$dfltu)
    x$fpl$dmul                               0x00002308   Section      340  dmul.o(x$fpl$dmul)
    x$fpl$dnaninf                            0x0000245c   Section      156  dnaninf.o(x$fpl$dnaninf)
    x$fpl$dretinf                            0x000024f8   Section       12  dretinf.o(x$fpl$dretinf)
    x$fpl$drsb                               0x00002504   Section       22  daddsub_clz.o(x$fpl$drsb)
    x$fpl$dsub                               0x0000251c   Section      468  daddsub_clz.o(x$fpl$dsub)
    _dsub1                                   0x0000252d   Thumb Code     0  daddsub_clz.o(x$fpl$dsub)
    x$fpl$f2d                                0x000026f0   Section       86  f2d.o(x$fpl$f2d)
    x$fpl$fadd                               0x00002748   Section      196  faddsub_clz.o(x$fpl$fadd)
    _fadd1                                   0x00002757   Thumb Code     0  faddsub_clz.o(x$fpl$fadd)
    x$fpl$fcmpinf                            0x0000280c   Section       24  fcmpi.o(x$fpl$fcmpinf)
    x$fpl$ffix                               0x00002824   Section       54  ffix.o(x$fpl$ffix)
    x$fpl$fflt                               0x0000285c   Section       48  fflt_clz.o(x$fpl$fflt)
    x$fpl$ffltu                              0x0000288c   Section       38  fflt_clz.o(x$fpl$ffltu)
    x$fpl$fleqf                              0x000028b4   Section      104  fleqf.o(x$fpl$fleqf)
    x$fpl$fmul                               0x0000291c   Section      258  fmul.o(x$fpl$fmul)
    x$fpl$fnaninf                            0x00002a1e   Section      140  fnaninf.o(x$fpl$fnaninf)
    x$fpl$fretinf                            0x00002aaa   Section       10  fretinf.o(x$fpl$fretinf)
    x$fpl$frsb                               0x00002ab4   Section       20  faddsub_clz.o(x$fpl$frsb)
    x$fpl$fsub                               0x00002ac8   Section      234  faddsub_clz.o(x$fpl$fsub)
    _fsub1                                   0x00002ad7   Thumb Code     0  faddsub_clz.o(x$fpl$fsub)
    x$fpl$retnan                             0x00002bb2   Section      100  retnan.o(x$fpl$retnan)
    x$fpl$scalbn                             0x00002c16   Section       92  scalbn.o(x$fpl$scalbn)
    x$fpl$trapveneer                         0x00002c72   Section       48  trapv.o(x$fpl$trapveneer)
    x$fpl$usenofp                            0x00002ca2   Section        0  usenofp.o(x$fpl$usenofp)
    .constdata                               0x00002ca4   Section       14  adctestmain.o(.constdata)
    .constdata                               0x00002cb2   Section     2018  st7735.o(.constdata)
    Font                                     0x00002cb2   Data        1275  st7735.o(.constdata)
    Bcmd                                     0x000031ad   Data         103  st7735.o(.constdata)
    Rcmd1                                    0x00003214   Data          59  st7735.o(.constdata)
    Rcmd2green                               0x0000324f   Data          13  st7735.o(.constdata)
    Rcmd2red                                 0x0000325c   Data          13  st7735.o(.constdata)
    Rcmd3                                    0x00003269   Data          43  st7735.o(.constdata)
    .constdata                               0x00003498   Section      152  atan.o(.constdata)
    atanhi                                   0x00003498   Data          32  atan.o(.constdata)
    atanlo                                   0x000034b8   Data          32  atan.o(.constdata)
    aTodd                                    0x000034d8   Data          40  atan.o(.constdata)
    aTeven                                   0x00003500   Data          48  atan.o(.constdata)
    .constdata                               0x00003530   Section       48  cos_i.o(.constdata)
    C                                        0x00003530   Data          48  cos_i.o(.constdata)
    .constdata                               0x00003560   Section        8  qnan.o(.constdata)
    .constdata                               0x00003568   Section      200  rred.o(.constdata)
    pio2s                                    0x00003568   Data          48  rred.o(.constdata)
    twooverpi                                0x00003598   Data         152  rred.o(.constdata)
    .constdata                               0x00003630   Section       40  sin_i.o(.constdata)
    S                                        0x00003630   Data          40  sin_i.o(.constdata)
    .data                                    0x20000000   Section       44  st7735.o(.data)
    _width                                   0x2000000a   Data           2  st7735.o(.data)
    _height                                  0x2000000c   Data           2  st7735.o(.data)
    ColStart                                 0x20000014   Data           1  st7735.o(.data)
    RowStart                                 0x20000015   Data           1  st7735.o(.data)
    Rotation                                 0x20000016   Data           1  st7735.o(.data)
    TabColor                                 0x20000017   Data           1  st7735.o(.data)
    .data                                    0x2000002c   Section        4  timer1.o(.data)
    .bss                                     0x20000030   Section    122884  graphicsutil.o(.bss)
    .bss                                     0x2001e034   Section       96  libspace.o(.bss)
    HEAP                                     0x2001e098   Section        0  startup.o(HEAP)
    STACK                                    0x2001e098   Section     1024  startup.o(STACK)
    HeapMem                                  0x2001e098   Data           0  startup.o(HEAP)
    StackMem                                 0x2001e098   Data           0  startup.o(STACK)

    Global Symbols

    Symbol Name                              Value     Ov Type        Size  Object(Section)

    BuildAttributes$$THM_ISAv4$E$P$D$K$B$S$7EM$PE$A:L22UL41UL21$X:L11$S22US41US21$IEEE1$IW$USESV6$~STKCKD$USESV7$~SHL$OTIME$ROPI$IEEEX$EBA8$UX$STANDARDLIB$REQ8$PRES8$EABIv2 0x00000000   Number         0  anon$$obj.o ABSOLUTE
    __ARM_use_no_argv                        0x00000000   Number         0  adctestmain.o ABSOLUTE
    __Vectors                                0x00000000   Data           0  startup.o(RESET)
    __ARM_exceptions_init                     - Undefined Weak Reference
    __alloca_initialize                       - Undefined Weak Reference
    __cpp_initialize__aeabi_                  - Undefined Weak Reference
    __cxa_finalize                            - Undefined Weak Reference
    __rt_locale                               - Undefined Weak Reference
    __sigvec_lookup                           - Undefined Weak Reference
    _atexit_init                              - Undefined Weak Reference
    _call_atexit_fns                          - Undefined Weak Reference
    _clock_init                               - Undefined Weak Reference
    _fp_trap_init                             - Undefined Weak Reference
    _fp_trap_shutdown                         - Undefined Weak Reference
    _get_lc_collate                           - Undefined Weak Reference
    _get_lc_ctype                             - Undefined Weak Reference
    _get_lc_monetary                          - Undefined Weak Reference
    _get_lc_numeric                           - Undefined Weak Reference
    _get_lc_time                              - Undefined Weak Reference
    _getenv_init                              - Undefined Weak Reference
    _handle_redirection                       - Undefined Weak Reference
    _init_alloc                               - Undefined Weak Reference
    _init_user_alloc                          - Undefined Weak Reference
    _initio                                   - Undefined Weak Reference
    _rand_init                                - Undefined Weak Reference
    _signal_finish                            - Undefined Weak Reference
    _signal_init                              - Undefined Weak Reference
    _terminate_alloc                          - Undefined Weak Reference
    _terminate_user_alloc                     - Undefined Weak Reference
    _terminateio                              - Undefined Weak Reference
    Reset_Handler                            0x0000026d   Thumb Code     0  startup.o(RESET)
    NMI_Handler                              0x00000271   Thumb Code     2  startup.o(RESET)
    HardFault_Handler                        0x00000273   Thumb Code     2  startup.o(RESET)
    MemManage_Handler                        0x00000275   Thumb Code     2  startup.o(RESET)
    BusFault_Handler                         0x00000277   Thumb Code     2  startup.o(RESET)
    UsageFault_Handler                       0x00000279   Thumb Code     2  startup.o(RESET)
    SVC_Handler                              0x0000027b   Thumb Code     2  startup.o(RESET)
    DebugMon_Handler                         0x0000027d   Thumb Code     2  startup.o(RESET)
    PendSV_Handler                           0x0000027f   Thumb Code     2  startup.o(RESET)
    SysTick_Handler                          0x00000281   Thumb Code     2  startup.o(RESET)
    ADC0Seq0_Handler                         0x00000283   Thumb Code     0  startup.o(RESET)
    ADC0Seq1_Handler                         0x00000283   Thumb Code     0  startup.o(RESET)
    ADC0Seq2_Handler                         0x00000283   Thumb Code     0  startup.o(RESET)
    ADC0Seq3_Handler                         0x00000283   Thumb Code     0  startup.o(RESET)
    ADC1Seq0_Handler                         0x00000283   Thumb Code     0  startup.o(RESET)
    ADC1Seq1_Handler                         0x00000283   Thumb Code     0  startup.o(RESET)
    ADC1Seq2_Handler                         0x00000283   Thumb Code     0  startup.o(RESET)
    ADC1Seq3_Handler                         0x00000283   Thumb Code     0  startup.o(RESET)
    CAN0_Handler                             0x00000283   Thumb Code     0  startup.o(RESET)
    CAN1_Handler                             0x00000283   Thumb Code     0  startup.o(RESET)
    CAN2_Handler                             0x00000283   Thumb Code     0  startup.o(RESET)
    Comp0_Handler                            0x00000283   Thumb Code     0  startup.o(RESET)
    Comp1_Handler                            0x00000283   Thumb Code     0  startup.o(RESET)
    Comp2_Handler                            0x00000283   Thumb Code     0  startup.o(RESET)
    Ethernet_Handler                         0x00000283   Thumb Code     0  startup.o(RESET)
    ExtBus_Handler                           0x00000283   Thumb Code     0  startup.o(RESET)
    FPU_Handler                              0x00000283   Thumb Code     0  startup.o(RESET)
    Fan0_Handler                             0x00000283   Thumb Code     0  startup.o(RESET)
    FlashCtl_Handler                         0x00000283   Thumb Code     0  startup.o(RESET)
    GPIOPortA_Handler                        0x00000283   Thumb Code     0  startup.o(RESET)
    GPIOPortB_Handler                        0x00000283   Thumb Code     0  startup.o(RESET)
    GPIOPortC_Handler                        0x00000283   Thumb Code     0  startup.o(RESET)
    GPIOPortD_Handler                        0x00000283   Thumb Code     0  startup.o(RESET)
    GPIOPortE_Handler                        0x00000283   Thumb Code     0  startup.o(RESET)
    GPIOPortF_Handler                        0x00000283   Thumb Code     0  startup.o(RESET)
    GPIOPortG_Handler                        0x00000283   Thumb Code     0  startup.o(RESET)
    GPIOPortH_Handler                        0x00000283   Thumb Code     0  startup.o(RESET)
    GPIOPortJ_Handler                        0x00000283   Thumb Code     0  startup.o(RESET)
    GPIOPortK_Handler                        0x00000283   Thumb Code     0  startup.o(RESET)
    GPIOPortL_Handler                        0x00000283   Thumb Code     0  startup.o(RESET)
    GPIOPortM_Handler                        0x00000283   Thumb Code     0  startup.o(RESET)
    GPIOPortN_Handler                        0x00000283   Thumb Code     0  startup.o(RESET)
    GPIOPortP1_Handler                       0x00000283   Thumb Code     0  startup.o(RESET)
    GPIOPortP2_Handler                       0x00000283   Thumb Code     0  startup.o(RESET)
    GPIOPortP3_Handler                       0x00000283   Thumb Code     0  startup.o(RESET)
    GPIOPortP4_Handler                       0x00000283   Thumb Code     0  startup.o(RESET)
    GPIOPortP5_Handler                       0x00000283   Thumb Code     0  startup.o(RESET)
    GPIOPortP6_Handler                       0x00000283   Thumb Code     0  startup.o(RESET)
    GPIOPortP7_Handler                       0x00000283   Thumb Code     0  startup.o(RESET)
    GPIOPortP_Handler                        0x00000283   Thumb Code     0  startup.o(RESET)
    GPIOPortQ1_Handler                       0x00000283   Thumb Code     0  startup.o(RESET)
    GPIOPortQ2_Handler                       0x00000283   Thumb Code     0  startup.o(RESET)
    GPIOPortQ3_Handler                       0x00000283   Thumb Code     0  startup.o(RESET)
    GPIOPortQ4_Handler                       0x00000283   Thumb Code     0  startup.o(RESET)
    GPIOPortQ5_Handler                       0x00000283   Thumb Code     0  startup.o(RESET)
    GPIOPortQ6_Handler                       0x00000283   Thumb Code     0  startup.o(RESET)
    GPIOPortQ7_Handler                       0x00000283   Thumb Code     0  startup.o(RESET)
    GPIOPortQ_Handler                        0x00000283   Thumb Code     0  startup.o(RESET)
    GPIOPortR_Handler                        0x00000283   Thumb Code     0  startup.o(RESET)
    GPIOPortS_Handler                        0x00000283   Thumb Code     0  startup.o(RESET)
    Hibernate_Handler                        0x00000283   Thumb Code     0  startup.o(RESET)
    I2C0_Handler                             0x00000283   Thumb Code     0  startup.o(RESET)
    I2C1_Handler                             0x00000283   Thumb Code     0  startup.o(RESET)
    I2C2_Handler                             0x00000283   Thumb Code     0  startup.o(RESET)
    I2C3_Handler                             0x00000283   Thumb Code     0  startup.o(RESET)
    I2C4_Handler                             0x00000283   Thumb Code     0  startup.o(RESET)
    I2C5_Handler                             0x00000283   Thumb Code     0  startup.o(RESET)
    I2S0_Handler                             0x00000283   Thumb Code     0  startup.o(RESET)
    LPC0_Handler                             0x00000283   Thumb Code     0  startup.o(RESET)
    PECI0_Handler                            0x00000283   Thumb Code     0  startup.o(RESET)
    PWM0Fault_Handler                        0x00000283   Thumb Code     0  startup.o(RESET)
    PWM0Generator0_Handler                   0x00000283   Thumb Code     0  startup.o(RESET)
    PWM0Generator1_Handler                   0x00000283   Thumb Code     0  startup.o(RESET)
    PWM0Generator2_Handler                   0x00000283   Thumb Code     0  startup.o(RESET)
    PWM0Generator3_Handler                   0x00000283   Thumb Code     0  startup.o(RESET)
    PWM1Fault_Handler                        0x00000283   Thumb Code     0  startup.o(RESET)
    PWM1Generator0_Handler                   0x00000283   Thumb Code     0  startup.o(RESET)
    PWM1Generator1_Handler                   0x00000283   Thumb Code     0  startup.o(RESET)
    PWM1Generator2_Handler                   0x00000283   Thumb Code     0  startup.o(RESET)
    PWM1Generator3_Handler                   0x00000283   Thumb Code     0  startup.o(RESET)
    Quadrature0_Handler                      0x00000283   Thumb Code     0  startup.o(RESET)
    Quadrature1_Handler                      0x00000283   Thumb Code     0  startup.o(RESET)
    Quadrature2_Handler                      0x00000283   Thumb Code     0  startup.o(RESET)
    SSI0_Handler                             0x00000283   Thumb Code     0  startup.o(RESET)
    SSI1_Handler                             0x00000283   Thumb Code     0  startup.o(RESET)
    SSI2_Handler                             0x00000283   Thumb Code     0  startup.o(RESET)
    SSI3_Handler                             0x00000283   Thumb Code     0  startup.o(RESET)
    SysCtl_Handler                           0x00000283   Thumb Code     0  startup.o(RESET)
    Timer0B_Handler                          0x00000283   Thumb Code     0  startup.o(RESET)
    Timer1B_Handler                          0x00000283   Thumb Code     0  startup.o(RESET)
    Timer2A_Handler                          0x00000283   Thumb Code     0  startup.o(RESET)
    Timer2B_Handler                          0x00000283   Thumb Code     0  startup.o(RESET)
    Timer3A_Handler                          0x00000283   Thumb Code     0  startup.o(RESET)
    Timer3B_Handler                          0x00000283   Thumb Code     0  startup.o(RESET)
    Timer4A_Handler                          0x00000283   Thumb Code     0  startup.o(RESET)
    Timer4B_Handler                          0x00000283   Thumb Code     0  startup.o(RESET)
    Timer5A_Handler                          0x00000283   Thumb Code     0  startup.o(RESET)
    Timer5B_Handler                          0x00000283   Thumb Code     0  startup.o(RESET)
    UART0_Handler                            0x00000283   Thumb Code     0  startup.o(RESET)
    UART1_Handler                            0x00000283   Thumb Code     0  startup.o(RESET)
    UART2_Handler                            0x00000283   Thumb Code     0  startup.o(RESET)
    UART3_Handler                            0x00000283   Thumb Code     0  startup.o(RESET)
    UART4_Handler                            0x00000283   Thumb Code     0  startup.o(RESET)
    UART5_Handler                            0x00000283   Thumb Code     0  startup.o(RESET)
    UART6_Handler                            0x00000283   Thumb Code     0  startup.o(RESET)
    UART7_Handler                            0x00000283   Thumb Code     0  startup.o(RESET)
    USB0_Handler                             0x00000283   Thumb Code     0  startup.o(RESET)
    WDT_Handler                              0x00000283   Thumb Code     0  startup.o(RESET)
    WideTimer0A_Handler                      0x00000283   Thumb Code     0  startup.o(RESET)
    WideTimer0B_Handler                      0x00000283   Thumb Code     0  startup.o(RESET)
    WideTimer1A_Handler                      0x00000283   Thumb Code     0  startup.o(RESET)
    WideTimer1B_Handler                      0x00000283   Thumb Code     0  startup.o(RESET)
    WideTimer2A_Handler                      0x00000283   Thumb Code     0  startup.o(RESET)
    WideTimer2B_Handler                      0x00000283   Thumb Code     0  startup.o(RESET)
    WideTimer3A_Handler                      0x00000283   Thumb Code     0  startup.o(RESET)
    WideTimer3B_Handler                      0x00000283   Thumb Code     0  startup.o(RESET)
    WideTimer4A_Handler                      0x00000283   Thumb Code     0  startup.o(RESET)
    WideTimer4B_Handler                      0x00000283   Thumb Code     0  startup.o(RESET)
    WideTimer5A_Handler                      0x00000283   Thumb Code     0  startup.o(RESET)
    WideTimer5B_Handler                      0x00000283   Thumb Code     0  startup.o(RESET)
    uDMA_Error                               0x00000283   Thumb Code     0  startup.o(RESET)
    uDMA_Handler                             0x00000283   Thumb Code     0  startup.o(RESET)
    __main                                   0x00000285   Thumb Code     8  __main.o(!!!main)
    __scatterload                            0x0000028d   Thumb Code     0  __scatter.o(!!!scatter)
    __scatterload_rt2                        0x0000028d   Thumb Code    44  __scatter.o(!!!scatter)
    __scatterload_rt2_thumb_only             0x0000028d   Thumb Code     0  __scatter.o(!!!scatter)
    __scatterload_null                       0x0000029b   Thumb Code     0  __scatter.o(!!!scatter)
    __scatterload_copy                       0x000002c1   Thumb Code    26  __scatter_copy.o(!!handler_copy)
    __scatterload_zeroinit                   0x000002dd   Thumb Code    28  __scatter_zi.o(!!handler_zi)
    __rt_lib_init                            0x000002f9   Thumb Code     0  libinit.o(.ARM.Collect$$libinit$$00000000)
    __rt_lib_init_alloca_1                   0x000002fb   Thumb Code     0  libinit2.o(.ARM.Collect$$libinit$$0000002C)
    __rt_lib_init_argv_1                     0x000002fb   Thumb Code     0  libinit2.o(.ARM.Collect$$libinit$$0000002A)
    __rt_lib_init_atexit_1                   0x000002fb   Thumb Code     0  libinit2.o(.ARM.Collect$$libinit$$00000019)
    __rt_lib_init_clock_1                    0x000002fb   Thumb Code     0  libinit2.o(.ARM.Collect$$libinit$$0000001F)
    __rt_lib_init_cpp_1                      0x000002fb   Thumb Code     0  libinit2.o(.ARM.Collect$$libinit$$00000030)
    __rt_lib_init_exceptions_1               0x000002fb   Thumb Code     0  libinit2.o(.ARM.Collect$$libinit$$0000002E)
    __rt_lib_init_fp_1                       0x000002fb   Thumb Code     0  libinit2.o(.ARM.Collect$$libinit$$00000002)
    __rt_lib_init_fp_trap_1                  0x000002fb   Thumb Code     0  libinit2.o(.ARM.Collect$$libinit$$0000001D)
    __rt_lib_init_getenv_1                   0x000002fb   Thumb Code     0  libinit2.o(.ARM.Collect$$libinit$$00000021)
    __rt_lib_init_heap_1                     0x000002fb   Thumb Code     0  libinit2.o(.ARM.Collect$$libinit$$00000008)
    __rt_lib_init_lc_collate_1               0x000002fb   Thumb Code     0  libinit2.o(.ARM.Collect$$libinit$$0000000F)
    __rt_lib_init_lc_ctype_1                 0x000002fb   Thumb Code     0  libinit2.o(.ARM.Collect$$libinit$$00000011)
    __rt_lib_init_lc_monetary_1              0x000002fb   Thumb Code     0  libinit2.o(.ARM.Collect$$libinit$$00000013)
    __rt_lib_init_lc_numeric_1               0x000002fb   Thumb Code     0  libinit2.o(.ARM.Collect$$libinit$$00000015)
    __rt_lib_init_lc_time_1                  0x000002fb   Thumb Code     0  libinit2.o(.ARM.Collect$$libinit$$00000017)
    __rt_lib_init_rand_1                     0x000002fb   Thumb Code     0  libinit2.o(.ARM.Collect$$libinit$$0000000C)
    __rt_lib_init_return                     0x000002fb   Thumb Code     0  libinit2.o(.ARM.Collect$$libinit$$00000031)
    __rt_lib_init_signal_1                   0x000002fb   Thumb Code     0  libinit2.o(.ARM.Collect$$libinit$$0000001B)
    __rt_lib_init_stdio_1                    0x000002fb   Thumb Code     0  libinit2.o(.ARM.Collect$$libinit$$00000023)
    __rt_lib_init_user_alloc_1               0x000002fb   Thumb Code     0  libinit2.o(.ARM.Collect$$libinit$$0000000A)
    __rt_lib_shutdown                        0x000002fd   Thumb Code     0  libshutdown.o(.ARM.Collect$$libshutdown$$00000000)
    __rt_lib_shutdown_fp_trap_1              0x000002ff   Thumb Code     0  libshutdown2.o(.ARM.Collect$$libshutdown$$00000006)
    __rt_lib_shutdown_heap_1                 0x000002ff   Thumb Code     0  libshutdown2.o(.ARM.Collect$$libshutdown$$0000000E)
    __rt_lib_shutdown_return                 0x000002ff   Thumb Code     0  libshutdown2.o(.ARM.Collect$$libshutdown$$0000000F)
    __rt_lib_shutdown_signal_1               0x000002ff   Thumb Code     0  libshutdown2.o(.ARM.Collect$$libshutdown$$00000009)
    __rt_lib_shutdown_stdio_1                0x000002ff   Thumb Code     0  libshutdown2.o(.ARM.Collect$$libshutdown$$00000003)
    __rt_lib_shutdown_user_alloc_1           0x000002ff   Thumb Code     0  libshutdown2.o(.ARM.Collect$$libshutdown$$0000000B)
    __rt_entry                               0x00000301   Thumb Code     0  rtentry.o(.ARM.Collect$$rtentry$$00000000)
    __rt_entry_presh_1                       0x00000301   Thumb Code     0  rtentry2.o(.ARM.Collect$$rtentry$$00000002)
    __rt_entry_sh                            0x00000301   Thumb Code     0  rtentry4.o(.ARM.Collect$$rtentry$$00000004)
    __rt_entry_li                            0x00000307   Thumb Code     0  rtentry2.o(.ARM.Collect$$rtentry$$0000000A)
    __rt_entry_postsh_1                      0x00000307   Thumb Code     0  rtentry2.o(.ARM.Collect$$rtentry$$00000009)
    __rt_entry_main                          0x0000030b   Thumb Code     0  rtentry2.o(.ARM.Collect$$rtentry$$0000000D)
    __rt_entry_postli_1                      0x0000030b   Thumb Code     0  rtentry2.o(.ARM.Collect$$rtentry$$0000000C)
    __rt_exit                                0x00000313   Thumb Code     0  rtexit.o(.ARM.Collect$$rtexit$$00000000)
    __rt_exit_ls                             0x00000315   Thumb Code     0  rtexit2.o(.ARM.Collect$$rtexit$$00000003)
    __rt_exit_prels_1                        0x00000315   Thumb Code     0  rtexit2.o(.ARM.Collect$$rtexit$$00000002)
    __rt_exit_exit                           0x00000319   Thumb Code     0  rtexit2.o(.ARM.Collect$$rtexit$$00000004)
    DisableInterrupts                        0x00000321   Thumb Code     0  startup.o(.text)
    EnableInterrupts                         0x00000325   Thumb Code     0  startup.o(.text)
    StartCritical                            0x00000329   Thumb Code     0  startup.o(.text)
    EndCritical                              0x00000331   Thumb Code     0  startup.o(.text)
    WaitForInterrupt                         0x00000337   Thumb Code     0  startup.o(.text)
    __user_initial_stackheap                 0x0000033b   Thumb Code     0  startup.o(.text)
    __aeabi_memclr                           0x00000351   Thumb Code     0  rt_memclr.o(.text)
    __rt_memclr                              0x00000351   Thumb Code    68  rt_memclr.o(.text)
    _memset                                  0x00000355   Thumb Code     0  rt_memclr.o(.text)
    __use_two_region_memory                  0x00000395   Thumb Code     2  heapauxi.o(.text)
    __rt_heap_escrow$2region                 0x00000397   Thumb Code     2  heapauxi.o(.text)
    __rt_heap_expand$2region                 0x00000399   Thumb Code     2  heapauxi.o(.text)
    __read_errno                             0x0000039b   Thumb Code    10  _rserrno.o(.text)
    __set_errno                              0x000003a5   Thumb Code    12  _rserrno.o(.text)
    __aeabi_memclr4                          0x000003b1   Thumb Code     0  rt_memclr_w.o(.text)
    __aeabi_memclr8                          0x000003b1   Thumb Code     0  rt_memclr_w.o(.text)
    __rt_memclr_w                            0x000003b1   Thumb Code    78  rt_memclr_w.o(.text)
    _memset_w                                0x000003b5   Thumb Code     0  rt_memclr_w.o(.text)
    __aeabi_errno_addr                       0x00000401   Thumb Code     8  rt_errno_addr_intlibspace.o(.text)
    __errno$intlibspace                      0x00000401   Thumb Code     0  rt_errno_addr_intlibspace.o(.text)
    __rt_errno_addr$intlibspace              0x00000401   Thumb Code     0  rt_errno_addr_intlibspace.o(.text)
    __user_libspace                          0x00000409   Thumb Code     8  libspace.o(.text)
    __user_perproc_libspace                  0x00000409   Thumb Code     0  libspace.o(.text)
    __user_perthread_libspace                0x00000409   Thumb Code     0  libspace.o(.text)
    __user_setup_stackheap                   0x00000411   Thumb Code    74  sys_stackheap_outer.o(.text)
    exit                                     0x0000045b   Thumb Code    12  exit.o(.text)
    _sys_exit                                0x00000469   Thumb Code     8  sys_exit.o(.text)
    __I$use$semihosting                      0x00000475   Thumb Code     0  use_no_semi.o(.text)
    __use_no_semihosting_swi                 0x00000475   Thumb Code     2  use_no_semi.o(.text)
    __semihosting_library_function           0x00000477   Thumb Code     0  indicate_semi.o(.text)
    ADC0_InitSWTriggerSeq3_Ch9               0x00000479   Thumb Code   206  adcswtrigger.o(i.ADC0_InitSWTriggerSeq3_Ch9)
    Delay1ms                                 0x00000565   Thumb Code    32  st7735.o(i.Delay1ms)
    PLL_Init                                 0x00000585   Thumb Code   118  pll.o(i.PLL_Init)
    ST7735_DrawPixel                         0x00000601   Thumb Code    64  st7735.o(i.ST7735_DrawPixel)
    ST7735_FillRect                          0x00000649   Thumb Code   164  st7735.o(i.ST7735_FillRect)
    ST7735_FillScreen                        0x000006f5   Thumb Code    28  st7735.o(i.ST7735_FillScreen)
    ST7735_InitR                             0x00000719   Thumb Code    90  st7735.o(i.ST7735_InitR)
    ST7735_SetCursor                         0x00000795   Thumb Code    22  st7735.o(i.ST7735_SetCursor)
    Timer0A_Handler                          0x000007b5   Thumb Code    20  adctestmain.o(i.Timer0A_Handler)
    Timer0A_Init100HzInt                     0x000007d1   Thumb Code    98  adctestmain.o(i.Timer0A_Init100HzInt)
    Timer1A_Handler                          0x00000849   Thumb Code    16  timer1.o(i.Timer1A_Handler)
    Timer1_Init                              0x00000861   Thumb Code    64  timer1.o(i.Timer1_Init)
    UserTask                                 0x000008b1   Thumb Code     2  adctestmain.o(i.UserTask)
    __ARM_fpclassify                         0x000008b3   Thumb Code    40  fpclassify.o(i.__ARM_fpclassify)
    __ieee754_rem_pio2                       0x000008dd   Thumb Code   832  rred.o(i.__ieee754_rem_pio2)
    __kernel_cos                             0x00000c65   Thumb Code   230  cos_i.o(i.__kernel_cos)
    __kernel_poly                            0x00000d61   Thumb Code   170  poly.o(i.__kernel_poly)
    __kernel_sin                             0x00000e0d   Thumb Code   224  sin_i.o(i.__kernel_sin)
    __mathlib_dbl_underflow                  0x00000ef9   Thumb Code    10  dunder.o(i.__mathlib_dbl_underflow)
    atan                                     0x00000f09   Thumb Code   478  atan.o(i.atan)
    atan2                                    0x0000112d   Thumb Code   346  atan2.o(i.atan2)
    atan2Deg                                 0x000012ad   Thumb Code    88  math2.o(i.atan2Deg)
    attemptRender                            0x00001315   Thumb Code    32  graphicsutil.o(i.attemptRender)
    clearBuffer                              0x00001339   Thumb Code    38  graphicsutil.o(i.clearBuffer)
    cos                                      0x00001545   Thumb Code   164  cos.o(i.cos)
    cosDeg                                   0x000015f1   Thumb Code    46  math2.o(i.cosDeg)
    dist                                     0x0000162d   Thumb Code    30  math2.o(i.dist)
    drawCircle                               0x0000164b   Thumb Code   216  draw2d.o(i.drawCircle)
    drawLine                                 0x00001723   Thumb Code   156  draw2d.o(i.drawLine)
    fastSqrt                                 0x000017bf   Thumb Code    44  math2.o(i.fastSqrt)
    finishBuffer                             0x000017ed   Thumb Code    46  graphicsutil.o(i.finishBuffer)
    initBuffer                               0x00001821   Thumb Code     8  graphicsutil.o(i.initBuffer)
    init_lcd                                 0x0000182d   Thumb Code    10  adctestmain.o(i.init_lcd)
    init_ports                               0x00001839   Thumb Code   120  adctestmain.o(i.init_ports)
    init_timers                              0x000018c1   Thumb Code    18  adctestmain.o(i.init_timers)
    main                                     0x000018d9   Thumb Code   306  adctestmain.o(i.main)
    nextBufferIndex                          0x00001a11   Thumb Code    18  graphicsutil.o(i.nextBufferIndex)
    point_new                                0x00001a23   Thumb Code    16  math2.o(i.point_new)
    renderBuffer                             0x00001a45   Thumb Code   116  graphicsutil.o(i.renderBuffer)
    rotPoint                                 0x00001ac1   Thumb Code   192  math2.o(i.rotPoint)
    roundSho                                 0x00001b81   Thumb Code    70  math2.o(i.roundSho)
    setPx                                    0x00001c41   Thumb Code    92  graphicsutil.o(i.setPx)
    sin                                      0x00001ca5   Thumb Code   166  sin.o(i.sin)
    sinDeg                                   0x00001d55   Thumb Code    46  math2.o(i.sinDeg)
    __aeabi_d2f                              0x00001de1   Thumb Code     0  d2f.o(x$fpl$d2f)
    _d2f                                     0x00001de1   Thumb Code    98  d2f.o(x$fpl$d2f)
    __aeabi_dadd                             0x00001e45   Thumb Code     0  daddsub_clz.o(x$fpl$dadd)
    _dadd                                    0x00001e45   Thumb Code   332  daddsub_clz.o(x$fpl$dadd)
    __fpl_dcheck_NaN1                        0x00001f95   Thumb Code    10  dcheck1.o(x$fpl$dcheck1)
    __aeabi_ddiv                             0x00001fa5   Thumb Code     0  ddiv.o(x$fpl$ddiv)
    _ddiv                                    0x00001fa5   Thumb Code   552  ddiv.o(x$fpl$ddiv)
    __aeabi_d2iz                             0x00002255   Thumb Code     0  dfix.o(x$fpl$dfix)
    _dfix                                    0x00002255   Thumb Code    94  dfix.o(x$fpl$dfix)
    __aeabi_i2d                              0x000022b3   Thumb Code     0  dflt_clz.o(x$fpl$dflt)
    _dflt                                    0x000022b3   Thumb Code    46  dflt_clz.o(x$fpl$dflt)
    __aeabi_ui2d                             0x000022e1   Thumb Code     0  dflt_clz.o(x$fpl$dfltu)
    _dfltu                                   0x000022e1   Thumb Code    38  dflt_clz.o(x$fpl$dfltu)
    __aeabi_dmul                             0x00002309   Thumb Code     0  dmul.o(x$fpl$dmul)
    _dmul                                    0x00002309   Thumb Code   332  dmul.o(x$fpl$dmul)
    __fpl_dnaninf                            0x0000245d   Thumb Code   156  dnaninf.o(x$fpl$dnaninf)
    __fpl_dretinf                            0x000024f9   Thumb Code    12  dretinf.o(x$fpl$dretinf)
    __aeabi_drsub                            0x00002505   Thumb Code     0  daddsub_clz.o(x$fpl$drsb)
    _drsb                                    0x00002505   Thumb Code    22  daddsub_clz.o(x$fpl$drsb)
    __aeabi_dsub                             0x0000251d   Thumb Code     0  daddsub_clz.o(x$fpl$dsub)
    _dsub                                    0x0000251d   Thumb Code   464  daddsub_clz.o(x$fpl$dsub)
    __aeabi_f2d                              0x000026f1   Thumb Code     0  f2d.o(x$fpl$f2d)
    _f2d                                     0x000026f1   Thumb Code    86  f2d.o(x$fpl$f2d)
    __aeabi_fadd                             0x00002749   Thumb Code     0  faddsub_clz.o(x$fpl$fadd)
    _fadd                                    0x00002749   Thumb Code   196  faddsub_clz.o(x$fpl$fadd)
    __fpl_fcmp_Inf                           0x0000280d   Thumb Code    24  fcmpi.o(x$fpl$fcmpinf)
    __aeabi_f2iz                             0x00002825   Thumb Code     0  ffix.o(x$fpl$ffix)
    _ffix                                    0x00002825   Thumb Code    54  ffix.o(x$fpl$ffix)
    __aeabi_i2f                              0x0000285d   Thumb Code     0  fflt_clz.o(x$fpl$fflt)
    _fflt                                    0x0000285d   Thumb Code    48  fflt_clz.o(x$fpl$fflt)
    __aeabi_ui2f                             0x0000288d   Thumb Code     0  fflt_clz.o(x$fpl$ffltu)
    _ffltu                                   0x0000288d   Thumb Code    38  fflt_clz.o(x$fpl$ffltu)
    __aeabi_cfcmple                          0x000028b5   Thumb Code     0  fleqf.o(x$fpl$fleqf)
    _fcmple                                  0x000028b5   Thumb Code   104  fleqf.o(x$fpl$fleqf)
    __fpl_fcmple_InfNaN                      0x00002907   Thumb Code     0  fleqf.o(x$fpl$fleqf)
    __aeabi_fmul                             0x0000291d   Thumb Code     0  fmul.o(x$fpl$fmul)
    _fmul                                    0x0000291d   Thumb Code   258  fmul.o(x$fpl$fmul)
    __fpl_fnaninf                            0x00002a1f   Thumb Code   140  fnaninf.o(x$fpl$fnaninf)
    __fpl_fretinf                            0x00002aab   Thumb Code    10  fretinf.o(x$fpl$fretinf)
    __aeabi_frsub                            0x00002ab5   Thumb Code     0  faddsub_clz.o(x$fpl$frsb)
    _frsb                                    0x00002ab5   Thumb Code    20  faddsub_clz.o(x$fpl$frsb)
    __aeabi_fsub                             0x00002ac9   Thumb Code     0  faddsub_clz.o(x$fpl$fsub)
    _fsub                                    0x00002ac9   Thumb Code   234  faddsub_clz.o(x$fpl$fsub)
    __fpl_return_NaN                         0x00002bb3   Thumb Code   100  retnan.o(x$fpl$retnan)
    __ARM_scalbn                             0x00002c17   Thumb Code    92  scalbn.o(x$fpl$scalbn)
    __fpl_cmpreturn                          0x00002c73   Thumb Code    48  trapv.o(x$fpl$trapveneer)
    __I$use$fp                               0x00002ca2   Number         0  usenofp.o(x$fpl$usenofp)
    dBfs                                     0x00003294   Data         512  st7735.o(.constdata)
    __mathlib_zero                           0x00003560   Data           8  qnan.o(.constdata)
    Region$$Table$$Base                      0x00003658   Number         0  anon$$obj.o(Region$$Table)
    Region$$Table$$Limit                     0x00003678   Number         0  anon$$obj.o(Region$$Table)
    StX                                      0x20000000   Data           4  st7735.o(.data)
    StY                                      0x20000004   Data           4  st7735.o(.data)
    StTextColor                              0x20000008   Data           2  st7735.o(.data)
    lastj                                    0x20000010   Data           4  st7735.o(.data)
    Messageindex                             0x20000018   Data           4  st7735.o(.data)
    Ymax                                     0x2000001c   Data           4  st7735.o(.data)
    Ymin                                     0x20000020   Data           4  st7735.o(.data)
    X                                        0x20000024   Data           4  st7735.o(.data)
    Yrange                                   0x20000028   Data           4  st7735.o(.data)
    PeriodicTask                             0x2000002c   Data           4  timer1.o(.data)
    gbuff                                    0x20000030   Data       122884  graphicsutil.o(.bss)
    __libspace_start                         0x2001e034   Data          96  libspace.o(.bss)
    __temporary_stack_top$libspace           0x2001e094   Data           0  libspace.o(.bss)



==============================================================================

Memory Map of the image

  Image Entry point : 0x0000026d

  Load Region LR_1 (Base: 0x00000000, Size: 0x000036a8, Max: 0xffffffff, ABSOLUTE)

    Execution Region ER_RO (Base: 0x00000000, Size: 0x00003678, Max: 0xffffffff, ABSOLUTE)

    Base Addr    Size         Type   Attr      Idx    E Section Name        Object

    0x00000000   0x00000284   Code   RO            3  * RESET               startup.o
    0x00000284   0x00000008   Code   RO          767  * !!!main             c_w.l(__main.o)
    0x0000028c   0x00000034   Code   RO         1110    !!!scatter          c_w.l(__scatter.o)
    0x000002c0   0x0000001a   Code   RO         1112    !!handler_copy      c_w.l(__scatter_copy.o)
    0x000002da   0x00000002   PAD
    0x000002dc   0x0000001c   Code   RO         1114    !!handler_zi        c_w.l(__scatter_zi.o)
    0x000002f8   0x00000002   Code   RO          976    .ARM.Collect$$libinit$$00000000  c_w.l(libinit.o)
    0x000002fa   0x00000000   Code   RO          988    .ARM.Collect$$libinit$$00000002  c_w.l(libinit2.o)
    0x000002fa   0x00000000   Code   RO          991    .ARM.Collect$$libinit$$00000008  c_w.l(libinit2.o)
    0x000002fa   0x00000000   Code   RO          993    .ARM.Collect$$libinit$$0000000A  c_w.l(libinit2.o)
    0x000002fa   0x00000000   Code   RO          995    .ARM.Collect$$libinit$$0000000C  c_w.l(libinit2.o)
    0x000002fa   0x00000000   Code   RO          998    .ARM.Collect$$libinit$$0000000F  c_w.l(libinit2.o)
    0x000002fa   0x00000000   Code   RO         1000    .ARM.Collect$$libinit$$00000011  c_w.l(libinit2.o)
    0x000002fa   0x00000000   Code   RO         1002    .ARM.Collect$$libinit$$00000013  c_w.l(libinit2.o)
    0x000002fa   0x00000000   Code   RO         1004    .ARM.Collect$$libinit$$00000015  c_w.l(libinit2.o)
    0x000002fa   0x00000000   Code   RO         1006    .ARM.Collect$$libinit$$00000017  c_w.l(libinit2.o)
    0x000002fa   0x00000000   Code   RO         1008    .ARM.Collect$$libinit$$00000019  c_w.l(libinit2.o)
    0x000002fa   0x00000000   Code   RO         1010    .ARM.Collect$$libinit$$0000001B  c_w.l(libinit2.o)
    0x000002fa   0x00000000   Code   RO         1012    .ARM.Collect$$libinit$$0000001D  c_w.l(libinit2.o)
    0x000002fa   0x00000000   Code   RO         1014    .ARM.Collect$$libinit$$0000001F  c_w.l(libinit2.o)
    0x000002fa   0x00000000   Code   RO         1016    .ARM.Collect$$libinit$$00000021  c_w.l(libinit2.o)
    0x000002fa   0x00000000   Code   RO         1018    .ARM.Collect$$libinit$$00000023  c_w.l(libinit2.o)
    0x000002fa   0x00000000   Code   RO         1022    .ARM.Collect$$libinit$$0000002A  c_w.l(libinit2.o)
    0x000002fa   0x00000000   Code   RO         1024    .ARM.Collect$$libinit$$0000002C  c_w.l(libinit2.o)
    0x000002fa   0x00000000   Code   RO         1026    .ARM.Collect$$libinit$$0000002E  c_w.l(libinit2.o)
    0x000002fa   0x00000000   Code   RO         1028    .ARM.Collect$$libinit$$00000030  c_w.l(libinit2.o)
    0x000002fa   0x00000002   Code   RO         1029    .ARM.Collect$$libinit$$00000031  c_w.l(libinit2.o)
    0x000002fc   0x00000002   Code   RO         1061    .ARM.Collect$$libshutdown$$00000000  c_w.l(libshutdown.o)
    0x000002fe   0x00000000   Code   RO         1079    .ARM.Collect$$libshutdown$$00000003  c_w.l(libshutdown2.o)
    0x000002fe   0x00000000   Code   RO         1082    .ARM.Collect$$libshutdown$$00000006  c_w.l(libshutdown2.o)
    0x000002fe   0x00000000   Code   RO         1085    .ARM.Collect$$libshutdown$$00000009  c_w.l(libshutdown2.o)
    0x000002fe   0x00000000   Code   RO         1087    .ARM.Collect$$libshutdown$$0000000B  c_w.l(libshutdown2.o)
    0x000002fe   0x00000000   Code   RO         1090    .ARM.Collect$$libshutdown$$0000000E  c_w.l(libshutdown2.o)
    0x000002fe   0x00000002   Code   RO         1091    .ARM.Collect$$libshutdown$$0000000F  c_w.l(libshutdown2.o)
    0x00000300   0x00000000   Code   RO          867    .ARM.Collect$$rtentry$$00000000  c_w.l(rtentry.o)
    0x00000300   0x00000000   Code   RO          933    .ARM.Collect$$rtentry$$00000002  c_w.l(rtentry2.o)
    0x00000300   0x00000006   Code   RO          945    .ARM.Collect$$rtentry$$00000004  c_w.l(rtentry4.o)
    0x00000306   0x00000000   Code   RO          935    .ARM.Collect$$rtentry$$00000009  c_w.l(rtentry2.o)
    0x00000306   0x00000004   Code   RO          936    .ARM.Collect$$rtentry$$0000000A  c_w.l(rtentry2.o)
    0x0000030a   0x00000000   Code   RO          938    .ARM.Collect$$rtentry$$0000000C  c_w.l(rtentry2.o)
    0x0000030a   0x00000008   Code   RO          939    .ARM.Collect$$rtentry$$0000000D  c_w.l(rtentry2.o)
    0x00000312   0x00000002   Code   RO          981    .ARM.Collect$$rtexit$$00000000  c_w.l(rtexit.o)
    0x00000314   0x00000000   Code   RO         1033    .ARM.Collect$$rtexit$$00000002  c_w.l(rtexit2.o)
    0x00000314   0x00000004   Code   RO         1034    .ARM.Collect$$rtexit$$00000003  c_w.l(rtexit2.o)
    0x00000318   0x00000006   Code   RO         1035    .ARM.Collect$$rtexit$$00000004  c_w.l(rtexit2.o)
    0x0000031e   0x00000002   PAD
    0x00000320   0x00000030   Code   RO            4    .text               startup.o
    0x00000350   0x00000044   Code   RO          763    .text               c_w.l(rt_memclr.o)
    0x00000394   0x00000006   Code   RO          765    .text               c_w.l(heapauxi.o)
    0x0000039a   0x00000016   Code   RO          870    .text               c_w.l(_rserrno.o)
    0x000003b0   0x0000004e   Code   RO          872    .text               c_w.l(rt_memclr_w.o)
    0x000003fe   0x00000002   PAD
    0x00000400   0x00000008   Code   RO          954    .text               c_w.l(rt_errno_addr_intlibspace.o)
    0x00000408   0x00000008   Code   RO          962    .text               c_w.l(libspace.o)
    0x00000410   0x0000004a   Code   RO          965    .text               c_w.l(sys_stackheap_outer.o)
    0x0000045a   0x0000000c   Code   RO          969    .text               c_w.l(exit.o)
    0x00000466   0x00000002   PAD
    0x00000468   0x0000000c   Code   RO         1049    .text               c_w.l(sys_exit.o)
    0x00000474   0x00000002   Code   RO         1066    .text               c_w.l(use_no_semi.o)
    0x00000476   0x00000000   Code   RO         1068    .text               c_w.l(indicate_semi.o)
    0x00000476   0x00000002   PAD
    0x00000478   0x000000ec   Code   RO           13    i.ADC0_InitSWTriggerSeq3_Ch9  adcswtrigger.o
    0x00000564   0x00000020   Code   RO          212    i.Delay1ms          st7735.o
    0x00000584   0x0000007c   Code   RO          146    i.PLL_Init          pll.o
    0x00000600   0x00000048   Code   RO          224    i.ST7735_DrawPixel  st7735.o
    0x00000648   0x000000ac   Code   RO          226    i.ST7735_FillRect   st7735.o
    0x000006f4   0x00000024   Code   RO          227    i.ST7735_FillScreen  st7735.o
    0x00000718   0x0000007c   Code   RO          229    i.ST7735_InitR      st7735.o
    0x00000794   0x00000020   Code   RO          242    i.ST7735_SetCursor  st7735.o
    0x000007b4   0x0000001c   Code   RO           39    i.Timer0A_Handler   adctestmain.o
    0x000007d0   0x00000078   Code   RO           40    i.Timer0A_Init100HzInt  adctestmain.o
    0x00000848   0x00000018   Code   RO          481    i.Timer1A_Handler   timer1.o
    0x00000860   0x00000050   Code   RO          482    i.Timer1_Init       timer1.o
    0x000008b0   0x00000002   Code   RO           41    i.UserTask          adctestmain.o
    0x000008b2   0x00000028   Code   RO          902    i.__ARM_fpclassify  m_ws.l(fpclassify.o)
    0x000008da   0x00000002   PAD
    0x000008dc   0x00000388   Code   RO          907    i.__ieee754_rem_pio2  m_ws.l(rred.o)
    0x00000c64   0x000000fc   Code   RO          897    i.__kernel_cos      m_ws.l(cos_i.o)
    0x00000d60   0x000000aa   Code   RO          904    i.__kernel_poly     m_ws.l(poly.o)
    0x00000e0a   0x00000002   PAD
    0x00000e0c   0x000000ec   Code   RO          912    i.__kernel_sin      m_ws.l(sin_i.o)
    0x00000ef8   0x00000010   Code   RO          900    i.__mathlib_dbl_underflow  m_ws.l(dunder.o)
    0x00000f08   0x00000224   Code   RO          888    i.atan              m_ws.l(atan.o)
    0x0000112c   0x00000180   Code   RO          836    i.atan2             m_ws.l(atan2.o)
    0x000012ac   0x00000068   Code   RO          624    i.atan2Deg          math2.o
    0x00001314   0x00000024   Code   RO          551    i.attemptRender     graphicsutil.o
    0x00001338   0x00000030   Code   RO          552    i.clearBuffer       graphicsutil.o
    0x00001368   0x00000056   Code   RO          246    i.commandList       st7735.o
    0x000013be   0x00000002   PAD
    0x000013c0   0x00000184   Code   RO          247    i.commonInit        st7735.o
    0x00001544   0x000000ac   Code   RO          844    i.cos               m_ws.l(cos.o)
    0x000015f0   0x0000003c   Code   RO          625    i.cosDeg            math2.o
    0x0000162c   0x0000001e   Code   RO          627    i.dist              math2.o
    0x0000164a   0x000000d8   Code   RO          523    i.drawCircle        draw2d.o
    0x00001722   0x0000009c   Code   RO          524    i.drawLine          draw2d.o
    0x000017be   0x0000002c   Code   RO          629    i.fastSqrt          math2.o
    0x000017ea   0x00000002   PAD
    0x000017ec   0x00000034   Code   RO          553    i.finishBuffer      graphicsutil.o
    0x00001820   0x0000000c   Code   RO          554    i.initBuffer        graphicsutil.o
    0x0000182c   0x0000000a   Code   RO           42    i.init_lcd          adctestmain.o
    0x00001836   0x00000002   PAD
    0x00001838   0x00000088   Code   RO           43    i.init_ports        adctestmain.o
    0x000018c0   0x00000018   Code   RO           44    i.init_timers       adctestmain.o
    0x000018d8   0x00000138   Code   RO           45    i.main              adctestmain.o
    0x00001a10   0x00000012   Code   RO          555    i.nextBufferIndex   graphicsutil.o
    0x00001a22   0x00000010   Code   RO          632    i.point_new         math2.o
    0x00001a32   0x00000012   Code   RO          252    i.pushColor         st7735.o
    0x00001a44   0x0000007c   Code   RO          556    i.renderBuffer      graphicsutil.o
    0x00001ac0   0x000000c0   Code   RO          635    i.rotPoint          math2.o
    0x00001b80   0x0000004c   Code   RO          637    i.roundSho          math2.o
    0x00001bcc   0x00000074   Code   RO          253    i.setAddrWindow     st7735.o
    0x00001c40   0x00000064   Code   RO          558    i.setPx             graphicsutil.o
    0x00001ca4   0x000000b0   Code   RO          852    i.sin               m_ws.l(sin.o)
    0x00001d54   0x0000003c   Code   RO          640    i.sinDeg            math2.o
    0x00001d90   0x00000030   Code   RO          254    i.writecommand      st7735.o
    0x00001dc0   0x00000020   Code   RO          255    i.writedata         st7735.o
    0x00001de0   0x00000062   Code   RO          769    x$fpl$d2f           fz_ws.l(d2f.o)
    0x00001e42   0x00000002   PAD
    0x00001e44   0x00000150   Code   RO          771    x$fpl$dadd          fz_ws.l(daddsub_clz.o)
    0x00001f94   0x00000010   Code   RO          956    x$fpl$dcheck1       fz_ws.l(dcheck1.o)
    0x00001fa4   0x000002b0   Code   RO          778    x$fpl$ddiv          fz_ws.l(ddiv.o)
    0x00002254   0x0000005e   Code   RO          781    x$fpl$dfix          fz_ws.l(dfix.o)
    0x000022b2   0x0000002e   Code   RO          786    x$fpl$dflt          fz_ws.l(dflt_clz.o)
    0x000022e0   0x00000026   Code   RO          785    x$fpl$dfltu         fz_ws.l(dflt_clz.o)
    0x00002306   0x00000002   PAD
    0x00002308   0x00000154   Code   RO          791    x$fpl$dmul          fz_ws.l(dmul.o)
    0x0000245c   0x0000009c   Code   RO          874    x$fpl$dnaninf       fz_ws.l(dnaninf.o)
    0x000024f8   0x0000000c   Code   RO          876    x$fpl$dretinf       fz_ws.l(dretinf.o)
    0x00002504   0x00000016   Code   RO          772    x$fpl$drsb          fz_ws.l(daddsub_clz.o)
    0x0000251a   0x00000002   PAD
    0x0000251c   0x000001d4   Code   RO          773    x$fpl$dsub          fz_ws.l(daddsub_clz.o)
    0x000026f0   0x00000056   Code   RO          793    x$fpl$f2d           fz_ws.l(f2d.o)
    0x00002746   0x00000002   PAD
    0x00002748   0x000000c4   Code   RO          795    x$fpl$fadd          fz_ws.l(faddsub_clz.o)
    0x0000280c   0x00000018   Code   RO          878    x$fpl$fcmpinf       fz_ws.l(fcmpi.o)
    0x00002824   0x00000036   Code   RO          801    x$fpl$ffix          fz_ws.l(ffix.o)
    0x0000285a   0x00000002   PAD
    0x0000285c   0x00000030   Code   RO          806    x$fpl$fflt          fz_ws.l(fflt_clz.o)
    0x0000288c   0x00000026   Code   RO          805    x$fpl$ffltu         fz_ws.l(fflt_clz.o)
    0x000028b2   0x00000002   PAD
    0x000028b4   0x00000068   Code   RO          811    x$fpl$fleqf         fz_ws.l(fleqf.o)
    0x0000291c   0x00000102   Code   RO          813    x$fpl$fmul          fz_ws.l(fmul.o)
    0x00002a1e   0x0000008c   Code   RO          880    x$fpl$fnaninf       fz_ws.l(fnaninf.o)
    0x00002aaa   0x0000000a   Code   RO          882    x$fpl$fretinf       fz_ws.l(fretinf.o)
    0x00002ab4   0x00000014   Code   RO          796    x$fpl$frsb          fz_ws.l(faddsub_clz.o)
    0x00002ac8   0x000000ea   Code   RO          797    x$fpl$fsub          fz_ws.l(faddsub_clz.o)
    0x00002bb2   0x00000064   Code   RO          979    x$fpl$retnan        fz_ws.l(retnan.o)
    0x00002c16   0x0000005c   Code   RO          884    x$fpl$scalbn        fz_ws.l(scalbn.o)
    0x00002c72   0x00000030   Code   RO         1030    x$fpl$trapveneer    fz_ws.l(trapv.o)
    0x00002ca2   0x00000000   Code   RO          886    x$fpl$usenofp       fz_ws.l(usenofp.o)
    0x00002ca2   0x00000002   PAD
    0x00002ca4   0x0000000e   Data   RO           46    .constdata          adctestmain.o
    0x00002cb2   0x000007e2   Data   RO          257    .constdata          st7735.o
    0x00003494   0x00000004   PAD
    0x00003498   0x00000098   Data   RO          889    .constdata          m_ws.l(atan.o)
    0x00003530   0x00000030   Data   RO          898    .constdata          m_ws.l(cos_i.o)
    0x00003560   0x00000008   Data   RO          906    .constdata          m_ws.l(qnan.o)
    0x00003568   0x000000c8   Data   RO          909    .constdata          m_ws.l(rred.o)
    0x00003630   0x00000028   Data   RO          913    .constdata          m_ws.l(sin_i.o)
    0x00003658   0x00000020   Data   RO         1108    Region$$Table       anon$$obj.o


    Execution Region ER_RW (Base: 0x20000000, Size: 0x00000030, Max: 0xffffffff, ABSOLUTE)

    Base Addr    Size         Type   Attr      Idx    E Section Name        Object

    0x20000000   0x0000002c   Data   RW          258    .data               st7735.o
    0x2000002c   0x00000004   Data   RW          483    .data               timer1.o


    Execution Region ER_ZI (Base: 0x20000030, Size: 0x0001e468, Max: 0xffffffff, ABSOLUTE)

    Base Addr    Size         Type   Attr      Idx    E Section Name        Object

    0x20000030   0x0001e004   Zero   RW          559    .bss                graphicsutil.o
    0x2001e034   0x00000060   Zero   RW          963    .bss                c_w.l(libspace.o)
    0x2001e094   0x00000004   PAD
    0x2001e098   0x00000000   Zero   RW            2    HEAP                startup.o
    0x2001e098   0x00000400   Zero   RW            1    STACK               startup.o


==============================================================================

Image component sizes


      Code (inc. data)   RO Data    RW Data    ZI Data      Debug   Object Name

       236         30          0          0          0       4649   adcswtrigger.o
       632         58         14          0          0       4557   adctestmain.o
       372          0          0          0          0       1752   draw2d.o
       390         40          0          0     122884       4159   graphicsutil.o
       582         50          0          0          0       4601   math2.o
       124          6          0          0          0        395   pll.o
      1156        142       2018         44          0       8967   st7735.o
       692        632          0          0       1024        860   startup.o
       104         24          0          4          0       1195   timer1.o

    ----------------------------------------------------------------------
      4294        982       2068         48     123908      31135   Object Totals
         0          0         32          0          0          0   (incl. Generated)
         6          0          4          0          0          0   (incl. Padding)

    ----------------------------------------------------------------------

      Code (inc. data)   RO Data    RW Data    ZI Data      Debug   Library Member Name

         8          0          0          0          0         68   __main.o
        52          8          0          0          0          0   __scatter.o
        26          0          0          0          0          0   __scatter_copy.o
        28          0          0          0          0          0   __scatter_zi.o
        22          0          0          0          0        100   _rserrno.o
        12          0          0          0          0         72   exit.o
         6          0          0          0          0        152   heapauxi.o
         0          0          0          0          0          0   indicate_semi.o
         2          0          0          0          0          0   libinit.o
         2          0          0          0          0          0   libinit2.o
         2          0          0          0          0          0   libshutdown.o
         2          0          0          0          0          0   libshutdown2.o
         8          4          0          0         96         68   libspace.o
         8          4          0          0          0         68   rt_errno_addr_intlibspace.o
        68          0          0          0          0         68   rt_memclr.o
        78          0          0          0          0         80   rt_memclr_w.o
         0          0          0          0          0          0   rtentry.o
        12          0          0          0          0          0   rtentry2.o
         6          0          0          0          0          0   rtentry4.o
         2          0          0          0          0          0   rtexit.o
        10          0          0          0          0          0   rtexit2.o
        12          4          0          0          0         68   sys_exit.o
        74          0          0          0          0         80   sys_stackheap_outer.o
         2          0          0          0          0         68   use_no_semi.o
        98          4          0          0          0         92   d2f.o
       826         16          0          0          0        348   daddsub_clz.o
        16          4          0          0          0         68   dcheck1.o
       688        140          0          0          0        208   ddiv.o
        94          4          0          0          0         92   dfix.o
        84          0          0          0          0        136   dflt_clz.o
       340         12          0          0          0        104   dmul.o
       156          4          0          0          0         92   dnaninf.o
        12          0          0          0          0         68   dretinf.o
        86          4          0          0          0         84   f2d.o
       450          8          0          0          0        236   faddsub_clz.o
        24          0          0          0          0         68   fcmpi.o
        54          4          0          0          0         84   ffix.o
        86          0          0          0          0        136   fflt_clz.o
       104          4          0          0          0         84   fleqf.o
       258          4          0          0          0         84   fmul.o
       140          4          0          0          0         84   fnaninf.o
        10          0          0          0          0         68   fretinf.o
       100          0          0          0          0         68   retnan.o
        92          0          0          0          0         68   scalbn.o
        48          0          0          0          0         68   trapv.o
         0          0          0          0          0          0   usenofp.o
       548         70        152          0          0        124   atan.o
       384         38          0          0          0        144   atan2.o
       172          8          0          0          0        112   cos.o
       252         22         48          0          0        124   cos_i.o
        16          6          0          0          0         68   dunder.o
        40          0          0          0          0         68   fpclassify.o
       170          0          0          0          0         96   poly.o
         0          0          8          0          0          0   qnan.o
       904         72        200          0          0        140   rred.o
       176         10          0          0          0        116   sin.o
       236         12         40          0          0        128   sin_i.o

    ----------------------------------------------------------------------
      7134        470        448          0        100       4352   Library Totals
        28          0          0          0          4          0   (incl. Padding)

    ----------------------------------------------------------------------

      Code (inc. data)   RO Data    RW Data    ZI Data      Debug   Library Name

       442         20          0          0         96        892   c_w.l
      3766        212          0          0          0       2340   fz_ws.l
      2898        238        448          0          0       1120   m_ws.l

    ----------------------------------------------------------------------
      7134        470        448          0        100       4352   Library Totals

    ----------------------------------------------------------------------

==============================================================================


      Code (inc. data)   RO Data    RW Data    ZI Data      Debug   

     11428       1452       2516         48     124008      31171   Grand Totals
     11428       1452       2516         48     124008      31171   ELF Image Totals
     11428       1452       2516         48          0          0   ROM Totals

==============================================================================

    Total RO  Size (Code + RO Data)                13944 (  13.62kB)
    Total RW  Size (RW Data + ZI Data)            124056 ( 121.15kB)
    Total ROM Size (Code + RO Data + RW Data)      13992 (  13.66kB)

==============================================================================

