<html>
<body>
<pre>
<h1>µVision Build Log</h1>
<h2>Project:</h2>
C:\Keil\ValvanoWareTM4C123\Lab3\ADCSWTrigger.uvproj
Project File Date:  09/16/2016

<h2>Output:</h2>
Rebuild target 'ADCSWTrigger'
assembling startup.s...
compiling ADCSWTrigger.c...
compiling ADCTestMain.c...
compiling PLL.c...
compiling fixed.c...
compiling ST7735.c...
compiling Timer1.c...
compiling Timer2.c...
compiling histogram.c...
compiling main.c...
main.c(92): warning:  #68-D: integer conversion resulted in a change of sign
          int32_t degreesSeconds = (time % 60) * -6;
main.c(93): warning:  #68-D: integer conversion resulted in a change of sign
          int32_t degreesMinutes = ((-1*(time % (60 * 60)) /10) + 360 )%360; 
main.c(94): warning:  #68-D: integer conversion resulted in a change of sign
          int32_t degreesHours = (time % (60 * 60 * 12)) / -120;
main.c: 3 warnings, 0 errors
compiling speaker.c...
compiling switch.c...
compiling draw2D.c...
compiling math2.c...
compiling graphicsUtil.c...
compiling Timer0A.c...
linking...
Program Size: Code=13754 RO-data=2518 RW-data=100 ZI-data=1124  
".\ADCSWTrigger.axf" - 0 Error(s), 3 Warning(s).
Load "C:\\Keil\\ValvanoWareTM4C123\\Lab3\\ADCSWTrigger.axf" 
Connecting: Mode=JTAG, Speed=1000000Hz
Erase Done.
Programming Done.
Verify OK.
</pre>
</body>
</html>
rify OK.
r.axf" 
Connecting: Mode=JTAG, Speed=1000000Hz
Erase Done.
Programming Done.
Verify OK.
