<html>
<body>
<pre>
<h1>µVision Build Log</h1>
<h2>Project:</h2>
C:\Keil\ValvanoWareTM4C123\Lab3\ADCSWTrigger.uvproj
Project File Date:  09/13/2016

<h2>Output:</h2>
Build target 'ADCSWTrigger'
compiling speaker.c...
linking...
Program Size: Code=2992 RO-data=2052 RW-data=56 ZI-data=1120  
".\ADCSWTrigger.axf" - 0 Error(s), 0 Warning(s).
Load "C:\\Keil\\ValvanoWareTM4C123\\Lab3\\ADCSWTrigger.axf" 
Connecting: Mode=JTAG, Speed=1000000Hz
Connection failed!, error code=&d
Error: Flash Download failed  -  Target DLL has been cancelled
Load "C:\\Keil\\ValvanoWareTM4C123\\Lab3\\ADCSWTrigger.axf" 
Connecting: Mode=JTAG, Speed=1000000Hz
Erase Done.
Programming Done.
Verify OK.
one.
Programming Done.
Verify OK.
868 RO-data=2052 RW-data=56 ZI-data=1120  
".\ADCSWTrigger.axf" - 0 Error(s), 2 Warning(s).
ror messages.
".\ADCSWTrigger.axf" - 1 Error(s), 1 Warning(s).
Target not created
" - 1 Error(s), 1 Warning(s).
Target not created
gger.axf: Error: L6200E: Symbol DelayWait10ms multiply defined (by main.o and adctestmain.o).
.\ADCSWTrigger.axf: Error: L6200E: Symbol Pause multiply defined (by main.o and adctestmain.o).
.\ADCSWTrigger.axf: Error: L6200E: Symbol Timer0A_Init100HzInt multiply defined (by main.o and adctestmain.o).
.\ADCSWTrigger.axf: Error: L6200E: Symbol UserTask multiply defined (by main.o and adctestmain.o).
.\ADCSWTrigger.axf: Error: L6200E: Symbol UserTask2 multiply defined (by main.o and adctestmain.o).
.\ADCSWTrigger.axf: Error: L6200E: Symbol displayRunMode multiply defined (by main.o and adctestmain.o).
.\ADCSWTrigger.axf: Error: L6200E: Symbol init_hw multiply defined (by main.o and adctestmain.o).
.\ADCSWTrigger.axf: Error: L6200E: Symbol main multiply defined (by main.o and adctestmain.o).
.\ADCSWTrigger.axf: Error: L6200E: Symbol nextRunMode multiply defined (by main.o and adctestmain.o).
Not enough information to list image symbols.
Not enough information to list the image map.
Finished: 2 information, 0 warning and 16 error messages.
".\ADCSWTrigger.axf" - 16 Error(s), 0 Warning(s).
Target not created
