ARM Linker, 5.03 [Build 76] [MDK-ARM Lite]

==============================================================================

Section Cross References

    startup.o(STACK) refers (Special) to heapauxi.o(.text) for __use_two_region_memory
    startup.o(HEAP) refers (Special) to heapauxi.o(.text) for __use_two_region_memory
    startup.o(RESET) refers (Special) to heapauxi.o(.text) for __use_two_region_memory
    startup.o(RESET) refers to startup.o(STACK) for StackMem
    startup.o(RESET) refers to timer0a.o(i.Timer0A_Handler) for Timer0A_Handler
    startup.o(RESET) refers to timer1.o(i.Timer1A_Handler) for Timer1A_Handler
    startup.o(RESET) refers to __main.o(!!!main) for __main
    startup.o(.text) refers (Special) to heapauxi.o(.text) for __use_two_region_memory
    startup.o(.text) refers to startup.o(HEAP) for HeapMem
    startup.o(.text) refers to startup.o(STACK) for StackMem
    fixed.o(i.ST7735_PlotBar_Lab2) refers to st7735.o(i.ST7735_DrawFastVLine) for ST7735_DrawFastVLine
    fixed.o(i.ST7735_PlotBar_Lab2) refers to fixed.o(.data) for MinX
    fixed.o(i.ST7735_XYplot) refers to st7735.o(i.ST7735_DrawPixel) for ST7735_DrawPixel
    fixed.o(i.ST7735_XYplot) refers to fixed.o(.data) for MinX
    fixed.o(i.ST7735_XYplotInit) refers to st7735.o(i.ST7735_SetCursor) for ST7735_SetCursor
    fixed.o(i.ST7735_XYplotInit) refers to st7735.o(i.ST7735_SetTextColor) for ST7735_SetTextColor
    fixed.o(i.ST7735_XYplotInit) refers to st7735.o(i.ST7735_OutString) for ST7735_OutString
    fixed.o(i.ST7735_XYplotInit) refers to fixed.o(.data) for MinX
    fixed.o(i.ST7735_printBuf) refers to st7735.o(i.ST7735_OutChar) for ST7735_OutChar
    fixed.o(i.ST7735_sDecOut3) refers to fixed.o(i.get_lsd) for get_lsd
    fixed.o(i.ST7735_sDecOut3) refers to fixed.o(i.ST7735_printBuf) for ST7735_printBuf
    fixed.o(i.ST7735_uBinOut8) refers to fixed.o(i.get_lsd) for get_lsd
    fixed.o(i.ST7735_uBinOut8) refers to fixed.o(i.ST7735_printBuf) for ST7735_printBuf
    st7735.o(i.Output_Clear) refers to st7735.o(i.ST7735_FillScreen) for ST7735_FillScreen
    st7735.o(i.Output_Color) refers to st7735.o(i.ST7735_SetTextColor) for ST7735_SetTextColor
    st7735.o(i.Output_Init) refers to st7735.o(i.ST7735_InitR) for ST7735_InitR
    st7735.o(i.Output_Init) refers to st7735.o(i.ST7735_FillScreen) for ST7735_FillScreen
    st7735.o(i.Output_Off) refers to st7735.o(i.Output_Clear) for Output_Clear
    st7735.o(i.Output_On) refers to st7735.o(i.Output_Init) for Output_Init
    st7735.o(i.ST7735_DrawBitmap) refers to st7735.o(i.setAddrWindow) for setAddrWindow
    st7735.o(i.ST7735_DrawBitmap) refers to st7735.o(i.writedata) for writedata
    st7735.o(i.ST7735_DrawBitmap) refers to st7735.o(.data) for _width
    st7735.o(i.ST7735_DrawChar) refers to st7735.o(i.setAddrWindow) for setAddrWindow
    st7735.o(i.ST7735_DrawChar) refers to st7735.o(i.pushColor) for pushColor
    st7735.o(i.ST7735_DrawChar) refers to st7735.o(.data) for _width
    st7735.o(i.ST7735_DrawChar) refers to st7735.o(.constdata) for Font
    st7735.o(i.ST7735_DrawCharS) refers to st7735.o(i.ST7735_DrawPixel) for ST7735_DrawPixel
    st7735.o(i.ST7735_DrawCharS) refers to st7735.o(i.ST7735_FillRect) for ST7735_FillRect
    st7735.o(i.ST7735_DrawCharS) refers to st7735.o(.data) for _width
    st7735.o(i.ST7735_DrawCharS) refers to st7735.o(.constdata) for Font
    st7735.o(i.ST7735_DrawFastHLine) refers to st7735.o(i.setAddrWindow) for setAddrWindow
    st7735.o(i.ST7735_DrawFastHLine) refers to st7735.o(i.writedata) for writedata
    st7735.o(i.ST7735_DrawFastHLine) refers to st7735.o(.data) for _width
    st7735.o(i.ST7735_DrawFastVLine) refers to st7735.o(i.setAddrWindow) for setAddrWindow
    st7735.o(i.ST7735_DrawFastVLine) refers to st7735.o(i.writedata) for writedata
    st7735.o(i.ST7735_DrawFastVLine) refers to st7735.o(.data) for _width
    st7735.o(i.ST7735_DrawPixel) refers to st7735.o(i.setAddrWindow) for setAddrWindow
    st7735.o(i.ST7735_DrawPixel) refers to st7735.o(i.pushColor) for pushColor
    st7735.o(i.ST7735_DrawPixel) refers to st7735.o(.data) for _width
    st7735.o(i.ST7735_DrawString) refers to st7735.o(i.ST7735_DrawCharS) for ST7735_DrawCharS
    st7735.o(i.ST7735_FillRect) refers to st7735.o(i.setAddrWindow) for setAddrWindow
    st7735.o(i.ST7735_FillRect) refers to st7735.o(i.writedata) for writedata
    st7735.o(i.ST7735_FillRect) refers to st7735.o(.data) for _width
    st7735.o(i.ST7735_FillScreen) refers to st7735.o(i.ST7735_FillRect) for ST7735_FillRect
    st7735.o(i.ST7735_FillScreen) refers to st7735.o(.data) for _height
    st7735.o(i.ST7735_InitB) refers to st7735.o(i.commonInit) for commonInit
    st7735.o(i.ST7735_InitB) refers to st7735.o(i.ST7735_SetCursor) for ST7735_SetCursor
    st7735.o(i.ST7735_InitB) refers to st7735.o(i.ST7735_FillScreen) for ST7735_FillScreen
    st7735.o(i.ST7735_InitB) refers to st7735.o(.constdata) for Bcmd
[...]
    rtexit.o(.ARM.Collect$$rtexit$$00000000) refers (Special) to rtexit2.o(.ARM.Collect$$rtexit$$00000003) for __rt_exit_ls
    rtexit.o(.ARM.Collect$$rtexit$$00000000) refers (Special) to rtexit2.o(.ARM.Collect$$rtexit$$00000002) for __rt_exit_prels_1
    rtexit.o(.ARM.exidx) refers (Special) to rtexit2.o(.ARM.Collect$$rtexit$$00000004) for __rt_exit_exit
    rtexit.o(.ARM.exidx) refers (Special) to rtexit2.o(.ARM.Collect$$rtexit$$00000003) for __rt_exit_ls
    rtexit.o(.ARM.exidx) refers (Special) to rtexit2.o(.ARM.Collect$$rtexit$$00000002) for __rt_exit_prels_1
    rtexit.o(.ARM.exidx) refers to rtexit.o(.ARM.Collect$$rtexit$$00000000) for .ARM.Collect$$rtexit$$00000000
    defsig_fpe_outer.o(.text) refers to defsig_fpe_inner.o(.text) for __rt_SIGFPE_inner
    defsig_fpe_outer.o(.text) refers to defsig_exit.o(.text) for __sig_exit
    defsig_fpe_formal.o(.text) refers to rt_raise.o(.text) for __rt_raise
    libinit2.o(.ARM.Collect$$libinit$$0000000E) refers to libinit2.o(.ARM.Collect$$libinit$$0000000D) for .ARM.Collect$$libinit$$0000000D
    libinit2.o(.ARM.Collect$$libinit$$00000010) refers to libinit2.o(.ARM.Collect$$libinit$$0000000D) for .ARM.Collect$$libinit$$0000000D
    libinit2.o(.ARM.Collect$$libinit$$00000012) refers to libinit2.o(.ARM.Collect$$libinit$$0000000D) for .ARM.Collect$$libinit$$0000000D
    libinit2.o(.ARM.Collect$$libinit$$00000014) refers to libinit2.o(.ARM.Collect$$libinit$$0000000D) for .ARM.Collect$$libinit$$0000000D
    libinit2.o(.ARM.Collect$$libinit$$00000016) refers to libinit2.o(.ARM.Collect$$libinit$$0000000D) for .ARM.Collect$$libinit$$0000000D
    libinit2.o(.ARM.Collect$$libinit$$00000024) refers to argv_veneer.o(.emb_text) for __ARM_argv_veneer
    libinit2.o(.ARM.Collect$$libinit$$00000025) refers to argv_veneer.o(.emb_text) for __ARM_argv_veneer
    trapv.o(x$fpl$trapveneer) refers (Special) to usenofp.o(x$fpl$usenofp) for __I$use$fp
    rtexit2.o(.ARM.Collect$$rtexit$$00000003) refers to libshutdown.o(.ARM.Collect$$libshutdown$$00000000) for __rt_lib_shutdown
    rtexit2.o(.ARM.Collect$$rtexit$$00000004) refers to sys_exit.o(.text) for _sys_exit
    rtexit2.o(.ARM.exidx) refers to rtexit2.o(.ARM.Collect$$rtexit$$00000001) for .ARM.Collect$$rtexit$$00000001
    rtexit2.o(.ARM.exidx) refers to rtexit2.o(.ARM.Collect$$rtexit$$00000003) for .ARM.Collect$$rtexit$$00000003
    rtexit2.o(.ARM.exidx) refers to rtexit2.o(.ARM.Collect$$rtexit$$00000004) for .ARM.Collect$$rtexit$$00000004
    rt_raise.o(.text) refers to __raise.o(.text) for __raise
    rt_raise.o(.text) refers to sys_exit.o(.text) for _sys_exit
    defsig_exit.o(.text) refers to sys_exit.o(.text) for _sys_exit
    defsig_fpe_inner.o(.text) refers to defsig_general.o(.text) for __default_signal_display
    argv_veneer.o(.emb_text) refers to no_argv.o(.text) for __ARM_get_argv
    sys_exit.o(.text) refers (Special) to use_no_semi.o(.text) for __I$use$semihosting
    sys_exit.o(.text) refers (Special) to indicate_semi.o(.text) for __semihosting_library_function
    __raise.o(.text) refers to defsig.o(CL$$defsig) for __default_signal_handler
    defsig_general.o(.text) refers to sys_wrch.o(.text) for _ttywrch
    _get_argv_nomalloc.o(.text) refers (Special) to hrguard.o(.text) for __heap_region$guard
    _get_argv_nomalloc.o(.text) refers to defsig_rtmem_outer.o(.text) for __rt_SIGRTMEM
    _get_argv_nomalloc.o(.text) refers to sys_command.o(.text) for _sys_command_string
    libshutdown.o(.ARM.Collect$$libshutdown$$00000000) refers (Special) to libshutdown2.o(.ARM.Collect$$libshutdown$$00000006) for __rt_lib_shutdown_fp_trap_1
    libshutdown.o(.ARM.Collect$$libshutdown$$00000000) refers (Special) to libshutdown2.o(.ARM.Collect$$libshutdown$$0000000E) for __rt_lib_shutdown_heap_1
    libshutdown.o(.ARM.Collect$$libshutdown$$00000000) refers (Special) to libshutdown2.o(.ARM.Collect$$libshutdown$$0000000F) for __rt_lib_shutdown_return
    libshutdown.o(.ARM.Collect$$libshutdown$$00000000) refers (Special) to libshutdown2.o(.ARM.Collect$$libshutdown$$00000009) for __rt_lib_shutdown_signal_1
    libshutdown.o(.ARM.Collect$$libshutdown$$00000000) refers (Special) to libshutdown2.o(.ARM.Collect$$libshutdown$$00000003) for __rt_lib_shutdown_stdio_1
    libshutdown.o(.ARM.Collect$$libshutdown$$00000000) refers (Special) to libshutdown2.o(.ARM.Collect$$libshutdown$$0000000B) for __rt_lib_shutdown_user_alloc_1
    sys_wrch.o(.text) refers (Special) to use_no_semi.o(.text) for __I$use$semihosting
    sys_wrch.o(.text) refers (Special) to indicate_semi.o(.text) for __semihosting_library_function
    sys_command.o(.text) refers (Special) to use_no_semi.o(.text) for __I$use$semihosting
    sys_command.o(.text) refers (Special) to indicate_semi.o(.text) for __semihosting_library_function
    defsig_rtmem_outer.o(.text) refers to defsig_rtmem_inner.o(.text) for __rt_SIGRTMEM_inner
    defsig_rtmem_outer.o(.text) refers to defsig_exit.o(.text) for __sig_exit
    defsig_rtmem_formal.o(.text) refers to rt_raise.o(.text) for __rt_raise
    defsig.o(CL$$defsig) refers to defsig_fpe_inner.o(.text) for __rt_SIGFPE_inner
    defsig.o(CL$$defsig) refers to defsig_rtmem_inner.o(.text) for __rt_SIGRTMEM_inner
    defsig_abrt_inner.o(.text) refers to defsig_general.o(.text) for __default_signal_display
    defsig_rtred_inner.o(.text) refers to defsig_general.o(.text) for __default_signal_display
    defsig_rtmem_inner.o(.text) refers to defsig_general.o(.text) for __default_signal_display
    defsig_stak_inner.o(.text) refers to defsig_general.o(.text) for __default_signal_display
    defsig_pvfn_inner.o(.text) refers to defsig_general.o(.text) for __default_signal_display
    defsig_cppl_inner.o(.text) refers to defsig_general.o(.text) for __default_signal_display
    defsig_segv_inner.o(.text) refers to defsig_general.o(.text) for __default_signal_display
    defsig_other.o(.text) refers to defsig_general.o(.text) for __default_signal_display


==============================================================================

Removing Unused input sections from the image.

    Removing fixed.o(i.ST7735_PlotBar_Lab2), (136 bytes).
    Removing fixed.o(i.ST7735_XYplot), (152 bytes).
    Removing fixed.o(i.ST7735_XYplotInit), (76 bytes).
    Removing fixed.o(i.ST7735_printBuf), (24 bytes).
    Removing fixed.o(i.ST7735_sDecOut3), (92 bytes).
    Removing fixed.o(i.ST7735_uBinOut8), (108 bytes).
    Removing fixed.o(i.get_lsd), (18 bytes).
    Removing fixed.o(.data), (16 bytes).
    Removing st7735.o(i.Output_Clear), (10 bytes).
    Removing st7735.o(i.Output_Color), (12 bytes).
    Removing st7735.o(i.Output_Init), (16 bytes).
    Removing st7735.o(i.Output_Off), (8 bytes).
    Removing st7735.o(i.Output_On), (8 bytes).
    Removing st7735.o(i.ST7735_Color565), (24 bytes).
    Removing st7735.o(i.ST7735_DrawBitmap), (288 bytes).
    Removing st7735.o(i.ST7735_DrawChar), (268 bytes).
    Removing st7735.o(i.ST7735_DrawCharS), (244 bytes).
    Removing st7735.o(i.ST7735_DrawFastHLine), (124 bytes).
    Removing st7735.o(i.ST7735_DrawFastVLine), (124 bytes).
    Removing st7735.o(i.ST7735_DrawString), (86 bytes).
    Removing st7735.o(i.ST7735_InitB), (40 bytes).
    Removing st7735.o(i.ST7735_InvertDisplay), (22 bytes).
    Removing st7735.o(i.ST7735_OutChar), (212 bytes).
    Removing st7735.o(i.ST7735_OutString), (24 bytes).
    Removing st7735.o(i.ST7735_OutUDec), (140 bytes).
    Removing st7735.o(i.ST7735_PlotBar), (88 bytes).
    Removing st7735.o(i.ST7735_PlotClear), (92 bytes).
    Removing st7735.o(i.ST7735_PlotLine), (264 bytes).
    Removing st7735.o(i.ST7735_PlotNext), (32 bytes).
    Removing st7735.o(i.ST7735_PlotNextErase), (64 bytes).
    Removing st7735.o(i.ST7735_PlotPoint), (152 bytes).
    Removing st7735.o(i.ST7735_PlotPoints), (172 bytes).
    Removing st7735.o(i.ST7735_PlotdBfs), (60 bytes).
    Removing st7735.o(i.ST7735_SetRotation), (212 bytes).
    Removing st7735.o(i.ST7735_SetTextColor), (12 bytes).
    Removing st7735.o(i.ST7735_SwapColor), (18 bytes).
    Removing st7735.o(i.ferror), (8 bytes).
    Removing st7735.o(i.fgetc), (6 bytes).
    Removing st7735.o(i.fillmessage), (72 bytes).
    Removing st7735.o(i.fputc), (16 bytes).
    Removing st7735.o(.bss), (12 bytes).
    Removing histogram.o(i.ST_drawData), (76 bytes).
    Removing histogram.o(i.calculateJitter), (50 bytes).
    Removing histogram.o(i.histogramify), (76 bytes).
    Removing histogram.o(i.resetNumOcurrences), (20 bytes).
    Removing histogram.o(.bss), (16380 bytes).
    Removing main.o(i.DelayWait10ms), (32 bytes).
    Removing main.o(i.Pause), (48 bytes).
    Removing main.o(i.Timer0A_Init100HzInt), (120 bytes).
    Removing speaker.o(i.Stop_Speaker), (12 bytes).
    Removing graphicsutil.o(i.attemptRender), (40 bytes).
    Removing graphicsutil.o(i.clearBuffer), (40 bytes).
    Removing graphicsutil.o(i.finishBuffer), (52 bytes).
    Removing graphicsutil.o(i.initBuffer), (12 bytes).
    Removing graphicsutil.o(i.nextBufferIndex), (18 bytes).
    Removing graphicsutil.o(i.renderBuffer), (108 bytes).
    Removing graphicsutil.o(i.setBuffer), (48 bytes).
    Removing graphicsutil.o(i.setPx), (92 bytes).
    Removing graphicsutil.o(.bss), (10 bytes).
    Removing math2.o(i.abs), (14 bytes).
    Removing math2.o(i.acosDeg), (84 bytes).
    Removing math2.o(i.asinDeg), (84 bytes).
    Removing math2.o(i.crossP), (112 bytes).
    Removing math2.o(i.easyPow), (20 bytes).
    Removing math2.o(i.floatMod), (72 bytes).
    Removing math2.o(i.intSwap), (10 bytes).
    Removing math2.o(i.rand), (56 bytes).
    Removing math2.o(i.randRange), (36 bytes).
    Removing math2.o(i.roundInt), (72 bytes).
    Removing math2.o(i.scalePoint), (22 bytes).
    Removing math2.o(i.setSeed), (12 bytes).
    Removing math2.o(i.tanDeg), (60 bytes).
    Removing math2.o(.data), (4 bytes).

73 unused section(s) (total 21444 bytes) removed from the image.

==============================================================================

Image Symbol Table

    Local Symbols

    Symbol Name                              Value     Ov Type        Size  Object(Section)

    RESET                                    0x00000000   Section      644  startup.o(RESET)
    ../clib/angel/boardlib.s                 0x00000000   Number         0  boardshut.o ABSOLUTE
    ../clib/angel/boardlib.s                 0x00000000   Number         0  boardinit3.o ABSOLUTE
    ../clib/angel/boardlib.s                 0x00000000   Number         0  boardinit2.o ABSOLUTE
    ../clib/angel/boardlib.s                 0x00000000   Number         0  boardinit1.o ABSOLUTE
    ../clib/angel/handlers.s                 0x00000000   Number         0  __scatter_zi.o ABSOLUTE
    ../clib/angel/handlers.s                 0x00000000   Number         0  __scatter_copy.o ABSOLUTE
    ../clib/angel/kernel.s                   0x00000000   Number         0  rtexit2.o ABSOLUTE
    ../clib/angel/kernel.s                   0x00000000   Number         0  rtentry2.o ABSOLUTE
    ../clib/angel/kernel.s                   0x00000000   Number         0  rtentry4.o ABSOLUTE
    ../clib/angel/kernel.s                   0x00000000   Number         0  rtentry.o ABSOLUTE
    ../clib/angel/kernel.s                   0x00000000   Number         0  rtexit.o ABSOLUTE
    ../clib/angel/rt.s                       0x00000000   Number         0  aeabi_ldiv0.o ABSOLUTE
    ../clib/angel/rt.s                       0x00000000   Number         0  rt_errno_addr_intlibspace.o ABSOLUTE
    ../clib/angel/rt.s                       0x00000000   Number         0  rt_div0.o ABSOLUTE
    ../clib/angel/rt.s                       0x00000000   Number         0  aeabi_ldiv0_sigfpe.o ABSOLUTE
    ../clib/angel/rt.s                       0x00000000   Number         0  rt_raise.o ABSOLUTE
    ../clib/angel/rt.s                       0x00000000   Number         0  rt_errno_addr.o ABSOLUTE
    ../clib/angel/scatter.s                  0x00000000   Number         0  __scatter.o ABSOLUTE
    ../clib/angel/startup.s                  0x00000000   Number         0  __main.o ABSOLUTE
    ../clib/angel/sys.s                      0x00000000   Number         0  libspace.o ABSOLUTE
    ../clib/angel/sys.s                      0x00000000   Number         0  sys_stackheap_outer.o ABSOLUTE
    ../clib/angel/sys.s                      0x00000000   Number         0  use_no_semi.o ABSOLUTE
    ../clib/angel/sys.s                      0x00000000   Number         0  indicate_semi.o ABSOLUTE
    ../clib/angel/sysapp.c                   0x00000000   Number         0  sys_wrch.o ABSOLUTE
    ../clib/angel/sysapp.c                   0x00000000   Number         0  sys_command.o ABSOLUTE
    ../clib/angel/sysapp.c                   0x00000000   Number         0  sys_exit.o ABSOLUTE
    ../clib/armsys.c                         0x00000000   Number         0  no_argv.o ABSOLUTE
    ../clib/armsys.c                         0x00000000   Number         0  _get_argv_nomalloc.o ABSOLUTE
    ../clib/armsys.c                         0x00000000   Number         0  argv_veneer.o ABSOLUTE
    ../clib/armsys.c                         0x00000000   Number         0  argv_veneer.o ABSOLUTE
    ../clib/fenv.c                           0x00000000   Number         0  _rserrno.o ABSOLUTE
    ../clib/heapalloc.c                      0x00000000   Number         0  hrguard.o ABSOLUTE
    ../clib/heapaux.c                        0x00000000   Number         0  heapauxi.o ABSOLUTE
    ../clib/libinit.s                        0x00000000   Number         0  libinit.o ABSOLUTE
    ../clib/libinit.s                        0x00000000   Number         0  libshutdown.o ABSOLUTE
    ../clib/libinit.s                        0x00000000   Number         0  libshutdown2.o ABSOLUTE
    ../clib/libinit.s                        0x00000000   Number         0  libinit2.o ABSOLUTE
    ../clib/longlong.s                       0x00000000   Number         0  llsdiv.o ABSOLUTE
    ../clib/longlong.s                       0x00000000   Number         0  lludivv7m.o ABSOLUTE
    ../clib/memcpset.s                       0x00000000   Number         0  rt_memclr_w.o ABSOLUTE
    ../clib/memcpset.s                       0x00000000   Number         0  rt_memclr.o ABSOLUTE
    ../clib/signal.c                         0x00000000   Number         0  defsig_fpe_formal.o ABSOLUTE
    ../clib/signal.c                         0x00000000   Number         0  defsig_fpe_outer.o ABSOLUTE
    ../clib/signal.c                         0x00000000   Number         0  __raise.o ABSOLUTE
    ../clib/signal.c                         0x00000000   Number         0  defsig_exit.o ABSOLUTE
    ../clib/signal.c                         0x00000000   Number         0  defsig_cppl_inner.o ABSOLUTE
    ../clib/signal.c                         0x00000000   Number         0  defsig_fpe_inner.o ABSOLUTE
    ../clib/signal.c                         0x00000000   Number         0  defsig_segv_inner.o ABSOLUTE
    ../clib/signal.c                         0x00000000   Number         0  defsig_other.o ABSOLUTE
    ../clib/signal.c                         0x00000000   Number         0  defsig_abrt_inner.o ABSOLUTE
    ../clib/signal.c                         0x00000000   Number         0  defsig_general.o ABSOLUTE
    ../clib/signal.c                         0x00000000   Number         0  defsig_rtmem_outer.o ABSOLUTE
    ../clib/signal.c                         0x00000000   Number         0  defsig_rtmem_formal.o ABSOLUTE
    ../clib/signal.c                         0x00000000   Number         0  defsig_pvfn_inner.o ABSOLUTE
    ../clib/signal.c                         0x00000000   Number         0  defsig_stak_inner.o ABSOLUTE
    ../clib/signal.c                         0x00000000   Number         0  defsig_rtmem_inner.o ABSOLUTE
    ../clib/signal.c                         0x00000000   Number         0  defsig_rtred_inner.o ABSOLUTE
    ../clib/signal.s                         0x00000000   Number         0  defsig.o ABSOLUTE
    ../clib/stdlib.c                         0x00000000   Number         0  exit.o ABSOLUTE
    ../fplib/d2f.s                           0x00000000   Number         0  d2f.o ABSOLUTE
    ../fplib/daddsub.s                       0x00000000   Number         0  daddsub_clz.o ABSOLUTE
    ../fplib/dcheck1.s                       0x00000000   Number         0  dcheck1.o ABSOLUTE
    ../fplib/dcmpi.s                         0x00000000   Number         0  dcmpi.o ABSOLUTE
    ../fplib/ddiv.s                          0x00000000   Number         0  ddiv.o ABSOLUTE
    ../fplib/dfix.s                          0x00000000   Number         0  dfix.o ABSOLUTE
    ../fplib/dflt.s                          0x00000000   Number         0  dflt_clz.o ABSOLUTE
    ../fplib/dleqf.s                         0x00000000   Number         0  dleqf.o ABSOLUTE
    ../fplib/dmul.s                          0x00000000   Number         0  dmul.o ABSOLUTE
    ../fplib/dnaninf.s                       0x00000000   Number         0  dnaninf.o ABSOLUTE
    ../fplib/dretinf.s                       0x00000000   Number         0  dretinf.o ABSOLUTE
    ../fplib/dsqrt.s                         0x00000000   Number         0  dsqrt_umaal.o ABSOLUTE
    ../fplib/f2d.s                           0x00000000   Number         0  f2d.o ABSOLUTE
    ../fplib/faddsub.s                       0x00000000   Number         0  faddsub_clz.o ABSOLUTE
    ../fplib/fcmpi.s                         0x00000000   Number         0  fcmpi.o ABSOLUTE
    ../fplib/ffix.s                          0x00000000   Number         0  ffix.o ABSOLUTE
    ../fplib/fflt.s                          0x00000000   Number         0  fflt_clz.o ABSOLUTE
    ../fplib/fleqf.s                         0x00000000   Number         0  fleqf.o ABSOLUTE
    ../fplib/fmul.s                          0x00000000   Number         0  fmul.o ABSOLUTE
    ../fplib/fnaninf.s                       0x00000000   Number         0  fnaninf.o ABSOLUTE
    ../fplib/fpinit.s                        0x00000000   Number         0  fpinit.o ABSOLUTE
    ../fplib/fretinf.s                       0x00000000   Number         0  fretinf.o ABSOLUTE
    ../fplib/retnan.s                        0x00000000   Number         0  retnan.o ABSOLUTE
    ../fplib/scalbn.s                        0x00000000   Number         0  scalbn.o ABSOLUTE
    ../fplib/trapv.s                         0x00000000   Number         0  trapv.o ABSOLUTE
    ../fplib/usenofp.s                       0x00000000   Number         0  usenofp.o ABSOLUTE
    ../mathlib/acos.c                        0x00000000   Number         0  acos.o ABSOLUTE
    ../mathlib/acos.c                        0x00000000   Number         0  acos_x.o ABSOLUTE
    ../mathlib/asin.c                        0x00000000   Number         0  asin.o ABSOLUTE
    ../mathlib/asin.c                        0x00000000   Number         0  asin_x.o ABSOLUTE
    ../mathlib/atan.c                        0x00000000   Number         0  atan_x.o ABSOLUTE
    ../mathlib/atan.c                        0x00000000   Number         0  atan.o ABSOLUTE
    ../mathlib/atan2.c                       0x00000000   Number         0  atan2_x.o ABSOLUTE
    ../mathlib/atan2.c                       0x00000000   Number         0  atan2.o ABSOLUTE
    ../mathlib/cos.c                         0x00000000   Number         0  cos_x.o ABSOLUTE
    ../mathlib/cos.c                         0x00000000   Number         0  cos.o ABSOLUTE
    ../mathlib/cos_i.c                       0x00000000   Number         0  cos_i.o ABSOLUTE
    ../mathlib/dunder.c                      0x00000000   Number         0  dunder.o ABSOLUTE
    ../mathlib/fpclassify.c                  0x00000000   Number         0  fpclassify.o ABSOLUTE
    ../mathlib/poly.c                        0x00000000   Number         0  poly.o ABSOLUTE
    ../mathlib/qnan.c                        0x00000000   Number         0  qnan.o ABSOLUTE
    ../mathlib/rred.c                        0x00000000   Number         0  rred.o ABSOLUTE
    ../mathlib/sin.c                         0x00000000   Number         0  sin.o ABSOLUTE
    ../mathlib/sin.c                         0x00000000   Number         0  sin_x.o ABSOLUTE
    ../mathlib/sin_i.c                       0x00000000   Number         0  sin_i.o ABSOLUTE
    ../mathlib/sin_i.c                       0x00000000   Number         0  sin_i_x.o ABSOLUTE
    ../mathlib/sqrt.c                        0x00000000   Number         0  sqrt.o ABSOLUTE
    ../mathlib/sqrt.c                        0x00000000   Number         0  sqrt_x.o ABSOLUTE
    ../mathlib/tan.c                         0x00000000   Number         0  tan_x.o ABSOLUTE
    ../mathlib/tan.c                         0x00000000   Number         0  tan.o ABSOLUTE
    ../mathlib/tan_i.c                       0x00000000   Number         0  tan_i_x.o ABSOLUTE
    ../mathlib/tan_i.c                       0x00000000   Number         0  tan_i.o ABSOLUTE
    ..\PeriodicTimer0AInts_4C123\Timer0A.c   0x00000000   Number         0  timer0a.o ABSOLUTE
    PLL.c                                    0x00000000   Number         0  pll.o ABSOLUTE
    ST7735.c                                 0x00000000   Number         0  st7735.o ABSOLUTE
    Timer1.c                                 0x00000000   Number         0  timer1.o ABSOLUTE
    dc.s                                     0x00000000   Number         0  dc.o ABSOLUTE
    drawLib\draw2D.c                         0x00000000   Number         0  draw2d.o ABSOLUTE
    drawLib\graphicsUtil.c                   0x00000000   Number         0  graphicsutil.o ABSOLUTE
    drawLib\math2.c                          0x00000000   Number         0  math2.o ABSOLUTE
    fixed.c                                  0x00000000   Number         0  fixed.o ABSOLUTE
    histogram.c                              0x00000000   Number         0  histogram.o ABSOLUTE
    main.c                                   0x00000000   Number         0  main.o ABSOLUTE
    speaker.c                                0x00000000   Number         0  speaker.o ABSOLUTE
    startup.s                                0x00000000   Number         0  startup.o ABSOLUTE
    switch.c                                 0x00000000   Number         0  switch.o ABSOLUTE
    !!!main                                  0x00000284   Section        8  __main.o(!!!main)
    !!!scatter                               0x0000028c   Section       52  __scatter.o(!!!scatter)
    !!handler_copy                           0x000002c0   Section       26  __scatter_copy.o(!!handler_copy)
    !!handler_zi                             0x000002dc   Section       28  __scatter_zi.o(!!handler_zi)
    .ARM.Collect$$libinit$$00000000          0x000002f8   Section        2  libinit.o(.ARM.Collect$$libinit$$00000000)
    .ARM.Collect$$libinit$$00000002          0x000002fa   Section        0  libinit2.o(.ARM.Collect$$libinit$$00000002)
    .ARM.Collect$$libinit$$00000008          0x000002fa   Section        0  libinit2.o(.ARM.Collect$$libinit$$00000008)
    .ARM.Collect$$libinit$$0000000A          0x000002fa   Section        0  libinit2.o(.ARM.Collect$$libinit$$0000000A)
    .ARM.Collect$$libinit$$0000000C          0x000002fa   Section        0  libinit2.o(.ARM.Collect$$libinit$$0000000C)
    .ARM.Collect$$libinit$$0000000F          0x000002fa   Section        0  libinit2.o(.ARM.Collect$$libinit$$0000000F)
    .ARM.Collect$$libinit$$00000011          0x000002fa   Section        0  libinit2.o(.ARM.Collect$$libinit$$00000011)
    .ARM.Collect$$libinit$$00000013          0x000002fa   Section        0  libinit2.o(.ARM.Collect$$libinit$$00000013)
    .ARM.Collect$$libinit$$00000015          0x000002fa   Section        0  libinit2.o(.ARM.Collect$$libinit$$00000015)
    .ARM.Collect$$libinit$$00000017          0x000002fa   Section        0  libinit2.o(.ARM.Collect$$libinit$$00000017)
    .ARM.Collect$$libinit$$00000019          0x000002fa   Section        0  libinit2.o(.ARM.Collect$$libinit$$00000019)
    .ARM.Collect$$libinit$$0000001B          0x000002fa   Section        0  libinit2.o(.ARM.Collect$$libinit$$0000001B)
    .ARM.Collect$$libinit$$0000001D          0x000002fa   Section        0  libinit2.o(.ARM.Collect$$libinit$$0000001D)
    .ARM.Collect$$libinit$$0000001F          0x000002fa   Section        0  libinit2.o(.ARM.Collect$$libinit$$0000001F)
    .ARM.Collect$$libinit$$00000021          0x000002fa   Section        0  libinit2.o(.ARM.Collect$$libinit$$00000021)
    .ARM.Collect$$libinit$$00000023          0x000002fa   Section        0  libinit2.o(.ARM.Collect$$libinit$$00000023)
    .ARM.Collect$$libinit$$0000002A          0x000002fa   Section        0  libinit2.o(.ARM.Collect$$libinit$$0000002A)
    .ARM.Collect$$libinit$$0000002C          0x000002fa   Section        0  libinit2.o(.ARM.Collect$$libinit$$0000002C)
    .ARM.Collect$$libinit$$0000002E          0x000002fa   Section        0  libinit2.o(.ARM.Collect$$libinit$$0000002E)
    .ARM.Collect$$libinit$$00000030          0x000002fa   Section        0  libinit2.o(.ARM.Collect$$libinit$$00000030)
    .ARM.Collect$$libinit$$00000031          0x000002fa   Section        2  libinit2.o(.ARM.Collect$$libinit$$00000031)
    .ARM.Collect$$libshutdown$$00000000      0x000002fc   Section        2  libshutdown.o(.ARM.Collect$$libshutdown$$00000000)
    .ARM.Collect$$libshutdown$$00000003      0x000002fe   Section        0  libshutdown2.o(.ARM.Collect$$libshutdown$$00000003)
    .ARM.Collect$$libshutdown$$00000006      0x000002fe   Section        0  libshutdown2.o(.ARM.Collect$$libshutdown$$00000006)
    .ARM.Collect$$libshutdown$$00000009      0x000002fe   Section        0  libshutdown2.o(.ARM.Collect$$libshutdown$$00000009)
    .ARM.Collect$$libshutdown$$0000000B      0x000002fe   Section        0  libshutdown2.o(.ARM.Collect$$libshutdown$$0000000B)
    .ARM.Collect$$libshutdown$$0000000E      0x000002fe   Section        0  libshutdown2.o(.ARM.Collect$$libshutdown$$0000000E)
    .ARM.Collect$$libshutdown$$0000000F      0x000002fe   Section        2  libshutdown2.o(.ARM.Collect$$libshutdown$$0000000F)
    .ARM.Collect$$rtentry$$00000000          0x00000300   Section        0  rtentry.o(.ARM.Collect$$rtentry$$00000000)
    .ARM.Collect$$rtentry$$00000002          0x00000300   Section        0  rtentry2.o(.ARM.Collect$$rtentry$$00000002)
    .ARM.Collect$$rtentry$$00000004          0x00000300   Section        6  rtentry4.o(.ARM.Collect$$rtentry$$00000004)
    .ARM.Collect$$rtentry$$00000009          0x00000306   Section        0  rtentry2.o(.ARM.Collect$$rtentry$$00000009)
    .ARM.Collect$$rtentry$$0000000A          0x00000306   Section        4  rtentry2.o(.ARM.Collect$$rtentry$$0000000A)
    .ARM.Collect$$rtentry$$0000000C          0x0000030a   Section        0  rtentry2.o(.ARM.Collect$$rtentry$$0000000C)
    .ARM.Collect$$rtentry$$0000000D          0x0000030a   Section        8  rtentry2.o(.ARM.Collect$$rtentry$$0000000D)
    .ARM.Collect$$rtexit$$00000000           0x00000312   Section        2  rtexit.o(.ARM.Collect$$rtexit$$00000000)
    .ARM.Collect$$rtexit$$00000002           0x00000314   Section        0  rtexit2.o(.ARM.Collect$$rtexit$$00000002)
    .ARM.Collect$$rtexit$$00000003           0x00000314   Section        4  rtexit2.o(.ARM.Collect$$rtexit$$00000003)
    .ARM.Collect$$rtexit$$00000004           0x00000318   Section        6  rtexit2.o(.ARM.Collect$$rtexit$$00000004)
    .text                                    0x00000320   Section       48  startup.o(.text)
    .text                                    0x00000350   Section        0  heapauxi.o(.text)
    .text                                    0x00000356   Section        0  _rserrno.o(.text)
    .text                                    0x0000036c   Section        8  rt_errno_addr_intlibspace.o(.text)
    .text                                    0x00000374   Section        8  libspace.o(.text)
    .text                                    0x0000037c   Section       74  sys_stackheap_outer.o(.text)
    .text                                    0x000003c6   Section        0  exit.o(.text)
    .text                                    0x000003d4   Section        0  sys_exit.o(.text)
    .text                                    0x000003e0   Section        2  use_no_semi.o(.text)
    .text                                    0x000003e2   Section        0  indicate_semi.o(.text)
    i.Delay1ms                               0x000003e2   Section        0  st7735.o(i.Delay1ms)
    i.PLL_Init                               0x00000404   Section        0  pll.o(i.PLL_Init)
    i.ST7735_DrawPixel                       0x00000480   Section        0  st7735.o(i.ST7735_DrawPixel)
    i.ST7735_FillRect                        0x000004c8   Section        0  st7735.o(i.ST7735_FillRect)
    i.ST7735_FillScreen                      0x00000574   Section        0  st7735.o(i.ST7735_FillScreen)
    i.ST7735_InitR                           0x00000598   Section        0  st7735.o(i.ST7735_InitR)
    i.ST7735_SetCursor                       0x00000614   Section        0  st7735.o(i.ST7735_SetCursor)
    i.SpeakerTask                            0x00000634   Section        0  switch.o(i.SpeakerTask)
    i.Start_Speaker                          0x00000648   Section        0  speaker.o(i.Start_Speaker)
    i.Timer0A_Handler                        0x00000654   Section        0  timer0a.o(i.Timer0A_Handler)
    i.Timer0A_Init                           0x0000066c   Section        0  timer0a.o(i.Timer0A_Init)
    i.Timer1A_Handler                        0x000006e0   Section        0  timer1.o(i.Timer1A_Handler)
    i.Timer1_Init                            0x000006f8   Section        0  timer1.o(i.Timer1_Init)
    i.UserTask                               0x00000748   Section        0  main.o(i.UserTask)
    i.__ARM_fpclassify                       0x0000074a   Section        0  fpclassify.o(i.__ARM_fpclassify)
    i.__ieee754_rem_pio2                     0x00000774   Section        0  rred.o(i.__ieee754_rem_pio2)
    i.__kernel_cos                           0x00000afc   Section        0  cos_i.o(i.__kernel_cos)
    i.__kernel_poly                          0x00000bf8   Section        0  poly.o(i.__kernel_poly)
    i.__kernel_sin                           0x00000ca4   Section        0  sin_i.o(i.__kernel_sin)
    i.__mathlib_dbl_underflow                0x00000d90   Section        0  dunder.o(i.__mathlib_dbl_underflow)
    i.atan                                   0x00000da0   Section        0  atan.o(i.atan)
    i.atan2                                  0x00000fc4   Section        0  atan2.o(i.atan2)
    i.atan2Deg                               0x00001144   Section        0  math2.o(i.atan2Deg)
    i.commandList                            0x000011ac   Section        0  st7735.o(i.commandList)
    commandList                              0x000011ad   Thumb Code    86  st7735.o(i.commandList)
    i.commonInit                             0x00001204   Section        0  st7735.o(i.commonInit)
    commonInit                               0x00001205   Thumb Code   340  st7735.o(i.commonInit)
    i.cos                                    0x00001388   Section        0  cos.o(i.cos)
    i.cosDeg                                 0x00001434   Section        0  math2.o(i.cosDeg)
    i.dist                                   0x00001470   Section        0  math2.o(i.dist)
    i.drawCircle                             0x0000148e   Section        0  draw2d.o(i.drawCircle)
    i.drawHands                              0x00001596   Section        0  main.o(i.drawHands)
    i.drawLine                               0x0000163a   Section        0  draw2d.o(i.drawLine)
    i.fastSqrt                               0x000016da   Section        0  math2.o(i.fastSqrt)
    i.init_lcd                               0x00001706   Section        0  main.o(i.init_lcd)
    i.init_switches                          0x00001710   Section        0  switch.o(i.init_switches)
    i.init_timers                            0x00001820   Section        0  main.o(i.init_timers)
    i.main                                   0x00001838   Section        0  main.o(i.main)
    i.point_new                              0x00001904   Section        0  math2.o(i.point_new)
    i.pushColor                              0x00001914   Section        0  st7735.o(i.pushColor)
    pushColor                                0x00001915   Thumb Code    18  st7735.o(i.pushColor)
    i.rotPoint                               0x00001926   Section        0  math2.o(i.rotPoint)
    i.roundSho                               0x000019e8   Section        0  math2.o(i.roundSho)
    i.setAddrWindow                          0x00001a34   Section        0  st7735.o(i.setAddrWindow)
    setAddrWindow                            0x00001a35   Thumb Code   106  st7735.o(i.setAddrWindow)
    i.sin                                    0x00001aa8   Section        0  sin.o(i.sin)
    i.sinDeg                                 0x00001b58   Section        0  math2.o(i.sinDeg)
    i.writecommand                           0x00001b94   Section        0  st7735.o(i.writecommand)
    writecommand                             0x00001b95   Thumb Code    40  st7735.o(i.writecommand)
    i.writedata                              0x00001bc4   Section        0  st7735.o(i.writedata)
    writedata                                0x00001bc5   Thumb Code    24  st7735.o(i.writedata)
    x$fpl$d2f                                0x00001be4   Section       98  d2f.o(x$fpl$d2f)
    x$fpl$dadd                               0x00001c48   Section      336  daddsub_clz.o(x$fpl$dadd)
    _dadd1                                   0x00001c59   Thumb Code     0  daddsub_clz.o(x$fpl$dadd)
    x$fpl$dcheck1                            0x00001d98   Section       16  dcheck1.o(x$fpl$dcheck1)
    x$fpl$ddiv                               0x00001da8   Section      688  ddiv.o(x$fpl$ddiv)
    ddiv_entry                               0x00001daf   Thumb Code     0  ddiv.o(x$fpl$ddiv)
    x$fpl$dfix                               0x00002058   Section       94  dfix.o(x$fpl$dfix)
    x$fpl$dflt                               0x000020b6   Section       46  dflt_clz.o(x$fpl$dflt)
    x$fpl$dfltu                              0x000020e4   Section       38  dflt_clz.o(x$fpl$dfltu)
    x$fpl$dmul                               0x0000210c   Section      340  dmul.o(x$fpl$dmul)
    x$fpl$dnaninf                            0x00002260   Section      156  dnaninf.o(x$fpl$dnaninf)
    x$fpl$dretinf                            0x000022fc   Section       12  dretinf.o(x$fpl$dretinf)
    x$fpl$drsb                               0x00002308   Section       22  daddsub_clz.o(x$fpl$drsb)
    x$fpl$dsub                               0x00002320   Section      468  daddsub_clz.o(x$fpl$dsub)
    _dsub1                                   0x00002331   Thumb Code     0  daddsub_clz.o(x$fpl$dsub)
    x$fpl$f2d                                0x000024f4   Section       86  f2d.o(x$fpl$f2d)
    x$fpl$fadd                               0x0000254c   Section      196  faddsub_clz.o(x$fpl$fadd)
    _fadd1                                   0x0000255b   Thumb Code     0  faddsub_clz.o(x$fpl$fadd)
    x$fpl$fcmpinf                            0x00002610   Section       24  fcmpi.o(x$fpl$fcmpinf)
    x$fpl$ffix                               0x00002628   Section       54  ffix.o(x$fpl$ffix)
    x$fpl$fflt                               0x00002660   Section       48  fflt_clz.o(x$fpl$fflt)
    x$fpl$ffltu                              0x00002690   Section       38  fflt_clz.o(x$fpl$ffltu)
    x$fpl$fleqf                              0x000026b8   Section      104  fleqf.o(x$fpl$fleqf)
    x$fpl$fmul                               0x00002720   Section      258  fmul.o(x$fpl$fmul)
    x$fpl$fnaninf                            0x00002822   Section      140  fnaninf.o(x$fpl$fnaninf)
    x$fpl$fretinf                            0x000028ae   Section       10  fretinf.o(x$fpl$fretinf)
    x$fpl$frsb                               0x000028b8   Section       20  faddsub_clz.o(x$fpl$frsb)
    x$fpl$fsub                               0x000028cc   Section      234  faddsub_clz.o(x$fpl$fsub)
    _fsub1                                   0x000028db   Thumb Code     0  faddsub_clz.o(x$fpl$fsub)
    x$fpl$retnan                             0x000029b6   Section      100  retnan.o(x$fpl$retnan)
    x$fpl$scalbn                             0x00002a1a   Section       92  scalbn.o(x$fpl$scalbn)
    x$fpl$trapveneer                         0x00002a76   Section       48  trapv.o(x$fpl$trapveneer)
    .constdata                               0x00002aa6   Section     2018  st7735.o(.constdata)
    x$fpl$usenofp                            0x00002aa6   Section        0  usenofp.o(x$fpl$usenofp)
    Font                                     0x00002aa6   Data        1275  st7735.o(.constdata)
    Bcmd                                     0x00002fa1   Data         103  st7735.o(.constdata)
    Rcmd1                                    0x00003008   Data          59  st7735.o(.constdata)
    Rcmd2green                               0x00003043   Data          13  st7735.o(.constdata)
    Rcmd2red                                 0x00003050   Data          13  st7735.o(.constdata)
    Rcmd3                                    0x0000305d   Data          43  st7735.o(.constdata)
    .constdata                               0x00003288   Section      152  atan.o(.constdata)
    atanhi                                   0x00003288   Data          32  atan.o(.constdata)
    atanlo                                   0x000032a8   Data          32  atan.o(.constdata)
    aTodd                                    0x000032c8   Data          40  atan.o(.constdata)
    aTeven                                   0x000032f0   Data          48  atan.o(.constdata)
    .constdata                               0x00003320   Section       48  cos_i.o(.constdata)
    C                                        0x00003320   Data          48  cos_i.o(.constdata)
    .constdata                               0x00003350   Section        8  qnan.o(.constdata)
    .constdata                               0x00003358   Section      200  rred.o(.constdata)
    pio2s                                    0x00003358   Data          48  rred.o(.constdata)
    twooverpi                                0x00003388   Data         152  rred.o(.constdata)
    .constdata                               0x00003420   Section       40  sin_i.o(.constdata)
    S                                        0x00003420   Data          40  sin_i.o(.constdata)
    .data                                    0x20000000   Section       44  st7735.o(.data)
    _width                                   0x2000000a   Data           2  st7735.o(.data)
    _height                                  0x2000000c   Data           2  st7735.o(.data)
    ColStart                                 0x20000014   Data           1  st7735.o(.data)
    RowStart                                 0x20000015   Data           1  st7735.o(.data)
    Rotation                                 0x20000016   Data           1  st7735.o(.data)
    TabColor                                 0x20000017   Data           1  st7735.o(.data)
    .data                                    0x2000002c   Section        4  timer1.o(.data)
    .data                                    0x20000030   Section       20  main.o(.data)
    radius                                   0x20000040   Data           4  main.o(.data)
    .data                                    0x20000044   Section        4  timer0a.o(.data)
    .bss                                     0x20000048   Section       96  libspace.o(.bss)
    HEAP                                     0x200000a8   Section        0  startup.o(HEAP)
    STACK                                    0x200000a8   Section     1024  startup.o(STACK)
    HeapMem                                  0x200000a8   Data           0  startup.o(HEAP)
    StackMem                                 0x200000a8   Data           0  startup.o(STACK)

    Global Symbols

    Symbol Name                              Value     Ov Type        Size  Object(Section)

    BuildAttributes$$THM_ISAv4$E$P$D$K$B$S$7EM$PE$A:L22UL41UL21$X:L11$S22US41US21$IEEE1$IW$USESV6$~STKCKD$USESV7$~SHL$OTIME$ROPI$IEEEX$EBA8$UX$STANDARDLIB$REQ8$PRES8$EABIv2 0x00000000   Number         0  anon$$obj.o ABSOLUTE
    __ARM_use_no_argv                        0x00000000   Number         0  main.o ABSOLUTE
    __Vectors                                0x00000000   Data           0  startup.o(RESET)
    __ARM_exceptions_init                     - Undefined Weak Reference
    __alloca_initialize                       - Undefined Weak Reference
    __cpp_initialize__aeabi_                  - Undefined Weak Reference
    __cxa_finalize                            - Undefined Weak Reference
    __rt_locale                               - Undefined Weak Reference
    __sigvec_lookup                           - Undefined Weak Reference
    _atexit_init                              - Undefined Weak Reference
    _call_atexit_fns                          - Undefined Weak Reference
    _clock_init                               - Undefined Weak Reference
    _fp_trap_init                             - Undefined Weak Reference
    _fp_trap_shutdown                         - Undefined Weak Reference
    _get_lc_collate                           - Undefined Weak Reference
    _get_lc_ctype                             - Undefined Weak Reference
    _get_lc_monetary                          - Undefined Weak Reference
    _get_lc_numeric                           - Undefined Weak Reference
    _get_lc_time                              - Undefined Weak Reference
    _getenv_init                              - Undefined Weak Reference
    _handle_redirection                       - Undefined Weak Reference
    _init_alloc                               - Undefined Weak Reference
    _init_user_alloc                          - Undefined Weak Reference
    _initio                                   - Undefined Weak Reference
    _rand_init                                - Undefined Weak Reference
    _signal_finish                            - Undefined Weak Reference
    _signal_init                              - Undefined Weak Reference
    _terminate_alloc                          - Undefined Weak Reference
    _terminate_user_alloc                     - Undefined Weak Reference
    _terminateio                              - Undefined Weak Reference
    Reset_Handler                            0x0000026d   Thumb Code     0  startup.o(RESET)
    NMI_Handler                              0x00000271   Thumb Code     2  startup.o(RESET)
    HardFault_Handler                        0x00000273   Thumb Code     2  startup.o(RESET)
    MemManage_Handler                        0x00000275   Thumb Code     2  startup.o(RESET)
    BusFault_Handler                         0x00000277   Thumb Code     2  startup.o(RESET)
    UsageFault_Handler                       0x00000279   Thumb Code     2  startup.o(RESET)
    SVC_Handler                              0x0000027b   Thumb Code     2  startup.o(RESET)
    DebugMon_Handler                         0x0000027d   Thumb Code     2  startup.o(RESET)
    PendSV_Handler                           0x0000027f   Thumb Code     2  startup.o(RESET)
    SysTick_Handler                          0x00000281   Thumb Code     2  startup.o(RESET)
    ADC0Seq0_Handler                         0x00000283   Thumb Code     0  startup.o(RESET)
    ADC0Seq1_Handler                         0x00000283   Thumb Code     0  startup.o(RESET)
    ADC0Seq2_Handler                         0x00000283   Thumb Code     0  startup.o(RESET)
    ADC0Seq3_Handler                         0x00000283   Thumb Code     0  startup.o(RESET)
    ADC1Seq0_Handler                         0x00000283   Thumb Code     0  startup.o(RESET)
    ADC1Seq1_Handler                         0x00000283   Thumb Code     0  startup.o(RESET)
    ADC1Seq2_Handler                         0x00000283   Thumb Code     0  startup.o(RESET)
    ADC1Seq3_Handler                         0x00000283   Thumb Code     0  startup.o(RESET)
    CAN0_Handler                             0x00000283   Thumb Code     0  startup.o(RESET)
    CAN1_Handler                             0x00000283   Thumb Code     0  startup.o(RESET)
    CAN2_Handler                             0x00000283   Thumb Code     0  startup.o(RESET)
    Comp0_Handler                            0x00000283   Thumb Code     0  startup.o(RESET)
    Comp1_Handler                            0x00000283   Thumb Code     0  startup.o(RESET)
    Comp2_Handler                            0x00000283   Thumb Code     0  startup.o(RESET)
    Ethernet_Handler                         0x00000283   Thumb Code     0  startup.o(RESET)
    ExtBus_Handler                           0x00000283   Thumb Code     0  startup.o(RESET)
    FPU_Handler                              0x00000283   Thumb Code     0  startup.o(RESET)
    Fan0_Handler                             0x00000283   Thumb Code     0  startup.o(RESET)
    FlashCtl_Handler                         0x00000283   Thumb Code     0  startup.o(RESET)
    GPIOPortA_Handler                        0x00000283   Thumb Code     0  startup.o(RESET)
    GPIOPortB_Handler                        0x00000283   Thumb Code     0  startup.o(RESET)
    GPIOPortC_Handler                        0x00000283   Thumb Code     0  startup.o(RESET)
    GPIOPortD_Handler                        0x00000283   Thumb Code     0  startup.o(RESET)
    GPIOPortE_Handler                        0x00000283   Thumb Code     0  startup.o(RESET)
    GPIOPortF_Handler                        0x00000283   Thumb Code     0  startup.o(RESET)
    GPIOPortG_Handler                        0x00000283   Thumb Code     0  startup.o(RESET)
    GPIOPortH_Handler                        0x00000283   Thumb Code     0  startup.o(RESET)
    GPIOPortJ_Handler                        0x00000283   Thumb Code     0  startup.o(RESET)
    GPIOPortK_Handler                        0x00000283   Thumb Code     0  startup.o(RESET)
    GPIOPortL_Handler                        0x00000283   Thumb Code     0  startup.o(RESET)
    GPIOPortM_Handler                        0x00000283   Thumb Code     0  startup.o(RESET)
    GPIOPortN_Handler                        0x00000283   Thumb Code     0  startup.o(RESET)
    GPIOPortP1_Handler                       0x00000283   Thumb Code     0  startup.o(RESET)
    GPIOPortP2_Handler                       0x00000283   Thumb Code     0  startup.o(RESET)
    GPIOPortP3_Handler                       0x00000283   Thumb Code     0  startup.o(RESET)
    GPIOPortP4_Handler                       0x00000283   Thumb Code     0  startup.o(RESET)
    GPIOPortP5_Handler                       0x00000283   Thumb Code     0  startup.o(RESET)
    GPIOPortP6_Handler                       0x00000283   Thumb Code     0  startup.o(RESET)
    GPIOPortP7_Handler                       0x00000283   Thumb Code     0  startup.o(RESET)
    GPIOPortP_Handler                        0x00000283   Thumb Code     0  startup.o(RESET)
    GPIOPortQ1_Handler                       0x00000283   Thumb Code     0  startup.o(RESET)
    GPIOPortQ2_Handler                       0x00000283   Thumb Code     0  startup.o(RESET)
    GPIOPortQ3_Handler                       0x00000283   Thumb Code     0  startup.o(RESET)
    GPIOPortQ4_Handler                       0x00000283   Thumb Code     0  startup.o(RESET)
    GPIOPortQ5_Handler                       0x00000283   Thumb Code     0  startup.o(RESET)
    GPIOPortQ6_Handler                       0x00000283   Thumb Code     0  startup.o(RESET)
    GPIOPortQ7_Handler                       0x00000283   Thumb Code     0  startup.o(RESET)
    GPIOPortQ_Handler                        0x00000283   Thumb Code     0  startup.o(RESET)
    GPIOPortR_Handler                        0x00000283   Thumb Code     0  startup.o(RESET)
    GPIOPortS_Handler                        0x00000283   Thumb Code     0  startup.o(RESET)
    Hibernate_Handler                        0x00000283   Thumb Code     0  startup.o(RESET)
    I2C0_Handler                             0x00000283   Thumb Code     0  startup.o(RESET)
    I2C1_Handler                             0x00000283   Thumb Code     0  startup.o(RESET)
    I2C2_Handler                             0x00000283   Thumb Code     0  startup.o(RESET)
    I2C3_Handler                             0x00000283   Thumb Code     0  startup.o(RESET)
    I2C4_Handler                             0x00000283   Thumb Code     0  startup.o(RESET)
    I2C5_Handler                             0x00000283   Thumb Code     0  startup.o(RESET)
    I2S0_Handler                             0x00000283   Thumb Code     0  startup.o(RESET)
    LPC0_Handler                             0x00000283   Thumb Code     0  startup.o(RESET)
    PECI0_Handler                            0x00000283   Thumb Code     0  startup.o(RESET)
    PWM0Fault_Handler                        0x00000283   Thumb Code     0  startup.o(RESET)
    PWM0Generator0_Handler                   0x00000283   Thumb Code     0  startup.o(RESET)
    PWM0Generator1_Handler                   0x00000283   Thumb Code     0  startup.o(RESET)
    PWM0Generator2_Handler                   0x00000283   Thumb Code     0  startup.o(RESET)
    PWM0Generator3_Handler                   0x00000283   Thumb Code     0  startup.o(RESET)
    PWM1Fault_Handler                        0x00000283   Thumb Code     0  startup.o(RESET)
    PWM1Generator0_Handler                   0x00000283   Thumb Code     0  startup.o(RESET)
    PWM1Generator1_Handler                   0x00000283   Thumb Code     0  startup.o(RESET)
    PWM1Generator2_Handler                   0x00000283   Thumb Code     0  startup.o(RESET)
    PWM1Generator3_Handler                   0x00000283   Thumb Code     0  startup.o(RESET)
    Quadrature0_Handler                      0x00000283   Thumb Code     0  startup.o(RESET)
    Quadrature1_Handler                      0x00000283   Thumb Code     0  startup.o(RESET)
    Quadrature2_Handler                      0x00000283   Thumb Code     0  startup.o(RESET)
    SSI0_Handler                             0x00000283   Thumb Code     0  startup.o(RESET)
    SSI1_Handler                             0x00000283   Thumb Code     0  startup.o(RESET)
    SSI2_Handler                             0x00000283   Thumb Code     0  startup.o(RESET)
    SSI3_Handler                             0x00000283   Thumb Code     0  startup.o(RESET)
    SysCtl_Handler                           0x00000283   Thumb Code     0  startup.o(RESET)
    Timer0B_Handler                          0x00000283   Thumb Code     0  startup.o(RESET)
    Timer1B_Handler                          0x00000283   Thumb Code     0  startup.o(RESET)
    Timer2A_Handler                          0x00000283   Thumb Code     0  startup.o(RESET)
    Timer2B_Handler                          0x00000283   Thumb Code     0  startup.o(RESET)
    Timer3A_Handler                          0x00000283   Thumb Code     0  startup.o(RESET)
    Timer3B_Handler                          0x00000283   Thumb Code     0  startup.o(RESET)
    Timer4A_Handler                          0x00000283   Thumb Code     0  startup.o(RESET)
    Timer4B_Handler                          0x00000283   Thumb Code     0  startup.o(RESET)
    Timer5A_Handler                          0x00000283   Thumb Code     0  startup.o(RESET)
    Timer5B_Handler                          0x00000283   Thumb Code     0  startup.o(RESET)
    UART0_Handler                            0x00000283   Thumb Code     0  startup.o(RESET)
    UART1_Handler                            0x00000283   Thumb Code     0  startup.o(RESET)
    UART2_Handler                            0x00000283   Thumb Code     0  startup.o(RESET)
    UART3_Handler                            0x00000283   Thumb Code     0  startup.o(RESET)
    UART4_Handler                            0x00000283   Thumb Code     0  startup.o(RESET)
    UART5_Handler                            0x00000283   Thumb Code     0  startup.o(RESET)
    UART6_Handler                            0x00000283   Thumb Code     0  startup.o(RESET)
    UART7_Handler                            0x00000283   Thumb Code     0  startup.o(RESET)
    USB0_Handler                             0x00000283   Thumb Code     0  startup.o(RESET)
    WDT_Handler                              0x00000283   Thumb Code     0  startup.o(RESET)
    WideTimer0A_Handler                      0x00000283   Thumb Code     0  startup.o(RESET)
    WideTimer0B_Handler                      0x00000283   Thumb Code     0  startup.o(RESET)
    WideTimer1A_Handler                      0x00000283   Thumb Code     0  startup.o(RESET)
    WideTimer1B_Handler                      0x00000283   Thumb Code     0  startup.o(RESET)
    WideTimer2A_Handler                      0x00000283   Thumb Code     0  startup.o(RESET)
    WideTimer2B_Handler                      0x00000283   Thumb Code     0  startup.o(RESET)
    WideTimer3A_Handler                      0x00000283   Thumb Code     0  startup.o(RESET)
    WideTimer3B_Handler                      0x00000283   Thumb Code     0  startup.o(RESET)
    WideTimer4A_Handler                      0x00000283   Thumb Code     0  startup.o(RESET)
    WideTimer4B_Handler                      0x00000283   Thumb Code     0  startup.o(RESET)
    WideTimer5A_Handler                      0x00000283   Thumb Code     0  startup.o(RESET)
    WideTimer5B_Handler                      0x00000283   Thumb Code     0  startup.o(RESET)
    uDMA_Error                               0x00000283   Thumb Code     0  startup.o(RESET)
    uDMA_Handler                             0x00000283   Thumb Code     0  startup.o(RESET)
    __main                                   0x00000285   Thumb Code     8  __main.o(!!!main)
    __scatterload                            0x0000028d   Thumb Code     0  __scatter.o(!!!scatter)
    __scatterload_rt2                        0x0000028d   Thumb Code    44  __scatter.o(!!!scatter)
    __scatterload_rt2_thumb_only             0x0000028d   Thumb Code     0  __scatter.o(!!!scatter)
    __scatterload_null                       0x0000029b   Thumb Code     0  __scatter.o(!!!scatter)
    __scatterload_copy                       0x000002c1   Thumb Code    26  __scatter_copy.o(!!handler_copy)
    __scatterload_zeroinit                   0x000002dd   Thumb Code    28  __scatter_zi.o(!!handler_zi)
    __rt_lib_init                            0x000002f9   Thumb Code     0  libinit.o(.ARM.Collect$$libinit$$00000000)
    __rt_lib_init_alloca_1                   0x000002fb   Thumb Code     0  libinit2.o(.ARM.Collect$$libinit$$0000002C)
    __rt_lib_init_argv_1                     0x000002fb   Thumb Code     0  libinit2.o(.ARM.Collect$$libinit$$0000002A)
    __rt_lib_init_atexit_1                   0x000002fb   Thumb Code     0  libinit2.o(.ARM.Collect$$libinit$$00000019)
    __rt_lib_init_clock_1                    0x000002fb   Thumb Code     0  libinit2.o(.ARM.Collect$$libinit$$0000001F)
    __rt_lib_init_cpp_1                      0x000002fb   Thumb Code     0  libinit2.o(.ARM.Collect$$libinit$$00000030)
    __rt_lib_init_exceptions_1               0x000002fb   Thumb Code     0  libinit2.o(.ARM.Collect$$libinit$$0000002E)
    __rt_lib_init_fp_1                       0x000002fb   Thumb Code     0  libinit2.o(.ARM.Collect$$libinit$$00000002)
    __rt_lib_init_fp_trap_1                  0x000002fb   Thumb Code     0  libinit2.o(.ARM.Collect$$libinit$$0000001D)
    __rt_lib_init_getenv_1                   0x000002fb   Thumb Code     0  libinit2.o(.ARM.Collect$$libinit$$00000021)
    __rt_lib_init_heap_1                     0x000002fb   Thumb Code     0  libinit2.o(.ARM.Collect$$libinit$$00000008)
    __rt_lib_init_lc_collate_1               0x000002fb   Thumb Code     0  libinit2.o(.ARM.Collect$$libinit$$0000000F)
    __rt_lib_init_lc_ctype_1                 0x000002fb   Thumb Code     0  libinit2.o(.ARM.Collect$$libinit$$00000011)
    __rt_lib_init_lc_monetary_1              0x000002fb   Thumb Code     0  libinit2.o(.ARM.Collect$$libinit$$00000013)
    __rt_lib_init_lc_numeric_1               0x000002fb   Thumb Code     0  libinit2.o(.ARM.Collect$$libinit$$00000015)
    __rt_lib_init_lc_time_1                  0x000002fb   Thumb Code     0  libinit2.o(.ARM.Collect$$libinit$$00000017)
    __rt_lib_init_rand_1                     0x000002fb   Thumb Code     0  libinit2.o(.ARM.Collect$$libinit$$0000000C)
    __rt_lib_init_return                     0x000002fb   Thumb Code     0  libinit2.o(.ARM.Collect$$libinit$$00000031)
    __rt_lib_init_signal_1                   0x000002fb   Thumb Code     0  libinit2.o(.ARM.Collect$$libinit$$0000001B)
    __rt_lib_init_stdio_1                    0x000002fb   Thumb Code     0  libinit2.o(.ARM.Collect$$libinit$$00000023)
    __rt_lib_init_user_alloc_1               0x000002fb   Thumb Code     0  libinit2.o(.ARM.Collect$$libinit$$0000000A)
    __rt_lib_shutdown                        0x000002fd   Thumb Code     0  libshutdown.o(.ARM.Collect$$libshutdown$$00000000)
    __rt_lib_shutdown_fp_trap_1              0x000002ff   Thumb Code     0  libshutdown2.o(.ARM.Collect$$libshutdown$$00000006)
    __rt_lib_shutdown_heap_1                 0x000002ff   Thumb Code     0  libshutdown2.o(.ARM.Collect$$libshutdown$$0000000E)
    __rt_lib_shutdown_return                 0x000002ff   Thumb Code     0  libshutdown2.o(.ARM.Collect$$libshutdown$$0000000F)
    __rt_lib_shutdown_signal_1               0x000002ff   Thumb Code     0  libshutdown2.o(.ARM.Collect$$libshutdown$$00000009)
    __rt_lib_shutdown_stdio_1                0x000002ff   Thumb Code     0  libshutdown2.o(.ARM.Collect$$libshutdown$$00000003)
    __rt_lib_shutdown_user_alloc_1           0x000002ff   Thumb Code     0  libshutdown2.o(.ARM.Collect$$libshutdown$$0000000B)
    __rt_entry                               0x00000301   Thumb Code     0  rtentry.o(.ARM.Collect$$rtentry$$00000000)
    __rt_entry_presh_1                       0x00000301   Thumb Code     0  rtentry2.o(.ARM.Collect$$rtentry$$00000002)
    __rt_entry_sh                            0x00000301   Thumb Code     0  rtentry4.o(.ARM.Collect$$rtentry$$00000004)
    __rt_entry_li                            0x00000307   Thumb Code     0  rtentry2.o(.ARM.Collect$$rtentry$$0000000A)
    __rt_entry_postsh_1                      0x00000307   Thumb Code     0  rtentry2.o(.ARM.Collect$$rtentry$$00000009)
    __rt_entry_main                          0x0000030b   Thumb Code     0  rtentry2.o(.ARM.Collect$$rtentry$$0000000D)
    __rt_entry_postli_1                      0x0000030b   Thumb Code     0  rtentry2.o(.ARM.Collect$$rtentry$$0000000C)
    __rt_exit                                0x00000313   Thumb Code     0  rtexit.o(.ARM.Collect$$rtexit$$00000000)
    __rt_exit_ls                             0x00000315   Thumb Code     0  rtexit2.o(.ARM.Collect$$rtexit$$00000003)
    __rt_exit_prels_1                        0x00000315   Thumb Code     0  rtexit2.o(.ARM.Collect$$rtexit$$00000002)
    __rt_exit_exit                           0x00000319   Thumb Code     0  rtexit2.o(.ARM.Collect$$rtexit$$00000004)
    DisableInterrupts                        0x00000321   Thumb Code     0  startup.o(.text)
    EnableInterrupts                         0x00000325   Thumb Code     0  startup.o(.text)
    StartCritical                            0x00000329   Thumb Code     0  startup.o(.text)
    EndCritical                              0x00000331   Thumb Code     0  startup.o(.text)
    WaitForInterrupt                         0x00000337   Thumb Code     0  startup.o(.text)
    __user_initial_stackheap                 0x0000033b   Thumb Code     0  startup.o(.text)
    __use_two_region_memory                  0x00000351   Thumb Code     2  heapauxi.o(.text)
    __rt_heap_escrow$2region                 0x00000353   Thumb Code     2  heapauxi.o(.text)
    __rt_heap_expand$2region                 0x00000355   Thumb Code     2  heapauxi.o(.text)
    __read_errno                             0x00000357   Thumb Code    10  _rserrno.o(.text)
    __set_errno                              0x00000361   Thumb Code    12  _rserrno.o(.text)
    __aeabi_errno_addr                       0x0000036d   Thumb Code     8  rt_errno_addr_intlibspace.o(.text)
    __errno$intlibspace                      0x0000036d   Thumb Code     0  rt_errno_addr_intlibspace.o(.text)
    __rt_errno_addr$intlibspace              0x0000036d   Thumb Code     0  rt_errno_addr_intlibspace.o(.text)
    __user_libspace                          0x00000375   Thumb Code     8  libspace.o(.text)
    __user_perproc_libspace                  0x00000375   Thumb Code     0  libspace.o(.text)
    __user_perthread_libspace                0x00000375   Thumb Code     0  libspace.o(.text)
    __user_setup_stackheap                   0x0000037d   Thumb Code    74  sys_stackheap_outer.o(.text)
    exit                                     0x000003c7   Thumb Code    12  exit.o(.text)
    _sys_exit                                0x000003d5   Thumb Code     8  sys_exit.o(.text)
    __I$use$semihosting                      0x000003e1   Thumb Code     0  use_no_semi.o(.text)
    __use_no_semihosting_swi                 0x000003e1   Thumb Code     2  use_no_semi.o(.text)
    Delay1ms                                 0x000003e3   Thumb Code    32  st7735.o(i.Delay1ms)
    __semihosting_library_function           0x000003e3   Thumb Code     0  indicate_semi.o(.text)
    PLL_Init                                 0x00000405   Thumb Code   118  pll.o(i.PLL_Init)
    ST7735_DrawPixel                         0x00000481   Thumb Code    64  st7735.o(i.ST7735_DrawPixel)
    ST7735_FillRect                          0x000004c9   Thumb Code   164  st7735.o(i.ST7735_FillRect)
    ST7735_FillScreen                        0x00000575   Thumb Code    28  st7735.o(i.ST7735_FillScreen)
    ST7735_InitR                             0x00000599   Thumb Code    90  st7735.o(i.ST7735_InitR)
    ST7735_SetCursor                         0x00000615   Thumb Code    22  st7735.o(i.ST7735_SetCursor)
    SpeakerTask                              0x00000635   Thumb Code    14  switch.o(i.SpeakerTask)
    Start_Speaker                            0x00000649   Thumb Code     8  speaker.o(i.Start_Speaker)
    Timer0A_Handler                          0x00000655   Thumb Code    16  timer0a.o(i.Timer0A_Handler)
    Timer0A_Init                             0x0000066d   Thumb Code    94  timer0a.o(i.Timer0A_Init)
    Timer1A_Handler                          0x000006e1   Thumb Code    16  timer1.o(i.Timer1A_Handler)
    Timer1_Init                              0x000006f9   Thumb Code    64  timer1.o(i.Timer1_Init)
    UserTask                                 0x00000749   Thumb Code     2  main.o(i.UserTask)
    __ARM_fpclassify                         0x0000074b   Thumb Code    40  fpclassify.o(i.__ARM_fpclassify)
    __ieee754_rem_pio2                       0x00000775   Thumb Code   832  rred.o(i.__ieee754_rem_pio2)
    __kernel_cos                             0x00000afd   Thumb Code   230  cos_i.o(i.__kernel_cos)
    __kernel_poly                            0x00000bf9   Thumb Code   170  poly.o(i.__kernel_poly)
    __kernel_sin                             0x00000ca5   Thumb Code   224  sin_i.o(i.__kernel_sin)
    __mathlib_dbl_underflow                  0x00000d91   Thumb Code    10  dunder.o(i.__mathlib_dbl_underflow)
    atan                                     0x00000da1   Thumb Code   478  atan.o(i.atan)
    atan2                                    0x00000fc5   Thumb Code   346  atan2.o(i.atan2)
    atan2Deg                                 0x00001145   Thumb Code    88  math2.o(i.atan2Deg)
    cos                                      0x00001389   Thumb Code   164  cos.o(i.cos)
    cosDeg                                   0x00001435   Thumb Code    46  math2.o(i.cosDeg)
    dist                                     0x00001471   Thumb Code    30  math2.o(i.dist)
    drawCircle                               0x0000148f   Thumb Code   264  draw2d.o(i.drawCircle)
    drawHands                                0x00001597   Thumb Code   164  main.o(i.drawHands)
    drawLine                                 0x0000163b   Thumb Code   160  draw2d.o(i.drawLine)
    fastSqrt                                 0x000016db   Thumb Code    44  math2.o(i.fastSqrt)
    init_lcd                                 0x00001707   Thumb Code    10  main.o(i.init_lcd)
    init_switches                            0x00001711   Thumb Code   234  switch.o(i.init_switches)
    init_timers                              0x00001821   Thumb Code    18  main.o(i.init_timers)
    main                                     0x00001839   Thumb Code   194  main.o(i.main)
    point_new                                0x00001905   Thumb Code    16  math2.o(i.point_new)
    rotPoint                                 0x00001927   Thumb Code   192  math2.o(i.rotPoint)
    roundSho                                 0x000019e9   Thumb Code    70  math2.o(i.roundSho)
    sin                                      0x00001aa9   Thumb Code   166  sin.o(i.sin)
    sinDeg                                   0x00001b59   Thumb Code    46  math2.o(i.sinDeg)
    __aeabi_d2f                              0x00001be5   Thumb Code     0  d2f.o(x$fpl$d2f)
    _d2f                                     0x00001be5   Thumb Code    98  d2f.o(x$fpl$d2f)
    __aeabi_dadd                             0x00001c49   Thumb Code     0  daddsub_clz.o(x$fpl$dadd)
    _dadd                                    0x00001c49   Thumb Code   332  daddsub_clz.o(x$fpl$dadd)
    __fpl_dcheck_NaN1                        0x00001d99   Thumb Code    10  dcheck1.o(x$fpl$dcheck1)
    __aeabi_ddiv                             0x00001da9   Thumb Code     0  ddiv.o(x$fpl$ddiv)
    _ddiv                                    0x00001da9   Thumb Code   552  ddiv.o(x$fpl$ddiv)
    __aeabi_d2iz                             0x00002059   Thumb Code     0  dfix.o(x$fpl$dfix)
    _dfix                                    0x00002059   Thumb Code    94  dfix.o(x$fpl$dfix)
    __aeabi_i2d                              0x000020b7   Thumb Code     0  dflt_clz.o(x$fpl$dflt)
    _dflt                                    0x000020b7   Thumb Code    46  dflt_clz.o(x$fpl$dflt)
    __aeabi_ui2d                             0x000020e5   Thumb Code     0  dflt_clz.o(x$fpl$dfltu)
    _dfltu                                   0x000020e5   Thumb Code    38  dflt_clz.o(x$fpl$dfltu)
    __aeabi_dmul                             0x0000210d   Thumb Code     0  dmul.o(x$fpl$dmul)
    _dmul                                    0x0000210d   Thumb Code   332  dmul.o(x$fpl$dmul)
    __fpl_dnaninf                            0x00002261   Thumb Code   156  dnaninf.o(x$fpl$dnaninf)
    __fpl_dretinf                            0x000022fd   Thumb Code    12  dretinf.o(x$fpl$dretinf)
    __aeabi_drsub                            0x00002309   Thumb Code     0  daddsub_clz.o(x$fpl$drsb)
    _drsb                                    0x00002309   Thumb Code    22  daddsub_clz.o(x$fpl$drsb)
    __aeabi_dsub                             0x00002321   Thumb Code     0  daddsub_clz.o(x$fpl$dsub)
    _dsub                                    0x00002321   Thumb Code   464  daddsub_clz.o(x$fpl$dsub)
    __aeabi_f2d                              0x000024f5   Thumb Code     0  f2d.o(x$fpl$f2d)
    _f2d                                     0x000024f5   Thumb Code    86  f2d.o(x$fpl$f2d)
    __aeabi_fadd                             0x0000254d   Thumb Code     0  faddsub_clz.o(x$fpl$fadd)
    _fadd                                    0x0000254d   Thumb Code   196  faddsub_clz.o(x$fpl$fadd)
    __fpl_fcmp_Inf                           0x00002611   Thumb Code    24  fcmpi.o(x$fpl$fcmpinf)
    __aeabi_f2iz                             0x00002629   Thumb Code     0  ffix.o(x$fpl$ffix)
    _ffix                                    0x00002629   Thumb Code    54  ffix.o(x$fpl$ffix)
    __aeabi_i2f                              0x00002661   Thumb Code     0  fflt_clz.o(x$fpl$fflt)
    _fflt                                    0x00002661   Thumb Code    48  fflt_clz.o(x$fpl$fflt)
    __aeabi_ui2f                             0x00002691   Thumb Code     0  fflt_clz.o(x$fpl$ffltu)
    _ffltu                                   0x00002691   Thumb Code    38  fflt_clz.o(x$fpl$ffltu)
    __aeabi_cfcmple                          0x000026b9   Thumb Code     0  fleqf.o(x$fpl$fleqf)
    _fcmple                                  0x000026b9   Thumb Code   104  fleqf.o(x$fpl$fleqf)
    __fpl_fcmple_InfNaN                      0x0000270b   Thumb Code     0  fleqf.o(x$fpl$fleqf)
    __aeabi_fmul                             0x00002721   Thumb Code     0  fmul.o(x$fpl$fmul)
    _fmul                                    0x00002721   Thumb Code   258  fmul.o(x$fpl$fmul)
    __fpl_fnaninf                            0x00002823   Thumb Code   140  fnaninf.o(x$fpl$fnaninf)
    __fpl_fretinf                            0x000028af   Thumb Code    10  fretinf.o(x$fpl$fretinf)
    __aeabi_frsub                            0x000028b9   Thumb Code     0  faddsub_clz.o(x$fpl$frsb)
    _frsb                                    0x000028b9   Thumb Code    20  faddsub_clz.o(x$fpl$frsb)
    __aeabi_fsub                             0x000028cd   Thumb Code     0  faddsub_clz.o(x$fpl$fsub)
    _fsub                                    0x000028cd   Thumb Code   234  faddsub_clz.o(x$fpl$fsub)
    __fpl_return_NaN                         0x000029b7   Thumb Code   100  retnan.o(x$fpl$retnan)
    __ARM_scalbn                             0x00002a1b   Thumb Code    92  scalbn.o(x$fpl$scalbn)
    __fpl_cmpreturn                          0x00002a77   Thumb Code    48  trapv.o(x$fpl$trapveneer)
    __I$use$fp                               0x00002aa6   Number         0  usenofp.o(x$fpl$usenofp)
    dBfs                                     0x00003088   Data         512  st7735.o(.constdata)
    __mathlib_zero                           0x00003350   Data           8  qnan.o(.constdata)
    Region$$Table$$Base                      0x00003448   Number         0  anon$$obj.o(Region$$Table)
    Region$$Table$$Limit                     0x00003468   Number         0  anon$$obj.o(Region$$Table)
    StX                                      0x20000000   Data           4  st7735.o(.data)
    StY                                      0x20000004   Data           4  st7735.o(.data)
    StTextColor                              0x20000008   Data           2  st7735.o(.data)
    lastj                                    0x20000010   Data           4  st7735.o(.data)
    Messageindex                             0x20000018   Data           4  st7735.o(.data)
    Ymax                                     0x2000001c   Data           4  st7735.o(.data)
    Ymin                                     0x20000020   Data           4  st7735.o(.data)
    X                                        0x20000024   Data           4  st7735.o(.data)
    Yrange                                   0x20000028   Data           4  st7735.o(.data)
    PeriodicTask                             0x2000002c   Data           4  timer1.o(.data)
    COLORS                                   0x20000030   Data          14  main.o(.data)
    PeriodicTask0                            0x20000044   Data           4  timer0a.o(.data)
    __libspace_start                         0x20000048   Data          96  libspace.o(.bss)
    __temporary_stack_top$libspace           0x200000a8   Data           0  libspace.o(.bss)



==============================================================================

Memory Map of the image

  Image Entry point : 0x0000026d

  Load Region LR_1 (Base: 0x00000000, Size: 0x000034b0, Max: 0xffffffff, ABSOLUTE)

    Execution Region ER_RO (Base: 0x00000000, Size: 0x00003468, Max: 0xffffffff, ABSOLUTE)

    Base Addr    Size         Type   Attr      Idx    E Section Name        Object

    0x00000000   0x00000284   Code   RO            3  * RESET               startup.o
    0x00000284   0x00000008   Code   RO          828  * !!!main             c_w.l(__main.o)
    0x0000028c   0x00000034   Code   RO         1169    !!!scatter          c_w.l(__scatter.o)
    0x000002c0   0x0000001a   Code   RO         1171    !!handler_copy      c_w.l(__scatter_copy.o)
    0x000002da   0x00000002   PAD
    0x000002dc   0x0000001c   Code   RO         1173    !!handler_zi        c_w.l(__scatter_zi.o)
    0x000002f8   0x00000002   Code   RO         1035    .ARM.Collect$$libinit$$00000000  c_w.l(libinit.o)
    0x000002fa   0x00000000   Code   RO         1047    .ARM.Collect$$libinit$$00000002  c_w.l(libinit2.o)
    0x000002fa   0x00000000   Code   RO         1050    .ARM.Collect$$libinit$$00000008  c_w.l(libinit2.o)
    0x000002fa   0x00000000   Code   RO         1052    .ARM.Collect$$libinit$$0000000A  c_w.l(libinit2.o)
    0x000002fa   0x00000000   Code   RO         1054    .ARM.Collect$$libinit$$0000000C  c_w.l(libinit2.o)
    0x000002fa   0x00000000   Code   RO         1057    .ARM.Collect$$libinit$$0000000F  c_w.l(libinit2.o)
    0x000002fa   0x00000000   Code   RO         1059    .ARM.Collect$$libinit$$00000011  c_w.l(libinit2.o)
    0x000002fa   0x00000000   Code   RO         1061    .ARM.Collect$$libinit$$00000013  c_w.l(libinit2.o)
    0x000002fa   0x00000000   Code   RO         1063    .ARM.Collect$$libinit$$00000015  c_w.l(libinit2.o)
    0x000002fa   0x00000000   Code   RO         1065    .ARM.Collect$$libinit$$00000017  c_w.l(libinit2.o)
    0x000002fa   0x00000000   Code   RO         1067    .ARM.Collect$$libinit$$00000019  c_w.l(libinit2.o)
    0x000002fa   0x00000000   Code   RO         1069    .ARM.Collect$$libinit$$0000001B  c_w.l(libinit2.o)
    0x000002fa   0x00000000   Code   RO         1071    .ARM.Collect$$libinit$$0000001D  c_w.l(libinit2.o)
    0x000002fa   0x00000000   Code   RO         1073    .ARM.Collect$$libinit$$0000001F  c_w.l(libinit2.o)
    0x000002fa   0x00000000   Code   RO         1075    .ARM.Collect$$libinit$$00000021  c_w.l(libinit2.o)
    0x000002fa   0x00000000   Code   RO         1077    .ARM.Collect$$libinit$$00000023  c_w.l(libinit2.o)
    0x000002fa   0x00000000   Code   RO         1081    .ARM.Collect$$libinit$$0000002A  c_w.l(libinit2.o)
    0x000002fa   0x00000000   Code   RO         1083    .ARM.Collect$$libinit$$0000002C  c_w.l(libinit2.o)
    0x000002fa   0x00000000   Code   RO         1085    .ARM.Collect$$libinit$$0000002E  c_w.l(libinit2.o)
    0x000002fa   0x00000000   Code   RO         1087    .ARM.Collect$$libinit$$00000030  c_w.l(libinit2.o)
    0x000002fa   0x00000002   Code   RO         1088    .ARM.Collect$$libinit$$00000031  c_w.l(libinit2.o)
    0x000002fc   0x00000002   Code   RO         1120    .ARM.Collect$$libshutdown$$00000000  c_w.l(libshutdown.o)
    0x000002fe   0x00000000   Code   RO         1138    .ARM.Collect$$libshutdown$$00000003  c_w.l(libshutdown2.o)
    0x000002fe   0x00000000   Code   RO         1141    .ARM.Collect$$libshutdown$$00000006  c_w.l(libshutdown2.o)
    0x000002fe   0x00000000   Code   RO         1144    .ARM.Collect$$libshutdown$$00000009  c_w.l(libshutdown2.o)
    0x000002fe   0x00000000   Code   RO         1146    .ARM.Collect$$libshutdown$$0000000B  c_w.l(libshutdown2.o)
    0x000002fe   0x00000000   Code   RO         1149    .ARM.Collect$$libshutdown$$0000000E  c_w.l(libshutdown2.o)
    0x000002fe   0x00000002   Code   RO         1150    .ARM.Collect$$libshutdown$$0000000F  c_w.l(libshutdown2.o)
    0x00000300   0x00000000   Code   RO          928    .ARM.Collect$$rtentry$$00000000  c_w.l(rtentry.o)
    0x00000300   0x00000000   Code   RO          992    .ARM.Collect$$rtentry$$00000002  c_w.l(rtentry2.o)
    0x00000300   0x00000006   Code   RO         1004    .ARM.Collect$$rtentry$$00000004  c_w.l(rtentry4.o)
    0x00000306   0x00000000   Code   RO          994    .ARM.Collect$$rtentry$$00000009  c_w.l(rtentry2.o)
    0x00000306   0x00000004   Code   RO          995    .ARM.Collect$$rtentry$$0000000A  c_w.l(rtentry2.o)
    0x0000030a   0x00000000   Code   RO          997    .ARM.Collect$$rtentry$$0000000C  c_w.l(rtentry2.o)
    0x0000030a   0x00000008   Code   RO          998    .ARM.Collect$$rtentry$$0000000D  c_w.l(rtentry2.o)
    0x00000312   0x00000002   Code   RO         1040    .ARM.Collect$$rtexit$$00000000  c_w.l(rtexit.o)
    0x00000314   0x00000000   Code   RO         1092    .ARM.Collect$$rtexit$$00000002  c_w.l(rtexit2.o)
    0x00000314   0x00000004   Code   RO         1093    .ARM.Collect$$rtexit$$00000003  c_w.l(rtexit2.o)
    0x00000318   0x00000006   Code   RO         1094    .ARM.Collect$$rtexit$$00000004  c_w.l(rtexit2.o)
    0x0000031e   0x00000002   PAD
    0x00000320   0x00000030   Code   RO            4    .text               startup.o
    0x00000350   0x00000006   Code   RO          826    .text               c_w.l(heapauxi.o)
    0x00000356   0x00000016   Code   RO          931    .text               c_w.l(_rserrno.o)
    0x0000036c   0x00000008   Code   RO         1013    .text               c_w.l(rt_errno_addr_intlibspace.o)
    0x00000374   0x00000008   Code   RO         1021    .text               c_w.l(libspace.o)
    0x0000037c   0x0000004a   Code   RO         1024    .text               c_w.l(sys_stackheap_outer.o)
    0x000003c6   0x0000000c   Code   RO         1028    .text               c_w.l(exit.o)
    0x000003d2   0x00000002   PAD
    0x000003d4   0x0000000c   Code   RO         1108    .text               c_w.l(sys_exit.o)
    0x000003e0   0x00000002   Code   RO         1125    .text               c_w.l(use_no_semi.o)
    0x000003e2   0x00000000   Code   RO         1127    .text               c_w.l(indicate_semi.o)
    0x000003e2   0x00000020   Code   RO           94    i.Delay1ms          st7735.o
    0x00000402   0x00000002   PAD
    0x00000404   0x0000007c   Code   RO           12    i.PLL_Init          pll.o
    0x00000480   0x00000048   Code   RO          106    i.ST7735_DrawPixel  st7735.o
    0x000004c8   0x000000ac   Code   RO          108    i.ST7735_FillRect   st7735.o
    0x00000574   0x00000024   Code   RO          109    i.ST7735_FillScreen  st7735.o
    0x00000598   0x0000007c   Code   RO          111    i.ST7735_InitR      st7735.o
    0x00000614   0x00000020   Code   RO          124    i.ST7735_SetCursor  st7735.o
    0x00000634   0x00000014   Code   RO          543    i.SpeakerTask       switch.o
    0x00000648   0x0000000c   Code   RO          522    i.Start_Speaker     speaker.o
    0x00000654   0x00000018   Code   RO          794    i.Timer0A_Handler   timer0a.o
    0x0000066c   0x00000074   Code   RO          795    i.Timer0A_Init      timer0a.o
    0x000006e0   0x00000018   Code   RO          367    i.Timer1A_Handler   timer1.o
    0x000006f8   0x00000050   Code   RO          368    i.Timer1_Init       timer1.o
    0x00000748   0x00000002   Code   RO          430    i.UserTask          main.o
    0x0000074a   0x00000028   Code   RO          961    i.__ARM_fpclassify  m_ws.l(fpclassify.o)
    0x00000772   0x00000002   PAD
    0x00000774   0x00000388   Code   RO          966    i.__ieee754_rem_pio2  m_ws.l(rred.o)
    0x00000afc   0x000000fc   Code   RO          956    i.__kernel_cos      m_ws.l(cos_i.o)
    0x00000bf8   0x000000aa   Code   RO          963    i.__kernel_poly     m_ws.l(poly.o)
    0x00000ca2   0x00000002   PAD
    0x00000ca4   0x000000ec   Code   RO          971    i.__kernel_sin      m_ws.l(sin_i.o)
    0x00000d90   0x00000010   Code   RO          959    i.__mathlib_dbl_underflow  m_ws.l(dunder.o)
    0x00000da0   0x00000224   Code   RO          947    i.atan              m_ws.l(atan.o)
    0x00000fc4   0x00000180   Code   RO          897    i.atan2             m_ws.l(atan2.o)
    0x00001144   0x00000068   Code   RO          659    i.atan2Deg          math2.o
    0x000011ac   0x00000056   Code   RO          128    i.commandList       st7735.o
    0x00001202   0x00000002   PAD
    0x00001204   0x00000184   Code   RO          129    i.commonInit        st7735.o
    0x00001388   0x000000ac   Code   RO          905    i.cos               m_ws.l(cos.o)
    0x00001434   0x0000003c   Code   RO          660    i.cosDeg            math2.o
    0x00001470   0x0000001e   Code   RO          662    i.dist              math2.o
    0x0000148e   0x00000108   Code   RO          631    i.drawCircle        draw2d.o
    0x00001596   0x000000a4   Code   RO          431    i.drawHands         main.o
    0x0000163a   0x000000a0   Code   RO          632    i.drawLine          draw2d.o
    0x000016da   0x0000002c   Code   RO          664    i.fastSqrt          math2.o
    0x00001706   0x0000000a   Code   RO          432    i.init_lcd          main.o
    0x00001710   0x00000110   Code   RO          544    i.init_switches     switch.o
    0x00001820   0x00000018   Code   RO          433    i.init_timers       main.o
    0x00001838   0x000000cc   Code   RO          434    i.main              main.o
    0x00001904   0x00000010   Code   RO          667    i.point_new         math2.o
    0x00001914   0x00000012   Code   RO          134    i.pushColor         st7735.o
    0x00001926   0x000000c0   Code   RO          670    i.rotPoint          math2.o
    0x000019e6   0x00000002   PAD
    0x000019e8   0x0000004c   Code   RO          672    i.roundSho          math2.o
    0x00001a34   0x00000074   Code   RO          135    i.setAddrWindow     st7735.o
    0x00001aa8   0x000000b0   Code   RO          913    i.sin               m_ws.l(sin.o)
    0x00001b58   0x0000003c   Code   RO          675    i.sinDeg            math2.o
    0x00001b94   0x00000030   Code   RO          136    i.writecommand      st7735.o
    0x00001bc4   0x00000020   Code   RO          137    i.writedata         st7735.o
    0x00001be4   0x00000062   Code   RO          830    x$fpl$d2f           fz_ws.l(d2f.o)
    0x00001c46   0x00000002   PAD
    0x00001c48   0x00000150   Code   RO          832    x$fpl$dadd          fz_ws.l(daddsub_clz.o)
    0x00001d98   0x00000010   Code   RO         1015    x$fpl$dcheck1       fz_ws.l(dcheck1.o)
    0x00001da8   0x000002b0   Code   RO          839    x$fpl$ddiv          fz_ws.l(ddiv.o)
    0x00002058   0x0000005e   Code   RO          842    x$fpl$dfix          fz_ws.l(dfix.o)
    0x000020b6   0x0000002e   Code   RO          847    x$fpl$dflt          fz_ws.l(dflt_clz.o)
    0x000020e4   0x00000026   Code   RO          846    x$fpl$dfltu         fz_ws.l(dflt_clz.o)
    0x0000210a   0x00000002   PAD
    0x0000210c   0x00000154   Code   RO          852    x$fpl$dmul          fz_ws.l(dmul.o)
    0x00002260   0x0000009c   Code   RO          933    x$fpl$dnaninf       fz_ws.l(dnaninf.o)
    0x000022fc   0x0000000c   Code   RO          935    x$fpl$dretinf       fz_ws.l(dretinf.o)
    0x00002308   0x00000016   Code   RO          833    x$fpl$drsb          fz_ws.l(daddsub_clz.o)
    0x0000231e   0x00000002   PAD
    0x00002320   0x000001d4   Code   RO          834    x$fpl$dsub          fz_ws.l(daddsub_clz.o)
    0x000024f4   0x00000056   Code   RO          854    x$fpl$f2d           fz_ws.l(f2d.o)
    0x0000254a   0x00000002   PAD
    0x0000254c   0x000000c4   Code   RO          856    x$fpl$fadd          fz_ws.l(faddsub_clz.o)
    0x00002610   0x00000018   Code   RO          937    x$fpl$fcmpinf       fz_ws.l(fcmpi.o)
    0x00002628   0x00000036   Code   RO          862    x$fpl$ffix          fz_ws.l(ffix.o)
    0x0000265e   0x00000002   PAD
    0x00002660   0x00000030   Code   RO          867    x$fpl$fflt          fz_ws.l(fflt_clz.o)
    0x00002690   0x00000026   Code   RO          866    x$fpl$ffltu         fz_ws.l(fflt_clz.o)
    0x000026b6   0x00000002   PAD
    0x000026b8   0x00000068   Code   RO          872    x$fpl$fleqf         fz_ws.l(fleqf.o)
    0x00002720   0x00000102   Code   RO          874    x$fpl$fmul          fz_ws.l(fmul.o)
    0x00002822   0x0000008c   Code   RO          939    x$fpl$fnaninf       fz_ws.l(fnaninf.o)
    0x000028ae   0x0000000a   Code   RO          941    x$fpl$fretinf       fz_ws.l(fretinf.o)
    0x000028b8   0x00000014   Code   RO          857    x$fpl$frsb          fz_ws.l(faddsub_clz.o)
    0x000028cc   0x000000ea   Code   RO          858    x$fpl$fsub          fz_ws.l(faddsub_clz.o)
    0x000029b6   0x00000064   Code   RO         1038    x$fpl$retnan        fz_ws.l(retnan.o)
    0x00002a1a   0x0000005c   Code   RO          943    x$fpl$scalbn        fz_ws.l(scalbn.o)
    0x00002a76   0x00000030   Code   RO         1089    x$fpl$trapveneer    fz_ws.l(trapv.o)
    0x00002aa6   0x00000000   Code   RO          945    x$fpl$usenofp       fz_ws.l(usenofp.o)
    0x00002aa6   0x000007e2   Data   RO          139    .constdata          st7735.o
    0x00003288   0x00000098   Data   RO          948    .constdata          m_ws.l(atan.o)
    0x00003320   0x00000030   Data   RO          957    .constdata          m_ws.l(cos_i.o)
    0x00003350   0x00000008   Data   RO          965    .constdata          m_ws.l(qnan.o)
    0x00003358   0x000000c8   Data   RO          968    .constdata          m_ws.l(rred.o)
    0x00003420   0x00000028   Data   RO          972    .constdata          m_ws.l(sin_i.o)
    0x00003448   0x00000020   Data   RO         1167    Region$$Table       anon$$obj.o


    Execution Region ER_RW (Base: 0x20000000, Size: 0x00000048, Max: 0xffffffff, ABSOLUTE)

    Base Addr    Size         Type   Attr      Idx    E Section Name        Object

    0x20000000   0x0000002c   Data   RW          140    .data               st7735.o
    0x2000002c   0x00000004   Data   RW          369    .data               timer1.o
    0x20000030   0x00000014   Data   RW          435    .data               main.o
    0x20000044   0x00000004   Data   RW          796    .data               timer0a.o


    Execution Region ER_ZI (Base: 0x20000048, Size: 0x00000460, Max: 0xffffffff, ABSOLUTE)

    Base Addr    Size         Type   Attr      Idx    E Section Name        Object

    0x20000048   0x00000060   Zero   RW         1022    .bss                c_w.l(libspace.o)
    0x200000a8   0x00000000   Zero   RW            2    HEAP                startup.o
    0x200000a8   0x00000400   Zero   RW            1    STACK               startup.o


==============================================================================

Image component sizes


      Code (inc. data)   RO Data    RW Data    ZI Data      Debug   Object Name

       424          0          0          0          0       1752   draw2d.o
         0          0          0          0          0        464   fixed.o
       404         16          0         20          0       3288   main.o
       582         50          0          0          0       4601   math2.o
       124          6          0          0          0       4607   pll.o
        12          4          0          0          0        332   speaker.o
      1156        142       2018         44          0       8967   st7735.o
       692        632          0          0       1024        860   startup.o
       292         44          0          0          0       1106   switch.o
       140         30          0          4          0       1513   timer0a.o
       104         24          0          4          0       1195   timer1.o

    ----------------------------------------------------------------------
      3936        948       2050         72       1024      28685   Object Totals
         0          0         32          0          0          0   (incl. Generated)
         6          0          0          0          0          0   (incl. Padding)

    ----------------------------------------------------------------------

      Code (inc. data)   RO Data    RW Data    ZI Data      Debug   Library Member Name

         8          0          0          0          0         68   __main.o
        52          8          0          0          0          0   __scatter.o
        26          0          0          0          0          0   __scatter_copy.o
        28          0          0          0          0          0   __scatter_zi.o
        22          0          0          0          0        100   _rserrno.o
        12          0          0          0          0         72   exit.o
         6          0          0          0          0        152   heapauxi.o
         0          0          0          0          0          0   indicate_semi.o
         2          0          0          0          0          0   libinit.o
         2          0          0          0          0          0   libinit2.o
         2          0          0          0          0          0   libshutdown.o
         2          0          0          0          0          0   libshutdown2.o
         8          4          0          0         96         68   libspace.o
         8          4          0          0          0         68   rt_errno_addr_intlibspace.o
         0          0          0          0          0          0   rtentry.o
        12          0          0          0          0          0   rtentry2.o
         6          0          0          0          0          0   rtentry4.o
         2          0          0          0          0          0   rtexit.o
        10          0          0          0          0          0   rtexit2.o
        12          4          0          0          0         68   sys_exit.o
        74          0          0          0          0         80   sys_stackheap_outer.o
         2          0          0          0          0         68   use_no_semi.o
        98          4          0          0          0         92   d2f.o
       826         16          0          0          0        348   daddsub_clz.o
        16          4          0          0          0         68   dcheck1.o
       688        140          0          0          0        208   ddiv.o
        94          4          0          0          0         92   dfix.o
        84          0          0          0          0        136   dflt_clz.o
       340         12          0          0          0        104   dmul.o
       156          4          0          0          0         92   dnaninf.o
        12          0          0          0          0         68   dretinf.o
        86          4          0          0          0         84   f2d.o
       450          8          0          0          0        236   faddsub_clz.o
        24          0          0          0          0         68   fcmpi.o
        54          4          0          0          0         84   ffix.o
        86          0          0          0          0        136   fflt_clz.o
       104          4          0          0          0         84   fleqf.o
       258          4          0          0          0         84   fmul.o
       140          4          0          0          0         84   fnaninf.o
        10          0          0          0          0         68   fretinf.o
       100          0          0          0          0         68   retnan.o
        92          0          0          0          0         68   scalbn.o
        48          0          0          0          0         68   trapv.o
         0          0          0          0          0          0   usenofp.o
       548         70        152          0          0        124   atan.o
       384         38          0          0          0        144   atan2.o
       172          8          0          0          0        112   cos.o
       252         22         48          0          0        124   cos_i.o
        16          6          0          0          0         68   dunder.o
        40          0          0          0          0         68   fpclassify.o
       170          0          0          0          0         96   poly.o
         0          0          8          0          0          0   qnan.o
       904         72        200          0          0        140   rred.o
       176         10          0          0          0        116   sin.o
       236         12         40          0          0        128   sin_i.o

    ----------------------------------------------------------------------
      6982        470        448          0         96       4204   Library Totals
        22          0          0          0          0          0   (incl. Padding)

    ----------------------------------------------------------------------

      Code (inc. data)   RO Data    RW Data    ZI Data      Debug   Library Name

       296         20          0          0         96        744   c_w.l
      3766        212          0          0          0       2340   fz_ws.l
      2898        238        448          0          0       1120   m_ws.l

    ----------------------------------------------------------------------
      6982        470        448          0         96       4204   Library Totals

    ----------------------------------------------------------------------

==============================================================================


      Code (inc. data)   RO Data    RW Data    ZI Data      Debug   

     10918       1418       2498         72       1120      28937   Grand Totals
     10918       1418       2498         72       1120      28937   ELF Image Totals
     10918       1418       2498         72          0          0   ROM Totals

==============================================================================

    Total RO  Size (Code + RO Data)                13416 (  13.10kB)
    Total RW  Size (RW Data + ZI Data)              1192 (   1.16kB)
    Total ROM Size (Code + RO Data + RW Data)      13488 (  13.17kB)

==============================================================================

